[0.020s] Invoking command in '/home/user/PPO_drone_Gazebo_ROS2/build/sjtu_drone_description': CMAKE_PREFIX_PATH=${CMAKE_PREFIX_PATH}:/opt/ros/jazzy CONDA_PROMPT_MODIFIER=(base) DEBUGINFOD_URLS=https://debuginfod.ubuntu.com /usr/bin/cmake /home/user/PPO_drone_Gazebo_ROS2/src/sjtu_drone/sjtu_drone_description -DCMAKE_INSTALL_PREFIX=/home/user/PPO_drone_Gazebo_ROS2/install/sjtu_drone_description
[0.309s] -- The C compiler identification is GNU 13.3.0
[0.473s] -- The CXX compiler identification is GNU 13.3.0
[0.507s] -- Detecting C compiler ABI info
[0.685s] -- Detecting C compiler ABI info - done
[0.699s] -- Check for working C compiler: /usr/bin/cc - skipped
[0.705s] -- Detecting C compile features
[0.706s] -- Detecting C compile features - done
[0.723s] -- Detecting CXX compiler ABI info
[0.888s] -- Detecting CXX compiler ABI info - done
[0.903s] -- Check for working CXX compiler: /usr/bin/c++ - skipped
[0.903s] -- Detecting CXX compile features
[0.904s] -- Detecting CXX compile features - done
[0.925s] -- Found PkgConfig: /usr/bin/pkg-config (found version "1.8.1") 
[0.971s] -- Found ament_cmake: 2.5.5 (/opt/ros/jazzy/share/ament_cmake/cmake)
[1.210s] -- Found Python3: /usr/bin/python3 (found version "3.12.3") found components: Interpreter 
[1.348s] -- Override CMake install command with custom implementation using symlinks instead of copying resources
[1.467s] -- Found ament_cmake_ros: 0.12.0 (/opt/ros/jazzy/share/ament_cmake_ros/cmake)
[1.507s] -- Found rclcpp: 28.1.16 (/opt/ros/jazzy/share/rclcpp/cmake)
[1.633s] -- Found rosidl_generator_c: 4.6.7 (/opt/ros/jazzy/share/rosidl_generator_c/cmake)
[1.673s] -- Found rosidl_generator_cpp: 4.6.7 (/opt/ros/jazzy/share/rosidl_generator_cpp/cmake)
[1.718s] -- Using all available rosidl_typesupport_c: rosidl_typesupport_fastrtps_c;rosidl_typesupport_introspection_c
[1.765s] -- Using all available rosidl_typesupport_cpp: rosidl_typesupport_fastrtps_cpp;rosidl_typesupport_introspection_cpp
[1.969s] -- Found rmw_implementation_cmake: 7.3.3 (/opt/ros/jazzy/share/rmw_implementation_cmake/cmake)
[1.980s] -- Found rmw_fastrtps_cpp: 8.4.3 (/opt/ros/jazzy/share/rmw_fastrtps_cpp/cmake)
[2.079s] -- Found OpenSSL: /usr/lib/x86_64-linux-gnu/libcrypto.so (found version "3.0.13")  
[2.113s] -- Found FastRTPS: /opt/ros/humble/include (Required is at least version "2.13") 
[2.153s] -- Using RMW implementation 'rmw_fastrtps_cpp' as default
[2.357s] [31mCMake Error at CMakeLists.txt:18 (find_package):
[2.357s]   By not providing "Findgazebo_ros.cmake" in CMAKE_MODULE_PATH this project
[2.357s]   has asked CMake to find a package configuration file provided by
[2.357s]   "gazebo_ros", but CMake did not find one.
[2.357s] 
[2.357s]   Could not find a package configuration file provided by "gazebo_ros" with
[2.358s]   any of the following names:
[2.358s] 
[2.358s]     gazebo_rosConfig.cmake
[2.358s]     gazebo_ros-config.cmake
[2.358s] 
[2.358s]   Add the installation prefix of "gazebo_ros" to CMAKE_PREFIX_PATH or set
[2.359s]   "gazebo_ros_DIR" to a directory containing one of the above files.  If
[2.359s]   "gazebo_ros" provides a separate development package or SDK, be sure it has
[2.359s]   been installed.
[2.359s] 
[2.359s] [0m
[2.359s] -- Configuring incomplete, errors occurred!
[2.375s] Invoked command in '/home/user/PPO_drone_Gazebo_ROS2/build/sjtu_drone_description' returned '1': CMAKE_PREFIX_PATH=${CMAKE_PREFIX_PATH}:/opt/ros/jazzy CONDA_PROMPT_MODIFIER=(base) DEBUGINFOD_URLS=https://debuginfod.ubuntu.com /usr/bin/cmake /home/user/PPO_drone_Gazebo_ROS2/src/sjtu_drone/sjtu_drone_description -DCMAKE_INSTALL_PREFIX=/home/user/PPO_drone_Gazebo_ROS2/install/sjtu_drone_description
