[1.481s] DEBUG:colcon:Command line arguments: ['/usr/bin/colcon', 'build', '--packages-select', 'sjtu_drone_description', 'sjtu_drone_control']
[1.483s] DEBUG:colcon:Parsed command line arguments: Namespace(log_base=None, log_level=None, verb_name='build', build_base='build', install_base='install', merge_install=False, symlink_install=False, test_result_base=None, continue_on_error=False, executor='parallel', parallel_workers=8, event_handlers=None, ignore_user_meta=False, metas=['./colcon.meta'], base_paths=['.'], packages_ignore=None, packages_ignore_regex=None, paths=None, packages_up_to=None, packages_up_to_regex=None, packages_above=None, packages_above_and_dependencies=None, packages_above_depth=None, packages_select_by_dep=None, packages_skip_by_dep=None, packages_skip_up_to=None, packages_select_build_failed=False, packages_skip_build_finished=False, packages_select_test_failures=False, packages_skip_test_passed=False, packages_select=['sjtu_drone_description', 'sjtu_drone_control'], packages_skip=None, packages_select_regex=None, packages_skip_regex=None, packages_start=None, packages_end=None, allow_overriding=[], cmake_args=None, cmake_target=None, cmake_target_skip_unavailable=False, cmake_clean_cache=False, cmake_clean_first=False, cmake_force_configure=False, ament_cmake_args=None, catkin_cmake_args=None, catkin_skip_building_tests=False, mixin_files=None, mixin=None, verb_parser=<colcon_mixin.mixin.mixin_argument.MixinArgumentDecorator object at 0x79bd1e8a36e0>, verb_extension=<colcon_core.verb.build.BuildVerb object at 0x79bd1e9cb920>, main=<bound method BuildVerb.main of <colcon_core.verb.build.BuildVerb object at 0x79bd1e9cb920>>, mixin_verb=('build',))
[1.849s] Level 1:colcon.colcon_core.package_discovery:discover_packages(colcon_meta) check parameters
[1.850s] Level 1:colcon.colcon_core.package_discovery:discover_packages(recursive) check parameters
[1.850s] Level 1:colcon.colcon_core.package_discovery:discover_packages(ignore) check parameters
[1.850s] Level 1:colcon.colcon_core.package_discovery:discover_packages(path) check parameters
[1.851s] Level 1:colcon.colcon_core.package_discovery:discover_packages(colcon_meta) discover
[1.851s] Level 1:colcon.colcon_core.package_discovery:discover_packages(recursive) discover
[1.852s] INFO:colcon.colcon_core.package_discovery:Crawling recursively for packages in '/home/user/PPO_drone_Gazebo_ROS2'
[1.853s] Level 1:colcon.colcon_core.package_identification:_identify(.) by extensions ['ignore', 'ignore_ament_install']
[1.854s] Level 1:colcon.colcon_core.package_identification:_identify(.) by extension 'ignore'
[1.854s] Level 1:colcon.colcon_core.package_identification:_identify(.) by extension 'ignore_ament_install'
[1.855s] Level 1:colcon.colcon_core.package_identification:_identify(.) by extensions ['colcon_pkg']
[1.856s] Level 1:colcon.colcon_core.package_identification:_identify(.) by extension 'colcon_pkg'
[1.857s] Level 1:colcon.colcon_core.package_identification:_identify(.) by extensions ['colcon_meta']
[1.857s] Level 1:colcon.colcon_core.package_identification:_identify(.) by extension 'colcon_meta'
[1.857s] Level 1:colcon.colcon_core.package_identification:_identify(.) by extensions ['ros']
[1.858s] Level 1:colcon.colcon_core.package_identification:_identify(.) by extension 'ros'
[2.092s] Level 1:colcon.colcon_core.package_identification:_identify(.) by extensions ['cmake', 'python']
[2.093s] Level 1:colcon.colcon_core.package_identification:_identify(.) by extension 'cmake'
[2.093s] Level 1:colcon.colcon_core.package_identification:_identify(.) by extension 'python'
[2.094s] Level 1:colcon.colcon_core.package_identification:_identify(.) by extensions ['python_setup_py']
[2.094s] Level 1:colcon.colcon_core.package_identification:_identify(.) by extension 'python_setup_py'
[2.095s] Level 1:colcon.colcon_core.package_identification:_identify(build) by extensions ['ignore', 'ignore_ament_install']
[2.096s] Level 1:colcon.colcon_core.package_identification:_identify(build) by extension 'ignore'
[2.096s] Level 1:colcon.colcon_core.package_identification:_identify(build) ignored
[2.097s] Level 1:colcon.colcon_core.package_identification:_identify(install) by extensions ['ignore', 'ignore_ament_install']
[2.098s] Level 1:colcon.colcon_core.package_identification:_identify(install) by extension 'ignore'
[2.099s] Level 1:colcon.colcon_core.package_identification:_identify(install) ignored
[2.100s] Level 1:colcon.colcon_core.package_identification:_identify(log) by extensions ['ignore', 'ignore_ament_install']
[2.101s] Level 1:colcon.colcon_core.package_identification:_identify(log) by extension 'ignore'
[2.102s] Level 1:colcon.colcon_core.package_identification:_identify(log) ignored
[2.102s] Level 1:colcon.colcon_core.package_identification:_identify(src) by extensions ['ignore', 'ignore_ament_install']
[2.103s] Level 1:colcon.colcon_core.package_identification:_identify(src) by extension 'ignore'
[2.104s] Level 1:colcon.colcon_core.package_identification:_identify(src) by extension 'ignore_ament_install'
[2.104s] Level 1:colcon.colcon_core.package_identification:_identify(src) by extensions ['colcon_pkg']
[2.105s] Level 1:colcon.colcon_core.package_identification:_identify(src) by extension 'colcon_pkg'
[2.105s] Level 1:colcon.colcon_core.package_identification:_identify(src) by extensions ['colcon_meta']
[2.105s] Level 1:colcon.colcon_core.package_identification:_identify(src) by extension 'colcon_meta'
[2.106s] Level 1:colcon.colcon_core.package_identification:_identify(src) by extensions ['ros']
[2.106s] Level 1:colcon.colcon_core.package_identification:_identify(src) by extension 'ros'
[2.108s] Level 1:colcon.colcon_core.package_identification:_identify(src) by extensions ['cmake', 'python']
[2.108s] Level 1:colcon.colcon_core.package_identification:_identify(src) by extension 'cmake'
[2.109s] Level 1:colcon.colcon_core.package_identification:_identify(src) by extension 'python'
[2.109s] Level 1:colcon.colcon_core.package_identification:_identify(src) by extensions ['python_setup_py']
[2.110s] Level 1:colcon.colcon_core.package_identification:_identify(src) by extension 'python_setup_py'
[2.111s] Level 1:colcon.colcon_core.package_identification:_identify(src/drive_drone) by extensions ['ignore', 'ignore_ament_install']
[2.112s] Level 1:colcon.colcon_core.package_identification:_identify(src/drive_drone) by extension 'ignore'
[2.113s] Level 1:colcon.colcon_core.package_identification:_identify(src/drive_drone) by extension 'ignore_ament_install'
[2.114s] Level 1:colcon.colcon_core.package_identification:_identify(src/drive_drone) by extensions ['colcon_pkg']
[2.114s] Level 1:colcon.colcon_core.package_identification:_identify(src/drive_drone) by extension 'colcon_pkg'
[2.115s] Level 1:colcon.colcon_core.package_identification:_identify(src/drive_drone) by extensions ['colcon_meta']
[2.115s] Level 1:colcon.colcon_core.package_identification:_identify(src/drive_drone) by extension 'colcon_meta'
[2.116s] Level 1:colcon.colcon_core.package_identification:_identify(src/drive_drone) by extensions ['ros']
[2.117s] Level 1:colcon.colcon_core.package_identification:_identify(src/drive_drone) by extension 'ros'
[2.138s] DEBUG:colcon.colcon_core.package_identification:Package 'src/drive_drone' with type 'ros.ament_cmake' and name 'drive_drone'
[2.139s] Level 1:colcon.colcon_core.package_identification:_identify(src/mml_python_sim) by extensions ['ignore', 'ignore_ament_install']
[2.140s] Level 1:colcon.colcon_core.package_identification:_identify(src/mml_python_sim) by extension 'ignore'
[2.141s] Level 1:colcon.colcon_core.package_identification:_identify(src/mml_python_sim) by extension 'ignore_ament_install'
[2.141s] Level 1:colcon.colcon_core.package_identification:_identify(src/mml_python_sim) by extensions ['colcon_pkg']
[2.142s] Level 1:colcon.colcon_core.package_identification:_identify(src/mml_python_sim) by extension 'colcon_pkg'
[2.143s] Level 1:colcon.colcon_core.package_identification:_identify(src/mml_python_sim) by extensions ['colcon_meta']
[2.143s] Level 1:colcon.colcon_core.package_identification:_identify(src/mml_python_sim) by extension 'colcon_meta'
[2.143s] Level 1:colcon.colcon_core.package_identification:_identify(src/mml_python_sim) by extensions ['ros']
[2.144s] Level 1:colcon.colcon_core.package_identification:_identify(src/mml_python_sim) by extension 'ros'
[2.145s] Level 1:colcon.colcon_core.package_identification:_identify(src/mml_python_sim) by extensions ['cmake', 'python']
[2.145s] Level 1:colcon.colcon_core.package_identification:_identify(src/mml_python_sim) by extension 'cmake'
[2.146s] Level 1:colcon.colcon_core.package_identification:_identify(src/mml_python_sim) by extension 'python'
[2.146s] Level 1:colcon.colcon_core.package_identification:_identify(src/mml_python_sim) by extensions ['python_setup_py']
[2.147s] Level 1:colcon.colcon_core.package_identification:_identify(src/mml_python_sim) by extension 'python_setup_py'
[2.148s] Level 1:colcon.colcon_core.package_identification:_identify(src/mml_python_sim/README) by extensions ['ignore', 'ignore_ament_install']
[2.149s] Level 1:colcon.colcon_core.package_identification:_identify(src/mml_python_sim/README) by extension 'ignore'
[2.149s] Level 1:colcon.colcon_core.package_identification:_identify(src/mml_python_sim/README) ignored
[2.150s] Level 1:colcon.colcon_core.package_identification:_identify(src/mml_python_sim/__pycache__) by extensions ['ignore', 'ignore_ament_install']
[2.151s] Level 1:colcon.colcon_core.package_identification:_identify(src/mml_python_sim/__pycache__) by extension 'ignore'
[2.152s] Level 1:colcon.colcon_core.package_identification:_identify(src/mml_python_sim/__pycache__) by extension 'ignore_ament_install'
[2.152s] Level 1:colcon.colcon_core.package_identification:_identify(src/mml_python_sim/__pycache__) by extensions ['colcon_pkg']
[2.152s] Level 1:colcon.colcon_core.package_identification:_identify(src/mml_python_sim/__pycache__) by extension 'colcon_pkg'
[2.153s] Level 1:colcon.colcon_core.package_identification:_identify(src/mml_python_sim/__pycache__) by extensions ['colcon_meta']
[2.153s] Level 1:colcon.colcon_core.package_identification:_identify(src/mml_python_sim/__pycache__) by extension 'colcon_meta'
[2.154s] Level 1:colcon.colcon_core.package_identification:_identify(src/mml_python_sim/__pycache__) by extensions ['ros']
[2.154s] Level 1:colcon.colcon_core.package_identification:_identify(src/mml_python_sim/__pycache__) by extension 'ros'
[2.154s] Level 1:colcon.colcon_core.package_identification:_identify(src/mml_python_sim/__pycache__) by extensions ['cmake', 'python']
[2.155s] Level 1:colcon.colcon_core.package_identification:_identify(src/mml_python_sim/__pycache__) by extension 'cmake'
[2.155s] Level 1:colcon.colcon_core.package_identification:_identify(src/mml_python_sim/__pycache__) by extension 'python'
[2.156s] Level 1:colcon.colcon_core.package_identification:_identify(src/mml_python_sim/__pycache__) by extensions ['python_setup_py']
[2.156s] Level 1:colcon.colcon_core.package_identification:_identify(src/mml_python_sim/__pycache__) by extension 'python_setup_py'
[2.157s] Level 1:colcon.colcon_core.package_identification:_identify(src/mml_python_sim/adp) by extensions ['ignore', 'ignore_ament_install']
[2.157s] Level 1:colcon.colcon_core.package_identification:_identify(src/mml_python_sim/adp) by extension 'ignore'
[2.158s] Level 1:colcon.colcon_core.package_identification:_identify(src/mml_python_sim/adp) ignored
[2.159s] Level 1:colcon.colcon_core.package_identification:_identify(src/mml_python_sim/build) by extensions ['ignore', 'ignore_ament_install']
[2.160s] Level 1:colcon.colcon_core.package_identification:_identify(src/mml_python_sim/build) by extension 'ignore'
[2.160s] Level 1:colcon.colcon_core.package_identification:_identify(src/mml_python_sim/build) ignored
[2.160s] Level 1:colcon.colcon_core.package_identification:_identify(src/mml_python_sim/env_images) by extensions ['ignore', 'ignore_ament_install']
[2.161s] Level 1:colcon.colcon_core.package_identification:_identify(src/mml_python_sim/env_images) by extension 'ignore'
[2.163s] Level 1:colcon.colcon_core.package_identification:_identify(src/mml_python_sim/env_images) ignored
[2.163s] Level 1:colcon.colcon_core.package_identification:_identify(src/mml_python_sim/environments) by extensions ['ignore', 'ignore_ament_install']
[2.164s] Level 1:colcon.colcon_core.package_identification:_identify(src/mml_python_sim/environments) by extension 'ignore'
[2.164s] Level 1:colcon.colcon_core.package_identification:_identify(src/mml_python_sim/environments) ignored
[2.165s] Level 1:colcon.colcon_core.package_identification:_identify(src/mml_python_sim/install) by extensions ['ignore', 'ignore_ament_install']
[2.166s] Level 1:colcon.colcon_core.package_identification:_identify(src/mml_python_sim/install) by extension 'ignore'
[2.167s] Level 1:colcon.colcon_core.package_identification:_identify(src/mml_python_sim/install) ignored
[2.168s] Level 1:colcon.colcon_core.package_identification:_identify(src/mml_python_sim/log) by extensions ['ignore', 'ignore_ament_install']
[2.169s] Level 1:colcon.colcon_core.package_identification:_identify(src/mml_python_sim/log) by extension 'ignore'
[2.170s] Level 1:colcon.colcon_core.package_identification:_identify(src/mml_python_sim/log) ignored
[2.170s] Level 1:colcon.colcon_core.package_identification:_identify(src/mml_python_sim/logs) by extensions ['ignore', 'ignore_ament_install']
[2.171s] Level 1:colcon.colcon_core.package_identification:_identify(src/mml_python_sim/logs) by extension 'ignore'
[2.172s] Level 1:colcon.colcon_core.package_identification:_identify(src/mml_python_sim/logs) by extension 'ignore_ament_install'
[2.173s] Level 1:colcon.colcon_core.package_identification:_identify(src/mml_python_sim/logs) by extensions ['colcon_pkg']
[2.173s] Level 1:colcon.colcon_core.package_identification:_identify(src/mml_python_sim/logs) by extension 'colcon_pkg'
[2.173s] Level 1:colcon.colcon_core.package_identification:_identify(src/mml_python_sim/logs) by extensions ['colcon_meta']
[2.174s] Level 1:colcon.colcon_core.package_identification:_identify(src/mml_python_sim/logs) by extension 'colcon_meta'
[2.174s] Level 1:colcon.colcon_core.package_identification:_identify(src/mml_python_sim/logs) by extensions ['ros']
[2.174s] Level 1:colcon.colcon_core.package_identification:_identify(src/mml_python_sim/logs) by extension 'ros'
[2.175s] Level 1:colcon.colcon_core.package_identification:_identify(src/mml_python_sim/logs) by extensions ['cmake', 'python']
[2.175s] Level 1:colcon.colcon_core.package_identification:_identify(src/mml_python_sim/logs) by extension 'cmake'
[2.176s] Level 1:colcon.colcon_core.package_identification:_identify(src/mml_python_sim/logs) by extension 'python'
[2.176s] Level 1:colcon.colcon_core.package_identification:_identify(src/mml_python_sim/logs) by extensions ['python_setup_py']
[2.176s] Level 1:colcon.colcon_core.package_identification:_identify(src/mml_python_sim/logs) by extension 'python_setup_py'
[2.177s] Level 1:colcon.colcon_core.package_identification:_identify(src/mml_python_sim/logs_recurrent) by extensions ['ignore', 'ignore_ament_install']
[2.178s] Level 1:colcon.colcon_core.package_identification:_identify(src/mml_python_sim/logs_recurrent) by extension 'ignore'
[2.178s] Level 1:colcon.colcon_core.package_identification:_identify(src/mml_python_sim/logs_recurrent) by extension 'ignore_ament_install'
[2.179s] Level 1:colcon.colcon_core.package_identification:_identify(src/mml_python_sim/logs_recurrent) by extensions ['colcon_pkg']
[2.179s] Level 1:colcon.colcon_core.package_identification:_identify(src/mml_python_sim/logs_recurrent) by extension 'colcon_pkg'
[2.180s] Level 1:colcon.colcon_core.package_identification:_identify(src/mml_python_sim/logs_recurrent) by extensions ['colcon_meta']
[2.180s] Level 1:colcon.colcon_core.package_identification:_identify(src/mml_python_sim/logs_recurrent) by extension 'colcon_meta'
[2.180s] Level 1:colcon.colcon_core.package_identification:_identify(src/mml_python_sim/logs_recurrent) by extensions ['ros']
[2.181s] Level 1:colcon.colcon_core.package_identification:_identify(src/mml_python_sim/logs_recurrent) by extension 'ros'
[2.181s] Level 1:colcon.colcon_core.package_identification:_identify(src/mml_python_sim/logs_recurrent) by extensions ['cmake', 'python']
[2.182s] Level 1:colcon.colcon_core.package_identification:_identify(src/mml_python_sim/logs_recurrent) by extension 'cmake'
[2.182s] Level 1:colcon.colcon_core.package_identification:_identify(src/mml_python_sim/logs_recurrent) by extension 'python'
[2.183s] Level 1:colcon.colcon_core.package_identification:_identify(src/mml_python_sim/logs_recurrent) by extensions ['python_setup_py']
[2.183s] Level 1:colcon.colcon_core.package_identification:_identify(src/mml_python_sim/logs_recurrent) by extension 'python_setup_py'
[2.184s] Level 1:colcon.colcon_core.package_identification:_identify(src/mml_python_sim/models) by extensions ['ignore', 'ignore_ament_install']
[2.185s] Level 1:colcon.colcon_core.package_identification:_identify(src/mml_python_sim/models) by extension 'ignore'
[2.186s] Level 1:colcon.colcon_core.package_identification:_identify(src/mml_python_sim/models) ignored
[2.186s] Level 1:colcon.colcon_core.package_identification:_identify(src/mml_python_sim/models_offline) by extensions ['ignore', 'ignore_ament_install']
[2.188s] Level 1:colcon.colcon_core.package_identification:_identify(src/mml_python_sim/models_offline) by extension 'ignore'
[2.188s] Level 1:colcon.colcon_core.package_identification:_identify(src/mml_python_sim/models_offline) ignored
[2.190s] Level 1:colcon.colcon_core.package_identification:_identify(src/mml_python_sim/models_recurrent) by extensions ['ignore', 'ignore_ament_install']
[2.191s] Level 1:colcon.colcon_core.package_identification:_identify(src/mml_python_sim/models_recurrent) by extension 'ignore'
[2.191s] Level 1:colcon.colcon_core.package_identification:_identify(src/mml_python_sim/models_recurrent) ignored
[2.192s] Level 1:colcon.colcon_core.package_identification:_identify(src/mml_python_sim/pdf_resource) by extensions ['ignore', 'ignore_ament_install']
[2.193s] Level 1:colcon.colcon_core.package_identification:_identify(src/mml_python_sim/pdf_resource) by extension 'ignore'
[2.194s] Level 1:colcon.colcon_core.package_identification:_identify(src/mml_python_sim/pdf_resource) ignored
[2.195s] Level 1:colcon.colcon_core.package_identification:_identify(src/mml_python_sim/scripts) by extensions ['ignore', 'ignore_ament_install']
[2.196s] Level 1:colcon.colcon_core.package_identification:_identify(src/mml_python_sim/scripts) by extension 'ignore'
[2.197s] Level 1:colcon.colcon_core.package_identification:_identify(src/mml_python_sim/scripts) ignored
[2.197s] Level 1:colcon.colcon_core.package_identification:_identify(src/mml_python_sim/simulation_utils) by extensions ['ignore', 'ignore_ament_install']
[2.198s] Level 1:colcon.colcon_core.package_identification:_identify(src/mml_python_sim/simulation_utils) by extension 'ignore'
[2.199s] Level 1:colcon.colcon_core.package_identification:_identify(src/mml_python_sim/simulation_utils) ignored
[2.199s] Level 1:colcon.colcon_core.package_identification:_identify(src/mml_python_sim/src) by extensions ['ignore', 'ignore_ament_install']
[2.200s] Level 1:colcon.colcon_core.package_identification:_identify(src/mml_python_sim/src) by extension 'ignore'
[2.201s] Level 1:colcon.colcon_core.package_identification:_identify(src/mml_python_sim/src) by extension 'ignore_ament_install'
[2.202s] Level 1:colcon.colcon_core.package_identification:_identify(src/mml_python_sim/src) by extensions ['colcon_pkg']
[2.202s] Level 1:colcon.colcon_core.package_identification:_identify(src/mml_python_sim/src) by extension 'colcon_pkg'
[2.203s] Level 1:colcon.colcon_core.package_identification:_identify(src/mml_python_sim/src) by extensions ['colcon_meta']
[2.203s] Level 1:colcon.colcon_core.package_identification:_identify(src/mml_python_sim/src) by extension 'colcon_meta'
[2.204s] Level 1:colcon.colcon_core.package_identification:_identify(src/mml_python_sim/src) by extensions ['ros']
[2.204s] Level 1:colcon.colcon_core.package_identification:_identify(src/mml_python_sim/src) by extension 'ros'
[2.205s] Level 1:colcon.colcon_core.package_identification:_identify(src/mml_python_sim/src) by extensions ['cmake', 'python']
[2.205s] Level 1:colcon.colcon_core.package_identification:_identify(src/mml_python_sim/src) by extension 'cmake'
[2.206s] Level 1:colcon.colcon_core.package_identification:_identify(src/mml_python_sim/src) by extension 'python'
[2.206s] Level 1:colcon.colcon_core.package_identification:_identify(src/mml_python_sim/src) by extensions ['python_setup_py']
[2.206s] Level 1:colcon.colcon_core.package_identification:_identify(src/mml_python_sim/src) by extension 'python_setup_py'
[2.207s] Level 1:colcon.colcon_core.package_identification:_identify(src/mml_python_sim/src/mml_guidance) by extensions ['ignore', 'ignore_ament_install']
[2.208s] Level 1:colcon.colcon_core.package_identification:_identify(src/mml_python_sim/src/mml_guidance) by extension 'ignore'
[2.209s] Level 1:colcon.colcon_core.package_identification:_identify(src/mml_python_sim/src/mml_guidance) by extension 'ignore_ament_install'
[2.209s] Level 1:colcon.colcon_core.package_identification:_identify(src/mml_python_sim/src/mml_guidance) by extensions ['colcon_pkg']
[2.210s] Level 1:colcon.colcon_core.package_identification:_identify(src/mml_python_sim/src/mml_guidance) by extension 'colcon_pkg'
[2.210s] Level 1:colcon.colcon_core.package_identification:_identify(src/mml_python_sim/src/mml_guidance) by extensions ['colcon_meta']
[2.211s] Level 1:colcon.colcon_core.package_identification:_identify(src/mml_python_sim/src/mml_guidance) by extension 'colcon_meta'
[2.211s] Level 1:colcon.colcon_core.package_identification:_identify(src/mml_python_sim/src/mml_guidance) by extensions ['ros']
[2.212s] Level 1:colcon.colcon_core.package_identification:_identify(src/mml_python_sim/src/mml_guidance) by extension 'ros'
[2.217s] DEBUG:colcon.colcon_core.package_identification:Package 'src/mml_python_sim/src/mml_guidance' with type 'ros.ament_python' and name 'mml_guidance'
[2.218s] Level 1:colcon.colcon_core.package_identification:_identify(src/mml_python_sim/training) by extensions ['ignore', 'ignore_ament_install']
[2.219s] Level 1:colcon.colcon_core.package_identification:_identify(src/mml_python_sim/training) by extension 'ignore'
[2.220s] Level 1:colcon.colcon_core.package_identification:_identify(src/mml_python_sim/training) ignored
[2.221s] Level 1:colcon.colcon_core.package_identification:_identify(src/sjtu_drone) by extensions ['ignore', 'ignore_ament_install']
[2.222s] Level 1:colcon.colcon_core.package_identification:_identify(src/sjtu_drone) by extension 'ignore'
[2.223s] Level 1:colcon.colcon_core.package_identification:_identify(src/sjtu_drone) by extension 'ignore_ament_install'
[2.224s] Level 1:colcon.colcon_core.package_identification:_identify(src/sjtu_drone) by extensions ['colcon_pkg']
[2.224s] Level 1:colcon.colcon_core.package_identification:_identify(src/sjtu_drone) by extension 'colcon_pkg'
[2.225s] Level 1:colcon.colcon_core.package_identification:_identify(src/sjtu_drone) by extensions ['colcon_meta']
[2.225s] Level 1:colcon.colcon_core.package_identification:_identify(src/sjtu_drone) by extension 'colcon_meta'
[2.226s] Level 1:colcon.colcon_core.package_identification:_identify(src/sjtu_drone) by extensions ['ros']
[2.226s] Level 1:colcon.colcon_core.package_identification:_identify(src/sjtu_drone) by extension 'ros'
[2.227s] Level 1:colcon.colcon_core.package_identification:_identify(src/sjtu_drone) by extensions ['cmake', 'python']
[2.227s] Level 1:colcon.colcon_core.package_identification:_identify(src/sjtu_drone) by extension 'cmake'
[2.228s] Level 1:colcon.colcon_core.package_identification:_identify(src/sjtu_drone) by extension 'python'
[2.229s] Level 1:colcon.colcon_core.package_identification:_identify(src/sjtu_drone) by extensions ['python_setup_py']
[2.229s] Level 1:colcon.colcon_core.package_identification:_identify(src/sjtu_drone) by extension 'python_setup_py'
[2.230s] Level 1:colcon.colcon_core.package_identification:_identify(src/sjtu_drone/imgs) by extensions ['ignore', 'ignore_ament_install']
[2.231s] Level 1:colcon.colcon_core.package_identification:_identify(src/sjtu_drone/imgs) by extension 'ignore'
[2.232s] Level 1:colcon.colcon_core.package_identification:_identify(src/sjtu_drone/imgs) by extension 'ignore_ament_install'
[2.233s] Level 1:colcon.colcon_core.package_identification:_identify(src/sjtu_drone/imgs) by extensions ['colcon_pkg']
[2.233s] Level 1:colcon.colcon_core.package_identification:_identify(src/sjtu_drone/imgs) by extension 'colcon_pkg'
[2.234s] Level 1:colcon.colcon_core.package_identification:_identify(src/sjtu_drone/imgs) by extensions ['colcon_meta']
[2.234s] Level 1:colcon.colcon_core.package_identification:_identify(src/sjtu_drone/imgs) by extension 'colcon_meta'
[2.235s] Level 1:colcon.colcon_core.package_identification:_identify(src/sjtu_drone/imgs) by extensions ['ros']
[2.235s] Level 1:colcon.colcon_core.package_identification:_identify(src/sjtu_drone/imgs) by extension 'ros'
[2.236s] Level 1:colcon.colcon_core.package_identification:_identify(src/sjtu_drone/imgs) by extensions ['cmake', 'python']
[2.236s] Level 1:colcon.colcon_core.package_identification:_identify(src/sjtu_drone/imgs) by extension 'cmake'
[2.237s] Level 1:colcon.colcon_core.package_identification:_identify(src/sjtu_drone/imgs) by extension 'python'
[2.238s] Level 1:colcon.colcon_core.package_identification:_identify(src/sjtu_drone/imgs) by extensions ['python_setup_py']
[2.238s] Level 1:colcon.colcon_core.package_identification:_identify(src/sjtu_drone/imgs) by extension 'python_setup_py'
[2.239s] Level 1:colcon.colcon_core.package_identification:_identify(src/sjtu_drone/sjtu_drone_bringup) by extensions ['ignore', 'ignore_ament_install']
[2.240s] Level 1:colcon.colcon_core.package_identification:_identify(src/sjtu_drone/sjtu_drone_bringup) by extension 'ignore'
[2.241s] Level 1:colcon.colcon_core.package_identification:_identify(src/sjtu_drone/sjtu_drone_bringup) by extension 'ignore_ament_install'
[2.242s] Level 1:colcon.colcon_core.package_identification:_identify(src/sjtu_drone/sjtu_drone_bringup) by extensions ['colcon_pkg']
[2.242s] Level 1:colcon.colcon_core.package_identification:_identify(src/sjtu_drone/sjtu_drone_bringup) by extension 'colcon_pkg'
[2.242s] Level 1:colcon.colcon_core.package_identification:_identify(src/sjtu_drone/sjtu_drone_bringup) by extensions ['colcon_meta']
[2.243s] Level 1:colcon.colcon_core.package_identification:_identify(src/sjtu_drone/sjtu_drone_bringup) by extension 'colcon_meta'
[2.243s] Level 1:colcon.colcon_core.package_identification:_identify(src/sjtu_drone/sjtu_drone_bringup) by extensions ['ros']
[2.244s] Level 1:colcon.colcon_core.package_identification:_identify(src/sjtu_drone/sjtu_drone_bringup) by extension 'ros'
[2.252s] DEBUG:colcon.colcon_core.package_identification:Package 'src/sjtu_drone/sjtu_drone_bringup' with type 'ros.ament_python' and name 'sjtu_drone_bringup'
[2.253s] Level 1:colcon.colcon_core.package_identification:_identify(src/sjtu_drone/sjtu_drone_control) by extensions ['ignore', 'ignore_ament_install']
[2.254s] Level 1:colcon.colcon_core.package_identification:_identify(src/sjtu_drone/sjtu_drone_control) by extension 'ignore'
[2.255s] Level 1:colcon.colcon_core.package_identification:_identify(src/sjtu_drone/sjtu_drone_control) by extension 'ignore_ament_install'
[2.256s] Level 1:colcon.colcon_core.package_identification:_identify(src/sjtu_drone/sjtu_drone_control) by extensions ['colcon_pkg']
[2.256s] Level 1:colcon.colcon_core.package_identification:_identify(src/sjtu_drone/sjtu_drone_control) by extension 'colcon_pkg'
[2.256s] Level 1:colcon.colcon_core.package_identification:_identify(src/sjtu_drone/sjtu_drone_control) by extensions ['colcon_meta']
[2.257s] Level 1:colcon.colcon_core.package_identification:_identify(src/sjtu_drone/sjtu_drone_control) by extension 'colcon_meta'
[2.257s] Level 1:colcon.colcon_core.package_identification:_identify(src/sjtu_drone/sjtu_drone_control) by extensions ['ros']
[2.257s] Level 1:colcon.colcon_core.package_identification:_identify(src/sjtu_drone/sjtu_drone_control) by extension 'ros'
[2.265s] DEBUG:colcon.colcon_core.package_identification:Package 'src/sjtu_drone/sjtu_drone_control' with type 'ros.ament_python' and name 'sjtu_drone_control'
[2.266s] Level 1:colcon.colcon_core.package_identification:_identify(src/sjtu_drone/sjtu_drone_description) by extensions ['ignore', 'ignore_ament_install']
[2.266s] Level 1:colcon.colcon_core.package_identification:_identify(src/sjtu_drone/sjtu_drone_description) by extension 'ignore'
[2.267s] Level 1:colcon.colcon_core.package_identification:_identify(src/sjtu_drone/sjtu_drone_description) by extension 'ignore_ament_install'
[2.267s] Level 1:colcon.colcon_core.package_identification:_identify(src/sjtu_drone/sjtu_drone_description) by extensions ['colcon_pkg']
[2.268s] Level 1:colcon.colcon_core.package_identification:_identify(src/sjtu_drone/sjtu_drone_description) by extension 'colcon_pkg'
[2.268s] Level 1:colcon.colcon_core.package_identification:_identify(src/sjtu_drone/sjtu_drone_description) by extensions ['colcon_meta']
[2.268s] Level 1:colcon.colcon_core.package_identification:_identify(src/sjtu_drone/sjtu_drone_description) by extension 'colcon_meta'
[2.269s] Level 1:colcon.colcon_core.package_identification:_identify(src/sjtu_drone/sjtu_drone_description) by extensions ['ros']
[2.269s] Level 1:colcon.colcon_core.package_identification:_identify(src/sjtu_drone/sjtu_drone_description) by extension 'ros'
[2.277s] DEBUG:colcon.colcon_core.package_identification:Package 'src/sjtu_drone/sjtu_drone_description' with type 'ros.ament_cmake' and name 'sjtu_drone_description'
[2.277s] Level 1:colcon.colcon_core.package_discovery:discover_packages(recursive) using defaults
[2.278s] Level 1:colcon.colcon_core.package_discovery:discover_packages(ignore) discover
[2.278s] Level 1:colcon.colcon_core.package_discovery:discover_packages(ignore) using defaults
[2.278s] Level 1:colcon.colcon_core.package_discovery:discover_packages(path) discover
[2.279s] Level 1:colcon.colcon_core.package_discovery:discover_packages(path) using defaults
[2.478s] INFO:colcon.colcon_core.package_selection:Skipping not selected package 'drive_drone' in 'src/drive_drone'
[2.479s] INFO:colcon.colcon_core.package_selection:Skipping not selected package 'mml_guidance' in 'src/mml_python_sim/src/mml_guidance'
[2.479s] INFO:colcon.colcon_core.package_selection:Skipping not selected package 'sjtu_drone_bringup' in 'src/sjtu_drone/sjtu_drone_bringup'
[2.483s] Level 1:colcon.colcon_core.package_discovery:discover_packages(prefix_path) check parameters
[2.484s] Level 1:colcon.colcon_core.package_discovery:discover_packages(prefix_path) discover
[2.530s] DEBUG:colcon.colcon_installed_package_information.package_discovery:Found 411 installed packages in /opt/ros/jazzy
[2.547s] Level 1:colcon.colcon_core.package_discovery:discover_packages(prefix_path) using defaults
[3.277s] Level 5:colcon.colcon_core.verb:set package 'sjtu_drone_control' build argument 'cmake_args' from command line to 'None'
[3.278s] Level 5:colcon.colcon_core.verb:set package 'sjtu_drone_control' build argument 'cmake_target' from command line to 'None'
[3.278s] Level 5:colcon.colcon_core.verb:set package 'sjtu_drone_control' build argument 'cmake_target_skip_unavailable' from command line to 'False'
[3.278s] Level 5:colcon.colcon_core.verb:set package 'sjtu_drone_control' build argument 'cmake_clean_cache' from command line to 'False'
[3.278s] Level 5:colcon.colcon_core.verb:set package 'sjtu_drone_control' build argument 'cmake_clean_first' from command line to 'False'
[3.279s] Level 5:colcon.colcon_core.verb:set package 'sjtu_drone_control' build argument 'cmake_force_configure' from command line to 'False'
[3.279s] Level 5:colcon.colcon_core.verb:set package 'sjtu_drone_control' build argument 'ament_cmake_args' from command line to 'None'
[3.279s] Level 5:colcon.colcon_core.verb:set package 'sjtu_drone_control' build argument 'catkin_cmake_args' from command line to 'None'
[3.279s] Level 5:colcon.colcon_core.verb:set package 'sjtu_drone_control' build argument 'catkin_skip_building_tests' from command line to 'False'
[3.280s] DEBUG:colcon.colcon_core.verb:Building package 'sjtu_drone_control' with the following arguments: {'ament_cmake_args': None, 'build_base': '/home/user/PPO_drone_Gazebo_ROS2/build/sjtu_drone_control', 'catkin_cmake_args': None, 'catkin_skip_building_tests': False, 'cmake_args': None, 'cmake_clean_cache': False, 'cmake_clean_first': False, 'cmake_force_configure': False, 'cmake_target': None, 'cmake_target_skip_unavailable': False, 'install_base': '/home/user/PPO_drone_Gazebo_ROS2/install/sjtu_drone_control', 'merge_install': False, 'path': '/home/user/PPO_drone_Gazebo_ROS2/src/sjtu_drone/sjtu_drone_control', 'symlink_install': False, 'test_result_base': None}
[3.284s] Level 5:colcon.colcon_core.verb:set package 'sjtu_drone_description' build argument 'cmake_args' from command line to 'None'
[3.284s] Level 5:colcon.colcon_core.verb:set package 'sjtu_drone_description' build argument 'cmake_target' from command line to 'None'
[3.285s] Level 5:colcon.colcon_core.verb:set package 'sjtu_drone_description' build argument 'cmake_target_skip_unavailable' from command line to 'False'
[3.285s] Level 5:colcon.colcon_core.verb:set package 'sjtu_drone_description' build argument 'cmake_clean_cache' from command line to 'False'
[3.286s] Level 5:colcon.colcon_core.verb:set package 'sjtu_drone_description' build argument 'cmake_clean_first' from command line to 'False'
[3.287s] Level 5:colcon.colcon_core.verb:set package 'sjtu_drone_description' build argument 'cmake_force_configure' from command line to 'False'
[3.287s] Level 5:colcon.colcon_core.verb:set package 'sjtu_drone_description' build argument 'ament_cmake_args' from command line to 'None'
[3.287s] Level 5:colcon.colcon_core.verb:set package 'sjtu_drone_description' build argument 'catkin_cmake_args' from command line to 'None'
[3.287s] Level 5:colcon.colcon_core.verb:set package 'sjtu_drone_description' build argument 'catkin_skip_building_tests' from command line to 'False'
[3.288s] DEBUG:colcon.colcon_core.verb:Building package 'sjtu_drone_description' with the following arguments: {'ament_cmake_args': None, 'build_base': '/home/user/PPO_drone_Gazebo_ROS2/build/sjtu_drone_description', 'catkin_cmake_args': None, 'catkin_skip_building_tests': False, 'cmake_args': None, 'cmake_clean_cache': False, 'cmake_clean_first': False, 'cmake_force_configure': False, 'cmake_target': None, 'cmake_target_skip_unavailable': False, 'install_base': '/home/user/PPO_drone_Gazebo_ROS2/install/sjtu_drone_description', 'merge_install': False, 'path': '/home/user/PPO_drone_Gazebo_ROS2/src/sjtu_drone/sjtu_drone_description', 'symlink_install': False, 'test_result_base': None}
[3.289s] INFO:colcon.colcon_core.executor:Executing jobs using 'parallel' executor
[3.293s] DEBUG:colcon.colcon_parallel_executor.executor.parallel:run_until_complete
[3.298s] INFO:colcon.colcon_ros.task.ament_python.build:Building ROS package in '/home/user/PPO_drone_Gazebo_ROS2/src/sjtu_drone/sjtu_drone_control' with build type 'ament_python'
[3.299s] Level 1:colcon.colcon_core.shell:create_environment_hook('sjtu_drone_control', 'ament_prefix_path')
[3.328s] INFO:colcon.colcon_core.plugin_system:Skipping extension 'colcon_core.shell.bat': Not used on non-Windows systems
[3.332s] INFO:colcon.colcon_core.shell:Creating environment hook '/home/user/PPO_drone_Gazebo_ROS2/install/sjtu_drone_control/share/sjtu_drone_control/hook/ament_prefix_path.ps1'
[3.338s] INFO:colcon.colcon_core.shell:Creating environment descriptor '/home/user/PPO_drone_Gazebo_ROS2/install/sjtu_drone_control/share/sjtu_drone_control/hook/ament_prefix_path.dsv'
[3.344s] INFO:colcon.colcon_core.shell:Creating environment hook '/home/user/PPO_drone_Gazebo_ROS2/install/sjtu_drone_control/share/sjtu_drone_control/hook/ament_prefix_path.sh'
[3.351s] INFO:colcon.colcon_core.shell:Skip shell extension 'powershell' for command environment: Not usable outside of PowerShell
[3.352s] DEBUG:colcon.colcon_core.shell:Skip shell extension 'dsv' for command environment
[3.398s] INFO:colcon.colcon_ros.task.ament_cmake.build:Building ROS package in '/home/user/PPO_drone_Gazebo_ROS2/src/sjtu_drone/sjtu_drone_description' with build type 'ament_cmake'
[3.400s] INFO:colcon.colcon_cmake.task.cmake.build:Building CMake package in '/home/user/PPO_drone_Gazebo_ROS2/src/sjtu_drone/sjtu_drone_description'
[3.401s] INFO:colcon.colcon_core.shell:Skip shell extension 'powershell' for command environment: Not usable outside of PowerShell
[3.402s] DEBUG:colcon.colcon_core.shell:Skip shell extension 'dsv' for command environment
[6.295s] INFO:colcon.colcon_core.task.python.build:Building Python package in '/home/user/PPO_drone_Gazebo_ROS2/src/sjtu_drone/sjtu_drone_control'
[6.300s] INFO:colcon.colcon_core.shell:Skip shell extension 'powershell' for command environment: Not usable outside of PowerShell
[6.302s] DEBUG:colcon.colcon_core.shell:Skip shell extension 'dsv' for command environment
[6.417s] DEBUG:colcon.colcon_core.event_handler.log_command:Invoking command in '/home/user/PPO_drone_Gazebo_ROS2/build/sjtu_drone_description': CMAKE_PREFIX_PATH=${CMAKE_PREFIX_PATH}:/opt/ros/jazzy CONDA_PROMPT_MODIFIER=(base) DEBUGINFOD_URLS=https://debuginfod.ubuntu.com /usr/bin/cmake --build /home/user/PPO_drone_Gazebo_ROS2/build/sjtu_drone_description -- -j8 -l8
[16.142s] DEBUG:colcon.colcon_core.event_handler.log_command:Invoking command in '/home/user/PPO_drone_Gazebo_ROS2/src/sjtu_drone/sjtu_drone_control': CONDA_PROMPT_MODIFIER=(base) DEBUGINFOD_URLS=https://debuginfod.ubuntu.com PYTHONPATH=/home/user/PPO_drone_Gazebo_ROS2/build/sjtu_drone_control/prefix_override:/usr/lib/python3/dist-packages/colcon_core/task/python/colcon_distutils_commands:/home/user/PPO_drone_Gazebo_ROS2/install/sjtu_drone_control/lib/python3.12/site-packages:${PYTHONPATH} /usr/bin/python3 -W ignore:setup.py install is deprecated -W ignore:easy_install command is deprecated setup.py egg_info --egg-base ../../../build/sjtu_drone_control build --build-base /home/user/PPO_drone_Gazebo_ROS2/build/sjtu_drone_control/build install --record /home/user/PPO_drone_Gazebo_ROS2/build/sjtu_drone_control/install.log --single-version-externally-managed install_data
[16.908s] DEBUG:colcon.colcon_core.event_handler.log_command:Invoked command in '/home/user/PPO_drone_Gazebo_ROS2/build/sjtu_drone_description' returned '2': CMAKE_PREFIX_PATH=${CMAKE_PREFIX_PATH}:/opt/ros/jazzy CONDA_PROMPT_MODIFIER=(base) DEBUGINFOD_URLS=https://debuginfod.ubuntu.com /usr/bin/cmake --build /home/user/PPO_drone_Gazebo_ROS2/build/sjtu_drone_description -- -j8 -l8
[16.911s] Level 1:colcon.colcon_core.environment:create_environment_scripts_only(sjtu_drone_description)
[16.932s] Level 1:colcon.colcon_core.environment:checking '/home/user/PPO_drone_Gazebo_ROS2/install/sjtu_drone_description' for CMake module files
[16.939s] Level 1:colcon.colcon_core.environment:checking '/home/user/PPO_drone_Gazebo_ROS2/install/sjtu_drone_description' for CMake config files
[16.947s] Level 1:colcon.colcon_core.shell:create_environment_hook('sjtu_drone_description', 'cmake_prefix_path')
[16.951s] INFO:colcon.colcon_core.shell:Creating environment hook '/home/user/PPO_drone_Gazebo_ROS2/install/sjtu_drone_description/share/sjtu_drone_description/hook/cmake_prefix_path.ps1'
[16.960s] INFO:colcon.colcon_core.shell:Creating environment descriptor '/home/user/PPO_drone_Gazebo_ROS2/install/sjtu_drone_description/share/sjtu_drone_description/hook/cmake_prefix_path.dsv'
[16.969s] INFO:colcon.colcon_core.shell:Creating environment hook '/home/user/PPO_drone_Gazebo_ROS2/install/sjtu_drone_description/share/sjtu_drone_description/hook/cmake_prefix_path.sh'
[16.978s] Level 1:colcon.colcon_core.environment:checking '/home/user/PPO_drone_Gazebo_ROS2/install/sjtu_drone_description/lib'
[16.982s] Level 1:colcon.colcon_core.shell:create_environment_hook('sjtu_drone_description', 'ld_library_path_lib')
[16.985s] INFO:colcon.colcon_core.shell:Creating environment hook '/home/user/PPO_drone_Gazebo_ROS2/install/sjtu_drone_description/share/sjtu_drone_description/hook/ld_library_path_lib.ps1'
[16.991s] INFO:colcon.colcon_core.shell:Creating environment descriptor '/home/user/PPO_drone_Gazebo_ROS2/install/sjtu_drone_description/share/sjtu_drone_description/hook/ld_library_path_lib.dsv'
[16.995s] INFO:colcon.colcon_core.shell:Creating environment hook '/home/user/PPO_drone_Gazebo_ROS2/install/sjtu_drone_description/share/sjtu_drone_description/hook/ld_library_path_lib.sh'
[16.999s] Level 1:colcon.colcon_core.environment:checking '/home/user/PPO_drone_Gazebo_ROS2/install/sjtu_drone_description/bin'
[17.000s] Level 1:colcon.colcon_core.environment:checking '/home/user/PPO_drone_Gazebo_ROS2/install/sjtu_drone_description/lib/pkgconfig/sjtu_drone_description.pc'
[17.002s] Level 1:colcon.colcon_core.environment:checking '/home/user/PPO_drone_Gazebo_ROS2/install/sjtu_drone_description/lib/python3.12/site-packages'
[17.006s] Level 1:colcon.colcon_core.environment:checking '/home/user/PPO_drone_Gazebo_ROS2/install/sjtu_drone_description/bin'
[17.008s] INFO:colcon.colcon_core.shell:Creating package script '/home/user/PPO_drone_Gazebo_ROS2/install/sjtu_drone_description/share/sjtu_drone_description/package.ps1'
[17.019s] INFO:colcon.colcon_core.shell:Creating package descriptor '/home/user/PPO_drone_Gazebo_ROS2/install/sjtu_drone_description/share/sjtu_drone_description/package.dsv'
[17.029s] INFO:colcon.colcon_core.shell:Creating package script '/home/user/PPO_drone_Gazebo_ROS2/install/sjtu_drone_description/share/sjtu_drone_description/package.sh'
[17.038s] INFO:colcon.colcon_core.shell:Creating package script '/home/user/PPO_drone_Gazebo_ROS2/install/sjtu_drone_description/share/sjtu_drone_description/package.bash'
[17.048s] INFO:colcon.colcon_core.shell:Creating package script '/home/user/PPO_drone_Gazebo_ROS2/install/sjtu_drone_description/share/sjtu_drone_description/package.zsh'
[17.987s] Level 1:colcon.colcon_core.environment:create_file_with_runtime_dependencies(/home/user/PPO_drone_Gazebo_ROS2/install/sjtu_drone_description/share/colcon-core/packages/sjtu_drone_description)
[25.579s] DEBUG:colcon.colcon_parallel_executor.executor.parallel:closing loop
[25.581s] DEBUG:colcon.colcon_parallel_executor.executor.parallel:loop closed
[25.582s] DEBUG:colcon.colcon_parallel_executor.executor.parallel:run_until_complete finished with '2'
[25.583s] DEBUG:colcon.colcon_core.event_reactor:joining thread
[25.702s] INFO:colcon.colcon_core.plugin_system:Skipping extension 'colcon_notification.desktop_notification.terminal_notifier': Not used on non-Darwin systems
[25.703s] INFO:colcon.colcon_core.plugin_system:Skipping extension 'colcon_notification.desktop_notification.win32': Not used on non-Windows systems
[25.703s] INFO:colcon.colcon_notification.desktop_notification:Sending desktop notification using 'notify2'
[25.823s] DEBUG:colcon.colcon_core.event_reactor:joined thread
[25.825s] INFO:colcon.colcon_core.shell:Creating prefix script '/home/user/PPO_drone_Gazebo_ROS2/install/local_setup.ps1'
[25.833s] INFO:colcon.colcon_core.shell:Creating prefix util module '/home/user/PPO_drone_Gazebo_ROS2/install/_local_setup_util_ps1.py'
[25.843s] INFO:colcon.colcon_core.shell:Creating prefix chain script '/home/user/PPO_drone_Gazebo_ROS2/install/setup.ps1'
[25.855s] INFO:colcon.colcon_core.shell:Creating prefix script '/home/user/PPO_drone_Gazebo_ROS2/install/local_setup.sh'
[25.865s] INFO:colcon.colcon_core.shell:Creating prefix util module '/home/user/PPO_drone_Gazebo_ROS2/install/_local_setup_util_sh.py'
[25.872s] INFO:colcon.colcon_core.shell:Creating prefix chain script '/home/user/PPO_drone_Gazebo_ROS2/install/setup.sh'
[25.882s] INFO:colcon.colcon_core.shell:Creating prefix script '/home/user/PPO_drone_Gazebo_ROS2/install/local_setup.bash'
[25.887s] INFO:colcon.colcon_core.shell:Creating prefix chain script '/home/user/PPO_drone_Gazebo_ROS2/install/setup.bash'
[25.896s] INFO:colcon.colcon_core.shell:Creating prefix script '/home/user/PPO_drone_Gazebo_ROS2/install/local_setup.zsh'
[25.901s] INFO:colcon.colcon_core.shell:Creating prefix chain script '/home/user/PPO_drone_Gazebo_ROS2/install/setup.zsh'
