[2.752s] Invoking command in '/home/user/PPO_drone_Gazebo_ROS2/build/sjtu_drone_description': CMAKE_PREFIX_PATH=${CMAKE_PREFIX_PATH}:/home/user/PPO_drone_Gazebo_ROS2/install/sjtu_drone_control:/home/user/PPO_drone_Gazebo_ROS2/install/sjtu_drone_bringup:/home/user/PPO_drone_Gazebo_ROS2/install/mml_guidance:/opt/ros/humble:/opt/ros/jazzy CONDA_PROMPT_MODIFIER=(base) /usr/bin/cmake --build /home/user/PPO_drone_Gazebo_ROS2/build/sjtu_drone_description -- -j8 -l8
[3.044s] -- Found PkgConfig: /usr/bin/pkg-config (found version "0.29.2") 
[3.089s] -- Found ament_cmake: 1.3.12 (/opt/ros/humble/share/ament_cmake/cmake)
[3.670s] -- Found Python3: /usr/bin/python3 (found version "3.10.12") found components: Interpreter 
[4.495s] -- Override CMake install command with custom implementation using symlinks instead of copying resources
[4.967s] -- Found ament_cmake_ros: 0.10.0 (/opt/ros/humble/share/ament_cmake_ros/cmake)
[5.136s] -- Found rclcpp: 16.0.15 (/opt/ros/humble/share/rclcpp/cmake)
[5.748s] -- Found rosidl_generator_c: 3.1.7 (/opt/ros/humble/share/rosidl_generator_c/cmake)
[5.777s] -- Found rosidl_adapter: 3.1.7 (/opt/ros/humble/share/rosidl_adapter/cmake)
[5.890s] -- Found rosidl_generator_cpp: 3.1.7 (/opt/ros/humble/share/rosidl_generator_cpp/cmake)
[6.052s] -- Using all available rosidl_typesupport_c: rosidl_typesupport_fastrtps_c;rosidl_typesupport_introspection_c
[6.317s] -- Using all available rosidl_typesupport_cpp: rosidl_typesupport_fastrtps_cpp;rosidl_typesupport_introspection_cpp
[6.967s] -- Found rmw_implementation_cmake: 6.1.2 (/opt/ros/humble/share/rmw_implementation_cmake/cmake)
[6.984s] -- Found rmw_fastrtps_cpp: 6.2.9 (/opt/ros/humble/share/rmw_fastrtps_cpp/cmake)
[7.714s] -- Found OpenSSL: /usr/lib/x86_64-linux-gnu/libcrypto.so (found version "3.0.2")  
[8.173s] -- Found FastRTPS: /opt/ros/humble/include  
[8.864s] -- Using RMW implementation 'rmw_fastrtps_cpp' as default
[9.722s] -- Found gazebo_ros: 3.9.0 (/opt/ros/humble/share/gazebo_ros/cmake)
[10.300s] -- Found DART: /usr/include (Required is at least version "6.6") found components: dart 
[10.745s] -- Found Protobuf: /usr/lib/x86_64-linux-gnu/libprotobuf.so (found version "3.12.4") 
[10.780s] -- Looking for ignition-math6 -- found version 6.15.1
[10.836s] -- Searching for dependencies of ignition-math6
[10.855s] -- Looking for OGRE...
[10.907s] -- Found Ogre Ghadamon (1.9.0)
[11.016s] -- Looking for OGRE_Paging...
[11.018s] -- Found OGRE_Paging: optimized;/usr/lib/x86_64-linux-gnu/libOgrePaging.so;debug;/usr/lib/x86_64-linux-gnu/libOgrePaging.so
[11.019s] -- Looking for OGRE_Terrain...
[11.023s] -- Found OGRE_Terrain: optimized;/usr/lib/x86_64-linux-gnu/libOgreTerrain.so;debug;/usr/lib/x86_64-linux-gnu/libOgreTerrain.so
[11.023s] -- Looking for OGRE_Property...
[11.024s] -- Found OGRE_Property: optimized;/usr/lib/x86_64-linux-gnu/libOgreProperty.so;debug;/usr/lib/x86_64-linux-gnu/libOgreProperty.so
[11.024s] -- Looking for OGRE_RTShaderSystem...
[11.025s] -- Found OGRE_RTShaderSystem: optimized;/usr/lib/x86_64-linux-gnu/libOgreRTShaderSystem.so;debug;/usr/lib/x86_64-linux-gnu/libOgreRTShaderSystem.so
[11.025s] -- Looking for OGRE_Volume...
[11.027s] -- Found OGRE_Volume: optimized;/usr/lib/x86_64-linux-gnu/libOgreVolume.so;debug;/usr/lib/x86_64-linux-gnu/libOgreVolume.so
[11.027s] -- Looking for OGRE_Overlay...
[11.028s] -- Found OGRE_Overlay: optimized;/usr/lib/x86_64-linux-gnu/libOgreOverlay.so;debug;/usr/lib/x86_64-linux-gnu/libOgreOverlay.so
[12.720s] -- Looking for ignition-math6 -- found version 6.15.1
[12.729s] -- Looking for ignition-transport8 -- found version 8.2.1
[12.734s] -- Searching for dependencies of ignition-transport8
[13.010s] -- Found Protobuf: /usr/lib/x86_64-linux-gnu/libprotobuf.so (found suitable version "3.12.4", minimum required is "3") 
[13.224s] -- Config-file not installed for ZeroMQ -- checking for pkg-config
[13.262s] -- Checking for module 'libzmq >= 4'
[13.404s] --   Found libzmq , version 4.3.4
[13.764s] -- Checking for module 'uuid'
[13.888s] --   Found uuid, version 2.37.2
[14.229s] -- Looking for ignition-msgs5 -- found version 5.8.1
[14.239s] -- Searching for dependencies of ignition-msgs5
[14.501s] -- Looking for ignition-math6 -- found version 6.15.1
[14.551s] -- Checking for module 'tinyxml2'
[14.688s] --   Found tinyxml2, version 9.0.0
[15.015s] -- Looking for ignition-msgs5 -- found version 5.8.1
[15.016s] -- Looking for ignition-common3 -- found version 3.14.0
[15.020s] -- Searching for dependencies of ignition-common3
[15.024s] -- Looking for dlfcn.h - found
[15.025s] -- Looking for libdl - found
[15.130s] -- Searching for <ignition-common3> component [graphics]
[15.135s] -- Looking for ignition-common3-graphics -- found version 3.14.0
[15.140s] -- Searching for dependencies of ignition-common3-graphics
[15.143s] -- Looking for ignition-math6 -- found version 6.15.1
[15.154s] -- Looking for ignition-fuel_tools4 -- found version 4.4.0
[15.158s] -- Searching for dependencies of ignition-fuel_tools4
[15.654s] -- Checking for module 'jsoncpp'
[15.804s] --   Found jsoncpp, version 1.9.5
[16.229s] -- Checking for module 'libzip'
[16.372s] --   Found libzip, version 1.7.3
[16.668s] -- Looking for ignition-common3 -- found version 3.14.0
[16.672s] -- Looking for ignition-math6 -- found version 6.15.1
[16.675s] -- Looking for ignition-msgs5 -- found version 5.8.1
[16.694s] -- Gazebo version: 11.10
[16.709s] -- Found gazebo_plugins: 3.9.0 (/opt/ros/humble/share/gazebo_plugins/cmake)
[17.240s] -- Found sensor_msgs: 4.9.0 (/opt/ros/humble/share/sensor_msgs/cmake)
[17.420s] -- Found nav_msgs: 4.9.0 (/opt/ros/humble/share/nav_msgs/cmake)
[17.580s] -- Found tf2: 0.25.16 (/opt/ros/humble/share/tf2/cmake)
[17.627s] -- Found tf2_ros: 0.25.16 (/opt/ros/humble/share/tf2_ros/cmake)
[18.485s] -- Found tf2_geometry_msgs: 0.25.16 (/opt/ros/humble/share/tf2_geometry_msgs/cmake)
[18.521s] -- Found eigen3_cmake_module: 0.1.1 (/opt/ros/humble/share/eigen3_cmake_module/cmake)
[18.535s] -- Ensuring Eigen3 include directory is part of orocos-kdl CMake target
[18.678s] -- Found ament_lint_auto: 0.12.14 (/opt/ros/humble/share/ament_lint_auto/cmake)
[19.848s] -- Added test 'cppcheck' to perform static code analysis on C / C++ code
[19.862s] -- Configured cppcheck include dirs: /home/user/PPO_drone_Gazebo_ROS2/src/sjtu_drone/sjtu_drone_description/include;$<BUILD_INTERFACE:/home/user/PPO_drone_Gazebo_ROS2/src/sjtu_drone/sjtu_drone_description/include>
[19.862s] -- Configured cppcheck exclude dirs and/or files: 
[19.873s] -- Added test 'lint_cmake' to check CMake code style
[19.900s] -- Added test 'uncrustify' to check C / C++ code style
[19.901s] -- Configured uncrustify additional arguments: 
[19.906s] -- Added test 'xmllint' to check XML markup files
[19.937s] -- Configuring done
[20.637s] -- Generating done
[20.712s] -- Build files have been written to: /home/user/PPO_drone_Gazebo_ROS2/build/sjtu_drone_description
[21.141s] [35m[1mConsolidate compiler generated dependencies of target plugin_drone[0m
[21.719s] [ 25%] [32mBuilding CXX object CMakeFiles/plugin_drone.dir/src/plugin_drone.cpp.o[0m
[142.859s] [ 50%] [32m[1mLinking CXX shared library /home/user/PPO_drone_Gazebo_ROS2/src/sjtu_drone/sjtu_drone_description/plugins/libplugin_drone.so[0m
[156.172s] [100%] Built target plugin_drone
[156.285s] Invoked command in '/home/user/PPO_drone_Gazebo_ROS2/build/sjtu_drone_description' returned '0': CMAKE_PREFIX_PATH=${CMAKE_PREFIX_PATH}:/home/user/PPO_drone_Gazebo_ROS2/install/sjtu_drone_control:/home/user/PPO_drone_Gazebo_ROS2/install/sjtu_drone_bringup:/home/user/PPO_drone_Gazebo_ROS2/install/mml_guidance:/opt/ros/humble:/opt/ros/jazzy CONDA_PROMPT_MODIFIER=(base) /usr/bin/cmake --build /home/user/PPO_drone_Gazebo_ROS2/build/sjtu_drone_description -- -j8 -l8
[156.390s] Invoking command in '/home/user/PPO_drone_Gazebo_ROS2/build/sjtu_drone_description': CMAKE_PREFIX_PATH=${CMAKE_PREFIX_PATH}:/home/user/PPO_drone_Gazebo_ROS2/install/sjtu_drone_control:/home/user/PPO_drone_Gazebo_ROS2/install/sjtu_drone_bringup:/home/user/PPO_drone_Gazebo_ROS2/install/mml_guidance:/opt/ros/humble:/opt/ros/jazzy CONDA_PROMPT_MODIFIER=(base) /usr/bin/cmake --install /home/user/PPO_drone_Gazebo_ROS2/build/sjtu_drone_description
[156.438s] -- Install configuration: ""
[156.441s] -- Execute custom install script
[156.449s] -- Up-to-date symlink: /home/user/PPO_drone_Gazebo_ROS2/install/sjtu_drone_description/include/sjtu_drone_description/pid_controller.h
[156.451s] -- Up-to-date symlink: /home/user/PPO_drone_Gazebo_ROS2/install/sjtu_drone_description/include/sjtu_drone_description/plugin_drone.h
[156.452s] -- Up-to-date symlink: /home/user/PPO_drone_Gazebo_ROS2/install/sjtu_drone_description/include/sjtu_drone_description/plugin_drone_private.h
[156.454s] -- Up-to-date symlink: /home/user/PPO_drone_Gazebo_ROS2/install/sjtu_drone_description/share/sjtu_drone_description/environment/library_path.sh
[156.454s] -- Up-to-date symlink: /home/user/PPO_drone_Gazebo_ROS2/install/sjtu_drone_description/share/sjtu_drone_description/environment/library_path.dsv
[156.456s] -- Up-to-date symlink: /home/user/PPO_drone_Gazebo_ROS2/install/sjtu_drone_description/share/sjtu_drone_description/models/database.config
[156.458s] -- Up-to-date symlink: /home/user/PPO_drone_Gazebo_ROS2/install/sjtu_drone_description/share/sjtu_drone_description/models/sjtu_drone/model.config
[156.458s] -- Up-to-date symlink: /home/user/PPO_drone_Gazebo_ROS2/install/sjtu_drone_description/share/sjtu_drone_description/models/sjtu_drone/quadrotor_4.dae
[156.459s] -- Up-to-date symlink: /home/user/PPO_drone_Gazebo_ROS2/install/sjtu_drone_description/share/sjtu_drone_description/models/sjtu_drone/quadrotor_4.stl
[156.461s] -- Up-to-date symlink: /home/user/PPO_drone_Gazebo_ROS2/install/sjtu_drone_description/share/sjtu_drone_description/models/sjtu_drone/sjtu_drone.sdf
[156.463s] -- Up-to-date symlink: /home/user/PPO_drone_Gazebo_ROS2/install/sjtu_drone_description/share/sjtu_drone_description/urdf/sjtu_drone.urdf
[156.464s] -- Up-to-date symlink: /home/user/PPO_drone_Gazebo_ROS2/install/sjtu_drone_description/share/sjtu_drone_description/urdf/sjtu_drone.urdf.xacro
[156.466s] -- Up-to-date symlink: /home/user/PPO_drone_Gazebo_ROS2/install/sjtu_drone_description/share/sjtu_drone_description/worlds/playground.world
[156.468s] -- Up-to-date symlink: /home/user/PPO_drone_Gazebo_ROS2/install/sjtu_drone_description/share/ament_index/resource_index/package_run_dependencies/sjtu_drone_description
[156.470s] -- Up-to-date symlink: /home/user/PPO_drone_Gazebo_ROS2/install/sjtu_drone_description/share/ament_index/resource_index/parent_prefix_path/sjtu_drone_description
[156.471s] -- Up-to-date symlink: /home/user/PPO_drone_Gazebo_ROS2/install/sjtu_drone_description/share/sjtu_drone_description/environment/ament_prefix_path.sh
[156.473s] -- Up-to-date symlink: /home/user/PPO_drone_Gazebo_ROS2/install/sjtu_drone_description/share/sjtu_drone_description/environment/ament_prefix_path.dsv
[156.475s] -- Up-to-date symlink: /home/user/PPO_drone_Gazebo_ROS2/install/sjtu_drone_description/share/sjtu_drone_description/environment/path.sh
[156.477s] -- Up-to-date symlink: /home/user/PPO_drone_Gazebo_ROS2/install/sjtu_drone_description/share/sjtu_drone_description/environment/path.dsv
[156.479s] -- Up-to-date symlink: /home/user/PPO_drone_Gazebo_ROS2/install/sjtu_drone_description/share/sjtu_drone_description/local_setup.bash
[156.481s] -- Up-to-date symlink: /home/user/PPO_drone_Gazebo_ROS2/install/sjtu_drone_description/share/sjtu_drone_description/local_setup.sh
[156.483s] -- Up-to-date symlink: /home/user/PPO_drone_Gazebo_ROS2/install/sjtu_drone_description/share/sjtu_drone_description/local_setup.zsh
[156.484s] -- Up-to-date symlink: /home/user/PPO_drone_Gazebo_ROS2/install/sjtu_drone_description/share/sjtu_drone_description/local_setup.dsv
[156.485s] -- Symlinking: /home/user/PPO_drone_Gazebo_ROS2/install/sjtu_drone_description/share/sjtu_drone_description/package.dsv
[156.550s] -- Up-to-date symlink: /home/user/PPO_drone_Gazebo_ROS2/install/sjtu_drone_description/share/ament_index/resource_index/packages/sjtu_drone_description
[156.554s] -- Up-to-date symlink: /home/user/PPO_drone_Gazebo_ROS2/install/sjtu_drone_description/share/sjtu_drone_description/cmake/ament_cmake_export_include_directories-extras.cmake
[156.555s] -- Up-to-date symlink: /home/user/PPO_drone_Gazebo_ROS2/install/sjtu_drone_description/share/sjtu_drone_description/cmake/ament_cmake_export_libraries-extras.cmake
[156.559s] -- Up-to-date symlink: /home/user/PPO_drone_Gazebo_ROS2/install/sjtu_drone_description/share/sjtu_drone_description/cmake/ament_cmake_export_targets-extras.cmake
[156.561s] -- Up-to-date symlink: /home/user/PPO_drone_Gazebo_ROS2/install/sjtu_drone_description/share/sjtu_drone_description/cmake/sjtu_drone_descriptionConfig.cmake
[156.565s] -- Up-to-date symlink: /home/user/PPO_drone_Gazebo_ROS2/install/sjtu_drone_description/share/sjtu_drone_description/cmake/sjtu_drone_descriptionConfig-version.cmake
[156.576s] -- Up-to-date symlink: /home/user/PPO_drone_Gazebo_ROS2/install/sjtu_drone_description/share/sjtu_drone_description/package.xml
[156.577s] -- Installing: /home/user/PPO_drone_Gazebo_ROS2/install/sjtu_drone_description/lib/libplugin_drone.so
[156.743s] -- Set runtime path of "/home/user/PPO_drone_Gazebo_ROS2/install/sjtu_drone_description/lib/libplugin_drone.so" to ""
[156.750s] -- Up-to-date: /home/user/PPO_drone_Gazebo_ROS2/install/sjtu_drone_description/share/sjtu_drone_description/cmake/export_sjtu_drone_descriptionExport.cmake
[156.751s] -- Up-to-date: /home/user/PPO_drone_Gazebo_ROS2/install/sjtu_drone_description/share/sjtu_drone_description/cmake/export_sjtu_drone_descriptionExport-noconfig.cmake
[156.763s] Invoked command in '/home/user/PPO_drone_Gazebo_ROS2/build/sjtu_drone_description' returned '0': CMAKE_PREFIX_PATH=${CMAKE_PREFIX_PATH}:/home/user/PPO_drone_Gazebo_ROS2/install/sjtu_drone_control:/home/user/PPO_drone_Gazebo_ROS2/install/sjtu_drone_bringup:/home/user/PPO_drone_Gazebo_ROS2/install/mml_guidance:/opt/ros/humble:/opt/ros/jazzy CONDA_PROMPT_MODIFIER=(base) /usr/bin/cmake --install /home/user/PPO_drone_Gazebo_ROS2/build/sjtu_drone_description
