[2.846s] DEBUG:colcon:Command line arguments: ['/usr/bin/colcon', 'build', '--packages-select', 'sjtu_drone_bringup', 'drive_drone', '--symlink-install']
[2.847s] DEBUG:colcon:Parsed command line arguments: Namespace(log_base=None, log_level=None, verb_name='build', build_base='build', install_base='install', merge_install=False, symlink_install=True, test_result_base=None, continue_on_error=False, executor='parallel', parallel_workers=8, event_handlers=None, ignore_user_meta=False, metas=['./colcon.meta'], base_paths=['.'], packages_ignore=None, packages_ignore_regex=None, paths=None, packages_up_to=None, packages_up_to_regex=None, packages_above=None, packages_above_and_dependencies=None, packages_above_depth=None, packages_select_by_dep=None, packages_skip_by_dep=None, packages_skip_up_to=None, packages_select_build_failed=False, packages_skip_build_finished=False, packages_select_test_failures=False, packages_skip_test_passed=False, packages_select=['sjtu_drone_bringup', 'drive_drone'], packages_skip=None, packages_select_regex=None, packages_skip_regex=None, packages_start=None, packages_end=None, allow_overriding=[], cmake_args=None, cmake_target=None, cmake_target_skip_unavailable=False, cmake_clean_cache=False, cmake_clean_first=False, cmake_force_configure=False, ament_cmake_args=None, catkin_cmake_args=None, catkin_skip_building_tests=False, mixin_files=None, mixin=None, verb_parser=<colcon_mixin.mixin.mixin_argument.MixinArgumentDecorator object at 0x787eaaa638f0>, verb_extension=<colcon_core.verb.build.BuildVerb object at 0x787eaabc3e00>, main=<bound method BuildVerb.main of <colcon_core.verb.build.BuildVerb object at 0x787eaabc3e00>>, mixin_verb=('build',))
[3.431s] Level 1:colcon.colcon_core.package_discovery:discover_packages(colcon_meta) check parameters
[3.432s] Level 1:colcon.colcon_core.package_discovery:discover_packages(recursive) check parameters
[3.433s] Level 1:colcon.colcon_core.package_discovery:discover_packages(ignore) check parameters
[3.433s] Level 1:colcon.colcon_core.package_discovery:discover_packages(path) check parameters
[3.434s] Level 1:colcon.colcon_core.package_discovery:discover_packages(colcon_meta) discover
[3.434s] Level 1:colcon.colcon_core.package_discovery:discover_packages(recursive) discover
[3.434s] INFO:colcon.colcon_core.package_discovery:Crawling recursively for packages in '/home/user/PPO_drone_Gazebo_ROS2'
[3.435s] Level 1:colcon.colcon_core.package_identification:_identify(.) by extensions ['ignore', 'ignore_ament_install']
[3.436s] Level 1:colcon.colcon_core.package_identification:_identify(.) by extension 'ignore'
[3.436s] Level 1:colcon.colcon_core.package_identification:_identify(.) by extension 'ignore_ament_install'
[3.437s] Level 1:colcon.colcon_core.package_identification:_identify(.) by extensions ['colcon_pkg']
[3.437s] Level 1:colcon.colcon_core.package_identification:_identify(.) by extension 'colcon_pkg'
[3.437s] Level 1:colcon.colcon_core.package_identification:_identify(.) by extensions ['colcon_meta']
[3.437s] Level 1:colcon.colcon_core.package_identification:_identify(.) by extension 'colcon_meta'
[3.437s] Level 1:colcon.colcon_core.package_identification:_identify(.) by extensions ['ros']
[3.438s] Level 1:colcon.colcon_core.package_identification:_identify(.) by extension 'ros'
[3.700s] Level 1:colcon.colcon_core.package_identification:_identify(.) by extensions ['cmake', 'python']
[3.701s] Level 1:colcon.colcon_core.package_identification:_identify(.) by extension 'cmake'
[3.701s] Level 1:colcon.colcon_core.package_identification:_identify(.) by extension 'python'
[3.702s] Level 1:colcon.colcon_core.package_identification:_identify(.) by extensions ['python_setup_py']
[3.702s] Level 1:colcon.colcon_core.package_identification:_identify(.) by extension 'python_setup_py'
[3.703s] Level 1:colcon.colcon_core.package_identification:_identify(build) by extensions ['ignore', 'ignore_ament_install']
[3.703s] Level 1:colcon.colcon_core.package_identification:_identify(build) by extension 'ignore'
[3.704s] Level 1:colcon.colcon_core.package_identification:_identify(build) ignored
[3.705s] Level 1:colcon.colcon_core.package_identification:_identify(install) by extensions ['ignore', 'ignore_ament_install']
[3.706s] Level 1:colcon.colcon_core.package_identification:_identify(install) by extension 'ignore'
[3.706s] Level 1:colcon.colcon_core.package_identification:_identify(install) ignored
[3.707s] Level 1:colcon.colcon_core.package_identification:_identify(log) by extensions ['ignore', 'ignore_ament_install']
[3.708s] Level 1:colcon.colcon_core.package_identification:_identify(log) by extension 'ignore'
[3.709s] Level 1:colcon.colcon_core.package_identification:_identify(log) ignored
[3.710s] Level 1:colcon.colcon_core.package_identification:_identify(src) by extensions ['ignore', 'ignore_ament_install']
[3.710s] Level 1:colcon.colcon_core.package_identification:_identify(src) by extension 'ignore'
[3.711s] Level 1:colcon.colcon_core.package_identification:_identify(src) by extension 'ignore_ament_install'
[3.711s] Level 1:colcon.colcon_core.package_identification:_identify(src) by extensions ['colcon_pkg']
[3.712s] Level 1:colcon.colcon_core.package_identification:_identify(src) by extension 'colcon_pkg'
[3.712s] Level 1:colcon.colcon_core.package_identification:_identify(src) by extensions ['colcon_meta']
[3.713s] Level 1:colcon.colcon_core.package_identification:_identify(src) by extension 'colcon_meta'
[3.713s] Level 1:colcon.colcon_core.package_identification:_identify(src) by extensions ['ros']
[3.714s] Level 1:colcon.colcon_core.package_identification:_identify(src) by extension 'ros'
[3.715s] Level 1:colcon.colcon_core.package_identification:_identify(src) by extensions ['cmake', 'python']
[3.716s] Level 1:colcon.colcon_core.package_identification:_identify(src) by extension 'cmake'
[3.717s] Level 1:colcon.colcon_core.package_identification:_identify(src) by extension 'python'
[3.717s] Level 1:colcon.colcon_core.package_identification:_identify(src) by extensions ['python_setup_py']
[3.718s] Level 1:colcon.colcon_core.package_identification:_identify(src) by extension 'python_setup_py'
[3.720s] Level 1:colcon.colcon_core.package_identification:_identify(src/drive_drone) by extensions ['ignore', 'ignore_ament_install']
[3.721s] Level 1:colcon.colcon_core.package_identification:_identify(src/drive_drone) by extension 'ignore'
[3.722s] Level 1:colcon.colcon_core.package_identification:_identify(src/drive_drone) by extension 'ignore_ament_install'
[3.723s] Level 1:colcon.colcon_core.package_identification:_identify(src/drive_drone) by extensions ['colcon_pkg']
[3.723s] Level 1:colcon.colcon_core.package_identification:_identify(src/drive_drone) by extension 'colcon_pkg'
[3.724s] Level 1:colcon.colcon_core.package_identification:_identify(src/drive_drone) by extensions ['colcon_meta']
[3.724s] Level 1:colcon.colcon_core.package_identification:_identify(src/drive_drone) by extension 'colcon_meta'
[3.725s] Level 1:colcon.colcon_core.package_identification:_identify(src/drive_drone) by extensions ['ros']
[3.726s] Level 1:colcon.colcon_core.package_identification:_identify(src/drive_drone) by extension 'ros'
[3.753s] DEBUG:colcon.colcon_core.package_identification:Package 'src/drive_drone' with type 'ros.ament_cmake' and name 'drive_drone'
[3.755s] Level 1:colcon.colcon_core.package_identification:_identify(src/mml_python_sim) by extensions ['ignore', 'ignore_ament_install']
[3.756s] Level 1:colcon.colcon_core.package_identification:_identify(src/mml_python_sim) by extension 'ignore'
[3.757s] Level 1:colcon.colcon_core.package_identification:_identify(src/mml_python_sim) by extension 'ignore_ament_install'
[3.759s] Level 1:colcon.colcon_core.package_identification:_identify(src/mml_python_sim) by extensions ['colcon_pkg']
[3.760s] Level 1:colcon.colcon_core.package_identification:_identify(src/mml_python_sim) by extension 'colcon_pkg'
[3.761s] Level 1:colcon.colcon_core.package_identification:_identify(src/mml_python_sim) by extensions ['colcon_meta']
[3.761s] Level 1:colcon.colcon_core.package_identification:_identify(src/mml_python_sim) by extension 'colcon_meta'
[3.762s] Level 1:colcon.colcon_core.package_identification:_identify(src/mml_python_sim) by extensions ['ros']
[3.763s] Level 1:colcon.colcon_core.package_identification:_identify(src/mml_python_sim) by extension 'ros'
[3.764s] Level 1:colcon.colcon_core.package_identification:_identify(src/mml_python_sim) by extensions ['cmake', 'python']
[3.765s] Level 1:colcon.colcon_core.package_identification:_identify(src/mml_python_sim) by extension 'cmake'
[3.766s] Level 1:colcon.colcon_core.package_identification:_identify(src/mml_python_sim) by extension 'python'
[3.766s] Level 1:colcon.colcon_core.package_identification:_identify(src/mml_python_sim) by extensions ['python_setup_py']
[3.767s] Level 1:colcon.colcon_core.package_identification:_identify(src/mml_python_sim) by extension 'python_setup_py'
[3.767s] Level 1:colcon.colcon_core.package_identification:_identify(src/mml_python_sim/README) by extensions ['ignore', 'ignore_ament_install']
[3.768s] Level 1:colcon.colcon_core.package_identification:_identify(src/mml_python_sim/README) by extension 'ignore'
[3.769s] Level 1:colcon.colcon_core.package_identification:_identify(src/mml_python_sim/README) ignored
[3.770s] Level 1:colcon.colcon_core.package_identification:_identify(src/mml_python_sim/__pycache__) by extensions ['ignore', 'ignore_ament_install']
[3.770s] Level 1:colcon.colcon_core.package_identification:_identify(src/mml_python_sim/__pycache__) by extension 'ignore'
[3.771s] Level 1:colcon.colcon_core.package_identification:_identify(src/mml_python_sim/__pycache__) by extension 'ignore_ament_install'
[3.771s] Level 1:colcon.colcon_core.package_identification:_identify(src/mml_python_sim/__pycache__) by extensions ['colcon_pkg']
[3.772s] Level 1:colcon.colcon_core.package_identification:_identify(src/mml_python_sim/__pycache__) by extension 'colcon_pkg'
[3.772s] Level 1:colcon.colcon_core.package_identification:_identify(src/mml_python_sim/__pycache__) by extensions ['colcon_meta']
[3.772s] Level 1:colcon.colcon_core.package_identification:_identify(src/mml_python_sim/__pycache__) by extension 'colcon_meta'
[3.773s] Level 1:colcon.colcon_core.package_identification:_identify(src/mml_python_sim/__pycache__) by extensions ['ros']
[3.773s] Level 1:colcon.colcon_core.package_identification:_identify(src/mml_python_sim/__pycache__) by extension 'ros'
[3.773s] Level 1:colcon.colcon_core.package_identification:_identify(src/mml_python_sim/__pycache__) by extensions ['cmake', 'python']
[3.773s] Level 1:colcon.colcon_core.package_identification:_identify(src/mml_python_sim/__pycache__) by extension 'cmake'
[3.774s] Level 1:colcon.colcon_core.package_identification:_identify(src/mml_python_sim/__pycache__) by extension 'python'
[3.774s] Level 1:colcon.colcon_core.package_identification:_identify(src/mml_python_sim/__pycache__) by extensions ['python_setup_py']
[3.774s] Level 1:colcon.colcon_core.package_identification:_identify(src/mml_python_sim/__pycache__) by extension 'python_setup_py'
[3.775s] Level 1:colcon.colcon_core.package_identification:_identify(src/mml_python_sim/adp) by extensions ['ignore', 'ignore_ament_install']
[3.775s] Level 1:colcon.colcon_core.package_identification:_identify(src/mml_python_sim/adp) by extension 'ignore'
[3.775s] Level 1:colcon.colcon_core.package_identification:_identify(src/mml_python_sim/adp) ignored
[3.776s] Level 1:colcon.colcon_core.package_identification:_identify(src/mml_python_sim/build) by extensions ['ignore', 'ignore_ament_install']
[3.776s] Level 1:colcon.colcon_core.package_identification:_identify(src/mml_python_sim/build) by extension 'ignore'
[3.777s] Level 1:colcon.colcon_core.package_identification:_identify(src/mml_python_sim/build) ignored
[3.778s] Level 1:colcon.colcon_core.package_identification:_identify(src/mml_python_sim/env_images) by extensions ['ignore', 'ignore_ament_install']
[3.780s] Level 1:colcon.colcon_core.package_identification:_identify(src/mml_python_sim/env_images) by extension 'ignore'
[3.780s] Level 1:colcon.colcon_core.package_identification:_identify(src/mml_python_sim/env_images) ignored
[3.781s] Level 1:colcon.colcon_core.package_identification:_identify(src/mml_python_sim/environments) by extensions ['ignore', 'ignore_ament_install']
[3.783s] Level 1:colcon.colcon_core.package_identification:_identify(src/mml_python_sim/environments) by extension 'ignore'
[3.784s] Level 1:colcon.colcon_core.package_identification:_identify(src/mml_python_sim/environments) ignored
[3.785s] Level 1:colcon.colcon_core.package_identification:_identify(src/mml_python_sim/install) by extensions ['ignore', 'ignore_ament_install']
[3.785s] Level 1:colcon.colcon_core.package_identification:_identify(src/mml_python_sim/install) by extension 'ignore'
[3.785s] Level 1:colcon.colcon_core.package_identification:_identify(src/mml_python_sim/install) ignored
[3.786s] Level 1:colcon.colcon_core.package_identification:_identify(src/mml_python_sim/log) by extensions ['ignore', 'ignore_ament_install']
[3.787s] Level 1:colcon.colcon_core.package_identification:_identify(src/mml_python_sim/log) by extension 'ignore'
[3.788s] Level 1:colcon.colcon_core.package_identification:_identify(src/mml_python_sim/log) ignored
[3.790s] Level 1:colcon.colcon_core.package_identification:_identify(src/mml_python_sim/logs) by extensions ['ignore', 'ignore_ament_install']
[3.791s] Level 1:colcon.colcon_core.package_identification:_identify(src/mml_python_sim/logs) by extension 'ignore'
[3.792s] Level 1:colcon.colcon_core.package_identification:_identify(src/mml_python_sim/logs) by extension 'ignore_ament_install'
[3.793s] Level 1:colcon.colcon_core.package_identification:_identify(src/mml_python_sim/logs) by extensions ['colcon_pkg']
[3.794s] Level 1:colcon.colcon_core.package_identification:_identify(src/mml_python_sim/logs) by extension 'colcon_pkg'
[3.795s] Level 1:colcon.colcon_core.package_identification:_identify(src/mml_python_sim/logs) by extensions ['colcon_meta']
[3.796s] Level 1:colcon.colcon_core.package_identification:_identify(src/mml_python_sim/logs) by extension 'colcon_meta'
[3.797s] Level 1:colcon.colcon_core.package_identification:_identify(src/mml_python_sim/logs) by extensions ['ros']
[3.798s] Level 1:colcon.colcon_core.package_identification:_identify(src/mml_python_sim/logs) by extension 'ros'
[3.801s] Level 1:colcon.colcon_core.package_identification:_identify(src/mml_python_sim/logs) by extensions ['cmake', 'python']
[3.801s] Level 1:colcon.colcon_core.package_identification:_identify(src/mml_python_sim/logs) by extension 'cmake'
[3.803s] Level 1:colcon.colcon_core.package_identification:_identify(src/mml_python_sim/logs) by extension 'python'
[3.804s] Level 1:colcon.colcon_core.package_identification:_identify(src/mml_python_sim/logs) by extensions ['python_setup_py']
[3.805s] Level 1:colcon.colcon_core.package_identification:_identify(src/mml_python_sim/logs) by extension 'python_setup_py'
[3.808s] Level 1:colcon.colcon_core.package_identification:_identify(src/mml_python_sim/logs_recurrent) by extensions ['ignore', 'ignore_ament_install']
[3.809s] Level 1:colcon.colcon_core.package_identification:_identify(src/mml_python_sim/logs_recurrent) by extension 'ignore'
[3.810s] Level 1:colcon.colcon_core.package_identification:_identify(src/mml_python_sim/logs_recurrent) by extension 'ignore_ament_install'
[3.811s] Level 1:colcon.colcon_core.package_identification:_identify(src/mml_python_sim/logs_recurrent) by extensions ['colcon_pkg']
[3.811s] Level 1:colcon.colcon_core.package_identification:_identify(src/mml_python_sim/logs_recurrent) by extension 'colcon_pkg'
[3.812s] Level 1:colcon.colcon_core.package_identification:_identify(src/mml_python_sim/logs_recurrent) by extensions ['colcon_meta']
[3.813s] Level 1:colcon.colcon_core.package_identification:_identify(src/mml_python_sim/logs_recurrent) by extension 'colcon_meta'
[3.814s] Level 1:colcon.colcon_core.package_identification:_identify(src/mml_python_sim/logs_recurrent) by extensions ['ros']
[3.814s] Level 1:colcon.colcon_core.package_identification:_identify(src/mml_python_sim/logs_recurrent) by extension 'ros'
[3.815s] Level 1:colcon.colcon_core.package_identification:_identify(src/mml_python_sim/logs_recurrent) by extensions ['cmake', 'python']
[3.815s] Level 1:colcon.colcon_core.package_identification:_identify(src/mml_python_sim/logs_recurrent) by extension 'cmake'
[3.816s] Level 1:colcon.colcon_core.package_identification:_identify(src/mml_python_sim/logs_recurrent) by extension 'python'
[3.816s] Level 1:colcon.colcon_core.package_identification:_identify(src/mml_python_sim/logs_recurrent) by extensions ['python_setup_py']
[3.816s] Level 1:colcon.colcon_core.package_identification:_identify(src/mml_python_sim/logs_recurrent) by extension 'python_setup_py'
[3.817s] Level 1:colcon.colcon_core.package_identification:_identify(src/mml_python_sim/models) by extensions ['ignore', 'ignore_ament_install']
[3.817s] Level 1:colcon.colcon_core.package_identification:_identify(src/mml_python_sim/models) by extension 'ignore'
[3.818s] Level 1:colcon.colcon_core.package_identification:_identify(src/mml_python_sim/models) ignored
[3.818s] Level 1:colcon.colcon_core.package_identification:_identify(src/mml_python_sim/models_offline) by extensions ['ignore', 'ignore_ament_install']
[3.819s] Level 1:colcon.colcon_core.package_identification:_identify(src/mml_python_sim/models_offline) by extension 'ignore'
[3.819s] Level 1:colcon.colcon_core.package_identification:_identify(src/mml_python_sim/models_offline) ignored
[3.820s] Level 1:colcon.colcon_core.package_identification:_identify(src/mml_python_sim/models_recurrent) by extensions ['ignore', 'ignore_ament_install']
[3.821s] Level 1:colcon.colcon_core.package_identification:_identify(src/mml_python_sim/models_recurrent) by extension 'ignore'
[3.821s] Level 1:colcon.colcon_core.package_identification:_identify(src/mml_python_sim/models_recurrent) ignored
[3.822s] Level 1:colcon.colcon_core.package_identification:_identify(src/mml_python_sim/pdf_resource) by extensions ['ignore', 'ignore_ament_install']
[3.822s] Level 1:colcon.colcon_core.package_identification:_identify(src/mml_python_sim/pdf_resource) by extension 'ignore'
[3.823s] Level 1:colcon.colcon_core.package_identification:_identify(src/mml_python_sim/pdf_resource) ignored
[3.823s] Level 1:colcon.colcon_core.package_identification:_identify(src/mml_python_sim/scripts) by extensions ['ignore', 'ignore_ament_install']
[3.824s] Level 1:colcon.colcon_core.package_identification:_identify(src/mml_python_sim/scripts) by extension 'ignore'
[3.824s] Level 1:colcon.colcon_core.package_identification:_identify(src/mml_python_sim/scripts) ignored
[3.825s] Level 1:colcon.colcon_core.package_identification:_identify(src/mml_python_sim/simulation_utils) by extensions ['ignore', 'ignore_ament_install']
[3.826s] Level 1:colcon.colcon_core.package_identification:_identify(src/mml_python_sim/simulation_utils) by extension 'ignore'
[3.826s] Level 1:colcon.colcon_core.package_identification:_identify(src/mml_python_sim/simulation_utils) ignored
[3.827s] Level 1:colcon.colcon_core.package_identification:_identify(src/mml_python_sim/src) by extensions ['ignore', 'ignore_ament_install']
[3.827s] Level 1:colcon.colcon_core.package_identification:_identify(src/mml_python_sim/src) by extension 'ignore'
[3.828s] Level 1:colcon.colcon_core.package_identification:_identify(src/mml_python_sim/src) by extension 'ignore_ament_install'
[3.829s] Level 1:colcon.colcon_core.package_identification:_identify(src/mml_python_sim/src) by extensions ['colcon_pkg']
[3.830s] Level 1:colcon.colcon_core.package_identification:_identify(src/mml_python_sim/src) by extension 'colcon_pkg'
[3.831s] Level 1:colcon.colcon_core.package_identification:_identify(src/mml_python_sim/src) by extensions ['colcon_meta']
[3.832s] Level 1:colcon.colcon_core.package_identification:_identify(src/mml_python_sim/src) by extension 'colcon_meta'
[3.833s] Level 1:colcon.colcon_core.package_identification:_identify(src/mml_python_sim/src) by extensions ['ros']
[3.834s] Level 1:colcon.colcon_core.package_identification:_identify(src/mml_python_sim/src) by extension 'ros'
[3.837s] Level 1:colcon.colcon_core.package_identification:_identify(src/mml_python_sim/src) by extensions ['cmake', 'python']
[3.838s] Level 1:colcon.colcon_core.package_identification:_identify(src/mml_python_sim/src) by extension 'cmake'
[3.840s] Level 1:colcon.colcon_core.package_identification:_identify(src/mml_python_sim/src) by extension 'python'
[3.841s] Level 1:colcon.colcon_core.package_identification:_identify(src/mml_python_sim/src) by extensions ['python_setup_py']
[3.842s] Level 1:colcon.colcon_core.package_identification:_identify(src/mml_python_sim/src) by extension 'python_setup_py'
[3.844s] Level 1:colcon.colcon_core.package_identification:_identify(src/mml_python_sim/src/mml_guidance) by extensions ['ignore', 'ignore_ament_install']
[3.845s] Level 1:colcon.colcon_core.package_identification:_identify(src/mml_python_sim/src/mml_guidance) by extension 'ignore'
[3.847s] Level 1:colcon.colcon_core.package_identification:_identify(src/mml_python_sim/src/mml_guidance) by extension 'ignore_ament_install'
[3.849s] Level 1:colcon.colcon_core.package_identification:_identify(src/mml_python_sim/src/mml_guidance) by extensions ['colcon_pkg']
[3.850s] Level 1:colcon.colcon_core.package_identification:_identify(src/mml_python_sim/src/mml_guidance) by extension 'colcon_pkg'
[3.850s] Level 1:colcon.colcon_core.package_identification:_identify(src/mml_python_sim/src/mml_guidance) by extensions ['colcon_meta']
[3.851s] Level 1:colcon.colcon_core.package_identification:_identify(src/mml_python_sim/src/mml_guidance) by extension 'colcon_meta'
[3.851s] Level 1:colcon.colcon_core.package_identification:_identify(src/mml_python_sim/src/mml_guidance) by extensions ['ros']
[3.852s] Level 1:colcon.colcon_core.package_identification:_identify(src/mml_python_sim/src/mml_guidance) by extension 'ros'
[3.856s] DEBUG:colcon.colcon_core.package_identification:Package 'src/mml_python_sim/src/mml_guidance' with type 'ros.ament_python' and name 'mml_guidance'
[3.857s] Level 1:colcon.colcon_core.package_identification:_identify(src/mml_python_sim/training) by extensions ['ignore', 'ignore_ament_install']
[3.858s] Level 1:colcon.colcon_core.package_identification:_identify(src/mml_python_sim/training) by extension 'ignore'
[3.858s] Level 1:colcon.colcon_core.package_identification:_identify(src/mml_python_sim/training) ignored
[3.859s] Level 1:colcon.colcon_core.package_identification:_identify(src/sjtu_drone) by extensions ['ignore', 'ignore_ament_install']
[3.859s] Level 1:colcon.colcon_core.package_identification:_identify(src/sjtu_drone) by extension 'ignore'
[3.860s] Level 1:colcon.colcon_core.package_identification:_identify(src/sjtu_drone) by extension 'ignore_ament_install'
[3.860s] Level 1:colcon.colcon_core.package_identification:_identify(src/sjtu_drone) by extensions ['colcon_pkg']
[3.861s] Level 1:colcon.colcon_core.package_identification:_identify(src/sjtu_drone) by extension 'colcon_pkg'
[3.861s] Level 1:colcon.colcon_core.package_identification:_identify(src/sjtu_drone) by extensions ['colcon_meta']
[3.861s] Level 1:colcon.colcon_core.package_identification:_identify(src/sjtu_drone) by extension 'colcon_meta'
[3.861s] Level 1:colcon.colcon_core.package_identification:_identify(src/sjtu_drone) by extensions ['ros']
[3.862s] Level 1:colcon.colcon_core.package_identification:_identify(src/sjtu_drone) by extension 'ros'
[3.862s] Level 1:colcon.colcon_core.package_identification:_identify(src/sjtu_drone) by extensions ['cmake', 'python']
[3.863s] Level 1:colcon.colcon_core.package_identification:_identify(src/sjtu_drone) by extension 'cmake'
[3.863s] Level 1:colcon.colcon_core.package_identification:_identify(src/sjtu_drone) by extension 'python'
[3.863s] Level 1:colcon.colcon_core.package_identification:_identify(src/sjtu_drone) by extensions ['python_setup_py']
[3.864s] Level 1:colcon.colcon_core.package_identification:_identify(src/sjtu_drone) by extension 'python_setup_py'
[3.864s] Level 1:colcon.colcon_core.package_identification:_identify(src/sjtu_drone/imgs) by extensions ['ignore', 'ignore_ament_install']
[3.865s] Level 1:colcon.colcon_core.package_identification:_identify(src/sjtu_drone/imgs) by extension 'ignore'
[3.866s] Level 1:colcon.colcon_core.package_identification:_identify(src/sjtu_drone/imgs) by extension 'ignore_ament_install'
[3.866s] Level 1:colcon.colcon_core.package_identification:_identify(src/sjtu_drone/imgs) by extensions ['colcon_pkg']
[3.866s] Level 1:colcon.colcon_core.package_identification:_identify(src/sjtu_drone/imgs) by extension 'colcon_pkg'
[3.867s] Level 1:colcon.colcon_core.package_identification:_identify(src/sjtu_drone/imgs) by extensions ['colcon_meta']
[3.867s] Level 1:colcon.colcon_core.package_identification:_identify(src/sjtu_drone/imgs) by extension 'colcon_meta'
[3.867s] Level 1:colcon.colcon_core.package_identification:_identify(src/sjtu_drone/imgs) by extensions ['ros']
[3.868s] Level 1:colcon.colcon_core.package_identification:_identify(src/sjtu_drone/imgs) by extension 'ros'
[3.868s] Level 1:colcon.colcon_core.package_identification:_identify(src/sjtu_drone/imgs) by extensions ['cmake', 'python']
[3.869s] Level 1:colcon.colcon_core.package_identification:_identify(src/sjtu_drone/imgs) by extension 'cmake'
[3.869s] Level 1:colcon.colcon_core.package_identification:_identify(src/sjtu_drone/imgs) by extension 'python'
[3.870s] Level 1:colcon.colcon_core.package_identification:_identify(src/sjtu_drone/imgs) by extensions ['python_setup_py']
[3.871s] Level 1:colcon.colcon_core.package_identification:_identify(src/sjtu_drone/imgs) by extension 'python_setup_py'
[3.872s] Level 1:colcon.colcon_core.package_identification:_identify(src/sjtu_drone/sjtu_drone_bringup) by extensions ['ignore', 'ignore_ament_install']
[3.873s] Level 1:colcon.colcon_core.package_identification:_identify(src/sjtu_drone/sjtu_drone_bringup) by extension 'ignore'
[3.874s] Level 1:colcon.colcon_core.package_identification:_identify(src/sjtu_drone/sjtu_drone_bringup) by extension 'ignore_ament_install'
[3.875s] Level 1:colcon.colcon_core.package_identification:_identify(src/sjtu_drone/sjtu_drone_bringup) by extensions ['colcon_pkg']
[3.875s] Level 1:colcon.colcon_core.package_identification:_identify(src/sjtu_drone/sjtu_drone_bringup) by extension 'colcon_pkg'
[3.876s] Level 1:colcon.colcon_core.package_identification:_identify(src/sjtu_drone/sjtu_drone_bringup) by extensions ['colcon_meta']
[3.877s] Level 1:colcon.colcon_core.package_identification:_identify(src/sjtu_drone/sjtu_drone_bringup) by extension 'colcon_meta'
[3.878s] Level 1:colcon.colcon_core.package_identification:_identify(src/sjtu_drone/sjtu_drone_bringup) by extensions ['ros']
[3.878s] Level 1:colcon.colcon_core.package_identification:_identify(src/sjtu_drone/sjtu_drone_bringup) by extension 'ros'
[3.899s] DEBUG:colcon.colcon_core.package_identification:Package 'src/sjtu_drone/sjtu_drone_bringup' with type 'ros.ament_python' and name 'sjtu_drone_bringup'
[3.901s] Level 1:colcon.colcon_core.package_identification:_identify(src/sjtu_drone/sjtu_drone_control) by extensions ['ignore', 'ignore_ament_install']
[3.901s] Level 1:colcon.colcon_core.package_identification:_identify(src/sjtu_drone/sjtu_drone_control) by extension 'ignore'
[3.902s] Level 1:colcon.colcon_core.package_identification:_identify(src/sjtu_drone/sjtu_drone_control) by extension 'ignore_ament_install'
[3.903s] Level 1:colcon.colcon_core.package_identification:_identify(src/sjtu_drone/sjtu_drone_control) by extensions ['colcon_pkg']
[3.904s] Level 1:colcon.colcon_core.package_identification:_identify(src/sjtu_drone/sjtu_drone_control) by extension 'colcon_pkg'
[3.904s] Level 1:colcon.colcon_core.package_identification:_identify(src/sjtu_drone/sjtu_drone_control) by extensions ['colcon_meta']
[3.905s] Level 1:colcon.colcon_core.package_identification:_identify(src/sjtu_drone/sjtu_drone_control) by extension 'colcon_meta'
[3.905s] Level 1:colcon.colcon_core.package_identification:_identify(src/sjtu_drone/sjtu_drone_control) by extensions ['ros']
[3.906s] Level 1:colcon.colcon_core.package_identification:_identify(src/sjtu_drone/sjtu_drone_control) by extension 'ros'
[3.913s] DEBUG:colcon.colcon_core.package_identification:Package 'src/sjtu_drone/sjtu_drone_control' with type 'ros.ament_python' and name 'sjtu_drone_control'
[3.914s] Level 1:colcon.colcon_core.package_identification:_identify(src/sjtu_drone/sjtu_drone_description) by extensions ['ignore', 'ignore_ament_install']
[3.915s] Level 1:colcon.colcon_core.package_identification:_identify(src/sjtu_drone/sjtu_drone_description) by extension 'ignore'
[3.915s] Level 1:colcon.colcon_core.package_identification:_identify(src/sjtu_drone/sjtu_drone_description) by extension 'ignore_ament_install'
[3.916s] Level 1:colcon.colcon_core.package_identification:_identify(src/sjtu_drone/sjtu_drone_description) by extensions ['colcon_pkg']
[3.916s] Level 1:colcon.colcon_core.package_identification:_identify(src/sjtu_drone/sjtu_drone_description) by extension 'colcon_pkg'
[3.917s] Level 1:colcon.colcon_core.package_identification:_identify(src/sjtu_drone/sjtu_drone_description) by extensions ['colcon_meta']
[3.917s] Level 1:colcon.colcon_core.package_identification:_identify(src/sjtu_drone/sjtu_drone_description) by extension 'colcon_meta'
[3.917s] Level 1:colcon.colcon_core.package_identification:_identify(src/sjtu_drone/sjtu_drone_description) by extensions ['ros']
[3.918s] Level 1:colcon.colcon_core.package_identification:_identify(src/sjtu_drone/sjtu_drone_description) by extension 'ros'
[3.931s] DEBUG:colcon.colcon_core.package_identification:Package 'src/sjtu_drone/sjtu_drone_description' with type 'ros.ament_cmake' and name 'sjtu_drone_description'
[3.932s] Level 1:colcon.colcon_core.package_discovery:discover_packages(recursive) using defaults
[3.933s] Level 1:colcon.colcon_core.package_discovery:discover_packages(ignore) discover
[3.935s] Level 1:colcon.colcon_core.package_discovery:discover_packages(ignore) using defaults
[3.936s] Level 1:colcon.colcon_core.package_discovery:discover_packages(path) discover
[3.936s] Level 1:colcon.colcon_core.package_discovery:discover_packages(path) using defaults
[4.131s] INFO:colcon.colcon_core.package_selection:Skipping not selected package 'mml_guidance' in 'src/mml_python_sim/src/mml_guidance'
[4.132s] INFO:colcon.colcon_core.package_selection:Skipping not selected package 'sjtu_drone_control' in 'src/sjtu_drone/sjtu_drone_control'
[4.132s] INFO:colcon.colcon_core.package_selection:Skipping not selected package 'sjtu_drone_description' in 'src/sjtu_drone/sjtu_drone_description'
[4.139s] Level 1:colcon.colcon_core.package_discovery:discover_packages(prefix_path) check parameters
[4.140s] Level 1:colcon.colcon_core.package_discovery:discover_packages(prefix_path) discover
[4.189s] DEBUG:colcon.colcon_installed_package_information.package_discovery:Found 411 installed packages in /opt/ros/jazzy
[4.206s] Level 1:colcon.colcon_core.package_discovery:discover_packages(prefix_path) using defaults
[4.990s] Level 5:colcon.colcon_core.verb:set package 'drive_drone' build argument 'cmake_args' from command line to 'None'
[4.992s] Level 5:colcon.colcon_core.verb:set package 'drive_drone' build argument 'cmake_target' from command line to 'None'
[4.992s] Level 5:colcon.colcon_core.verb:set package 'drive_drone' build argument 'cmake_target_skip_unavailable' from command line to 'False'
[4.993s] Level 5:colcon.colcon_core.verb:set package 'drive_drone' build argument 'cmake_clean_cache' from command line to 'False'
[4.994s] Level 5:colcon.colcon_core.verb:set package 'drive_drone' build argument 'cmake_clean_first' from command line to 'False'
[4.995s] Level 5:colcon.colcon_core.verb:set package 'drive_drone' build argument 'cmake_force_configure' from command line to 'False'
[4.996s] Level 5:colcon.colcon_core.verb:set package 'drive_drone' build argument 'ament_cmake_args' from command line to 'None'
[4.997s] Level 5:colcon.colcon_core.verb:set package 'drive_drone' build argument 'catkin_cmake_args' from command line to 'None'
[4.998s] Level 5:colcon.colcon_core.verb:set package 'drive_drone' build argument 'catkin_skip_building_tests' from command line to 'False'
[4.999s] DEBUG:colcon.colcon_core.verb:Building package 'drive_drone' with the following arguments: {'ament_cmake_args': None, 'build_base': '/home/user/PPO_drone_Gazebo_ROS2/build/drive_drone', 'catkin_cmake_args': None, 'catkin_skip_building_tests': False, 'cmake_args': None, 'cmake_clean_cache': False, 'cmake_clean_first': False, 'cmake_force_configure': False, 'cmake_target': None, 'cmake_target_skip_unavailable': False, 'install_base': '/home/user/PPO_drone_Gazebo_ROS2/install/drive_drone', 'merge_install': False, 'path': '/home/user/PPO_drone_Gazebo_ROS2/src/drive_drone', 'symlink_install': True, 'test_result_base': None}
[5.005s] Level 5:colcon.colcon_core.verb:set package 'sjtu_drone_bringup' build argument 'cmake_args' from command line to 'None'
[5.006s] Level 5:colcon.colcon_core.verb:set package 'sjtu_drone_bringup' build argument 'cmake_target' from command line to 'None'
[5.006s] Level 5:colcon.colcon_core.verb:set package 'sjtu_drone_bringup' build argument 'cmake_target_skip_unavailable' from command line to 'False'
[5.007s] Level 5:colcon.colcon_core.verb:set package 'sjtu_drone_bringup' build argument 'cmake_clean_cache' from command line to 'False'
[5.008s] Level 5:colcon.colcon_core.verb:set package 'sjtu_drone_bringup' build argument 'cmake_clean_first' from command line to 'False'
[5.009s] Level 5:colcon.colcon_core.verb:set package 'sjtu_drone_bringup' build argument 'cmake_force_configure' from command line to 'False'
[5.009s] Level 5:colcon.colcon_core.verb:set package 'sjtu_drone_bringup' build argument 'ament_cmake_args' from command line to 'None'
[5.009s] Level 5:colcon.colcon_core.verb:set package 'sjtu_drone_bringup' build argument 'catkin_cmake_args' from command line to 'None'
[5.010s] Level 5:colcon.colcon_core.verb:set package 'sjtu_drone_bringup' build argument 'catkin_skip_building_tests' from command line to 'False'
[5.011s] DEBUG:colcon.colcon_core.verb:Building package 'sjtu_drone_bringup' with the following arguments: {'ament_cmake_args': None, 'build_base': '/home/user/PPO_drone_Gazebo_ROS2/build/sjtu_drone_bringup', 'catkin_cmake_args': None, 'catkin_skip_building_tests': False, 'cmake_args': None, 'cmake_clean_cache': False, 'cmake_clean_first': False, 'cmake_force_configure': False, 'cmake_target': None, 'cmake_target_skip_unavailable': False, 'install_base': '/home/user/PPO_drone_Gazebo_ROS2/install/sjtu_drone_bringup', 'merge_install': False, 'path': '/home/user/PPO_drone_Gazebo_ROS2/src/sjtu_drone/sjtu_drone_bringup', 'symlink_install': True, 'test_result_base': None}
[5.013s] INFO:colcon.colcon_core.executor:Executing jobs using 'parallel' executor
[5.020s] DEBUG:colcon.colcon_parallel_executor.executor.parallel:run_until_complete
[5.021s] INFO:colcon.colcon_ros.task.ament_cmake.build:Building ROS package in '/home/user/PPO_drone_Gazebo_ROS2/src/drive_drone' with build type 'ament_cmake'
[5.023s] INFO:colcon.colcon_cmake.task.cmake.build:Building CMake package in '/home/user/PPO_drone_Gazebo_ROS2/src/drive_drone'
[5.065s] INFO:colcon.colcon_core.plugin_system:Skipping extension 'colcon_core.shell.bat': Not used on non-Windows systems
[5.068s] INFO:colcon.colcon_core.shell:Skip shell extension 'powershell' for command environment: Not usable outside of PowerShell
[5.069s] DEBUG:colcon.colcon_core.shell:Skip shell extension 'dsv' for command environment
[5.123s] INFO:colcon.colcon_ros.task.ament_python.build:Building ROS package in '/home/user/PPO_drone_Gazebo_ROS2/src/sjtu_drone/sjtu_drone_bringup' with build type 'ament_python'
[5.124s] Level 1:colcon.colcon_core.shell:create_environment_hook('sjtu_drone_bringup', 'ament_prefix_path')
[5.126s] INFO:colcon.colcon_core.shell:Creating environment hook '/home/user/PPO_drone_Gazebo_ROS2/install/sjtu_drone_bringup/share/sjtu_drone_bringup/hook/ament_prefix_path.ps1'
[5.131s] INFO:colcon.colcon_core.shell:Creating environment descriptor '/home/user/PPO_drone_Gazebo_ROS2/install/sjtu_drone_bringup/share/sjtu_drone_bringup/hook/ament_prefix_path.dsv'
[5.135s] INFO:colcon.colcon_core.shell:Creating environment hook '/home/user/PPO_drone_Gazebo_ROS2/install/sjtu_drone_bringup/share/sjtu_drone_bringup/hook/ament_prefix_path.sh'
[5.139s] INFO:colcon.colcon_core.shell:Skip shell extension 'powershell' for command environment: Not usable outside of PowerShell
[5.140s] DEBUG:colcon.colcon_core.shell:Skip shell extension 'dsv' for command environment
[5.230s] DEBUG:colcon.colcon_core.event_handler.log_command:Invoking command in '/home/user/PPO_drone_Gazebo_ROS2/build/drive_drone': CMAKE_PREFIX_PATH=${CMAKE_PREFIX_PATH}:/opt/ros/jazzy CONDA_PROMPT_MODIFIER=(base) DEBUGINFOD_URLS=https://debuginfod.ubuntu.com /usr/bin/cmake /home/user/PPO_drone_Gazebo_ROS2/src/drive_drone -DAMENT_CMAKE_SYMLINK_INSTALL=1 -DCMAKE_INSTALL_PREFIX=/home/user/PPO_drone_Gazebo_ROS2/install/drive_drone
[8.365s] INFO:colcon.colcon_core.task.python.build:Building Python package in '/home/user/PPO_drone_Gazebo_ROS2/src/sjtu_drone/sjtu_drone_bringup'
[8.366s] INFO:colcon.colcon_core.shell:Skip shell extension 'powershell' for command environment: Not usable outside of PowerShell
[8.366s] DEBUG:colcon.colcon_core.shell:Skip shell extension 'dsv' for command environment
[19.464s] DEBUG:colcon.colcon_core.task.python.build:While undoing a previous installation files outside the Python library path are being ignored: /home/user/PPO_drone_Gazebo_ROS2/install/sjtu_drone_bringup/lib/python3.10/site-packages/sjtu_drone_bringup/spawn_drone.py
[19.464s] DEBUG:colcon.colcon_core.task.python.build:While undoing a previous installation files outside the Python library path are being ignored: /home/user/PPO_drone_Gazebo_ROS2/install/sjtu_drone_bringup/lib/python3.10/site-packages/sjtu_drone_bringup/__init__.py
[19.465s] DEBUG:colcon.colcon_core.task.python.build:While undoing a previous installation files outside the Python library path are being ignored: /home/user/PPO_drone_Gazebo_ROS2/install/sjtu_drone_bringup/lib/python3.10/site-packages/sjtu_drone_bringup/__pycache__/spawn_drone.cpython-310.pyc
[19.465s] DEBUG:colcon.colcon_core.task.python.build:While undoing a previous installation files outside the Python library path are being ignored: /home/user/PPO_drone_Gazebo_ROS2/install/sjtu_drone_bringup/lib/python3.10/site-packages/sjtu_drone_bringup/__pycache__/__init__.cpython-310.pyc
[19.466s] DEBUG:colcon.colcon_core.task.python.build:While undoing a previous installation files outside the Python library path are being ignored: /home/user/PPO_drone_Gazebo_ROS2/install/sjtu_drone_bringup/share/ament_index/resource_index/packages/sjtu_drone_bringup
[19.472s] DEBUG:colcon.colcon_core.task.python.build:While undoing a previous installation files outside the Python library path are being ignored: /home/user/PPO_drone_Gazebo_ROS2/install/sjtu_drone_bringup/share/sjtu_drone_bringup/package.xml
[19.472s] DEBUG:colcon.colcon_core.task.python.build:While undoing a previous installation files outside the Python library path are being ignored: /home/user/PPO_drone_Gazebo_ROS2/install/sjtu_drone_bringup/share/sjtu_drone_bringup/launch/sjtu_drone_bringup.launch.py
[19.472s] DEBUG:colcon.colcon_core.task.python.build:While undoing a previous installation files outside the Python library path are being ignored: /home/user/PPO_drone_Gazebo_ROS2/install/sjtu_drone_bringup/share/sjtu_drone_bringup/rviz/rviz.rviz
[19.472s] DEBUG:colcon.colcon_core.task.python.build:While undoing a previous installation files outside the Python library path are being ignored: /home/user/PPO_drone_Gazebo_ROS2/install/sjtu_drone_bringup/share/sjtu_drone_bringup/config/drone.yaml
[19.473s] DEBUG:colcon.colcon_core.task.python.build:While undoing a previous installation files outside the Python library path are being ignored: /home/user/PPO_drone_Gazebo_ROS2/install/sjtu_drone_bringup/lib/python3.10/site-packages/sjtu_drone_bringup-0.0.0-py3.10.egg-info/top_level.txt
[19.473s] DEBUG:colcon.colcon_core.task.python.build:While undoing a previous installation files outside the Python library path are being ignored: /home/user/PPO_drone_Gazebo_ROS2/install/sjtu_drone_bringup/lib/python3.10/site-packages/sjtu_drone_bringup-0.0.0-py3.10.egg-info/zip-safe
[19.473s] DEBUG:colcon.colcon_core.task.python.build:While undoing a previous installation files outside the Python library path are being ignored: /home/user/PPO_drone_Gazebo_ROS2/install/sjtu_drone_bringup/lib/python3.10/site-packages/sjtu_drone_bringup-0.0.0-py3.10.egg-info/SOURCES.txt
[19.473s] DEBUG:colcon.colcon_core.task.python.build:While undoing a previous installation files outside the Python library path are being ignored: /home/user/PPO_drone_Gazebo_ROS2/install/sjtu_drone_bringup/lib/python3.10/site-packages/sjtu_drone_bringup-0.0.0-py3.10.egg-info/entry_points.txt
[19.474s] DEBUG:colcon.colcon_core.task.python.build:While undoing a previous installation files outside the Python library path are being ignored: /home/user/PPO_drone_Gazebo_ROS2/install/sjtu_drone_bringup/lib/python3.10/site-packages/sjtu_drone_bringup-0.0.0-py3.10.egg-info/dependency_links.txt
[19.477s] DEBUG:colcon.colcon_core.task.python.build:While undoing a previous installation files outside the Python library path are being ignored: /home/user/PPO_drone_Gazebo_ROS2/install/sjtu_drone_bringup/lib/python3.10/site-packages/sjtu_drone_bringup-0.0.0-py3.10.egg-info/requires.txt
[19.477s] DEBUG:colcon.colcon_core.task.python.build:While undoing a previous installation files outside the Python library path are being ignored: /home/user/PPO_drone_Gazebo_ROS2/install/sjtu_drone_bringup/lib/python3.10/site-packages/sjtu_drone_bringup-0.0.0-py3.10.egg-info/PKG-INFO
[19.477s] DEBUG:colcon.colcon_core.task.python.build:While undoing a previous installation files outside the Python library path are being ignored: /home/user/PPO_drone_Gazebo_ROS2/install/sjtu_drone_bringup/lib/sjtu_drone_bringup/spawn_drone
[19.490s] DEBUG:colcon.colcon_core.event_handler.log_command:Invoking command in '/home/user/PPO_drone_Gazebo_ROS2/build/sjtu_drone_bringup': CONDA_PROMPT_MODIFIER=(base) DEBUGINFOD_URLS=https://debuginfod.ubuntu.com PYTHONPATH=/home/user/PPO_drone_Gazebo_ROS2/build/sjtu_drone_bringup/prefix_override:/usr/lib/python3/dist-packages/colcon_core/task/python/colcon_distutils_commands:/home/user/PPO_drone_Gazebo_ROS2/install/sjtu_drone_bringup/lib/python3.12/site-packages:${PYTHONPATH} /usr/bin/python3 -W ignore:setup.py install is deprecated -W ignore:easy_install command is deprecated setup.py develop --editable --build-directory /home/user/PPO_drone_Gazebo_ROS2/build/sjtu_drone_bringup/build --no-deps symlink_data --force
[20.567s] DEBUG:colcon.colcon_core.event_handler.log_command:Invoked command in '/home/user/PPO_drone_Gazebo_ROS2/build/drive_drone' returned '0': CMAKE_PREFIX_PATH=${CMAKE_PREFIX_PATH}:/opt/ros/jazzy CONDA_PROMPT_MODIFIER=(base) DEBUGINFOD_URLS=https://debuginfod.ubuntu.com /usr/bin/cmake /home/user/PPO_drone_Gazebo_ROS2/src/drive_drone -DAMENT_CMAKE_SYMLINK_INSTALL=1 -DCMAKE_INSTALL_PREFIX=/home/user/PPO_drone_Gazebo_ROS2/install/drive_drone
[20.579s] DEBUG:colcon.colcon_core.event_handler.log_command:Invoking command in '/home/user/PPO_drone_Gazebo_ROS2/build/drive_drone': CMAKE_PREFIX_PATH=${CMAKE_PREFIX_PATH}:/opt/ros/jazzy CONDA_PROMPT_MODIFIER=(base) DEBUGINFOD_URLS=https://debuginfod.ubuntu.com /usr/bin/cmake --build /home/user/PPO_drone_Gazebo_ROS2/build/drive_drone -- -j8 -l8
[33.677s] DEBUG:colcon.colcon_core.event_handler.log_command:Invoked command in '/home/user/PPO_drone_Gazebo_ROS2/build/sjtu_drone_bringup' returned '1': CONDA_PROMPT_MODIFIER=(base) DEBUGINFOD_URLS=https://debuginfod.ubuntu.com PYTHONPATH=/home/user/PPO_drone_Gazebo_ROS2/build/sjtu_drone_bringup/prefix_override:/usr/lib/python3/dist-packages/colcon_core/task/python/colcon_distutils_commands:/home/user/PPO_drone_Gazebo_ROS2/install/sjtu_drone_bringup/lib/python3.12/site-packages:${PYTHONPATH} /usr/bin/python3 -W ignore:setup.py install is deprecated -W ignore:easy_install command is deprecated setup.py develop --editable --build-directory /home/user/PPO_drone_Gazebo_ROS2/build/sjtu_drone_bringup/build --no-deps symlink_data --force
[50.544s] DEBUG:colcon.colcon_parallel_executor.executor.parallel:run_until_complete was interrupted
[50.545s] DEBUG:colcon.colcon_parallel_executor.executor.parallel:run_until_complete again
[50.713s] DEBUG:colcon.colcon_parallel_executor.executor.parallel:run_until_complete finished
[50.713s] DEBUG:colcon.colcon_parallel_executor.executor.parallel:closing loop
[50.735s] DEBUG:colcon.colcon_parallel_executor.executor.parallel:loop closed
[50.738s] DEBUG:colcon.colcon_core.event_reactor:joining thread
[50.853s] INFO:colcon.colcon_core.plugin_system:Skipping extension 'colcon_notification.desktop_notification.terminal_notifier': Not used on non-Darwin systems
[50.854s] INFO:colcon.colcon_core.plugin_system:Skipping extension 'colcon_notification.desktop_notification.win32': Not used on non-Windows systems
[50.854s] INFO:colcon.colcon_notification.desktop_notification:Sending desktop notification using 'notify2'
[51.071s] DEBUG:colcon.colcon_core.event_reactor:joined thread
[51.081s] INFO:colcon.colcon_core.shell:Creating prefix script '/home/user/PPO_drone_Gazebo_ROS2/install/local_setup.ps1'
[51.117s] INFO:colcon.colcon_core.shell:Creating prefix util module '/home/user/PPO_drone_Gazebo_ROS2/install/_local_setup_util_ps1.py'
[51.157s] INFO:colcon.colcon_core.shell:Creating prefix chain script '/home/user/PPO_drone_Gazebo_ROS2/install/setup.ps1'
[51.169s] INFO:colcon.colcon_core.shell:Creating prefix script '/home/user/PPO_drone_Gazebo_ROS2/install/local_setup.sh'
[51.191s] INFO:colcon.colcon_core.shell:Creating prefix util module '/home/user/PPO_drone_Gazebo_ROS2/install/_local_setup_util_sh.py'
[51.214s] INFO:colcon.colcon_core.shell:Creating prefix chain script '/home/user/PPO_drone_Gazebo_ROS2/install/setup.sh'
[51.335s] INFO:colcon.colcon_core.shell:Creating prefix script '/home/user/PPO_drone_Gazebo_ROS2/install/local_setup.bash'
[51.345s] INFO:colcon.colcon_core.shell:Creating prefix chain script '/home/user/PPO_drone_Gazebo_ROS2/install/setup.bash'
[51.395s] INFO:colcon.colcon_core.shell:Creating prefix script '/home/user/PPO_drone_Gazebo_ROS2/install/local_setup.zsh'
[51.406s] INFO:colcon.colcon_core.shell:Creating prefix chain script '/home/user/PPO_drone_Gazebo_ROS2/install/setup.zsh'
