[0.029s] Invoking command in '/home/user/PPO_drone_Gazebo_ROS2/build/drive_drone': CMAKE_PREFIX_PATH=${CMAKE_PREFIX_PATH}:/opt/ros/jazzy CONDA_PROMPT_MODIFIER=(base) DEBUGINFOD_URLS=https://debuginfod.ubuntu.com /usr/bin/cmake --build /home/user/PPO_drone_Gazebo_ROS2/build/drive_drone -- -j8 -l8
[0.300s] -- The C compiler identification is GNU 13.3.0
[0.494s] -- The CXX compiler identification is GNU 13.3.0
[0.527s] -- Detecting C compiler ABI info
[0.699s] -- Detecting C compiler ABI info - done
[0.720s] -- Check for working C compiler: /usr/bin/cc - skipped
[0.721s] -- Detecting C compile features
[0.723s] -- Detecting C compile features - done
[0.744s] -- Detecting CXX compiler ABI info
[0.943s] -- Detecting CXX compiler ABI info - done
[0.965s] -- Check for working CXX compiler: /usr/bin/c++ - skipped
[0.965s] -- Detecting CXX compile features
[0.967s] -- Detecting CXX compile features - done
[0.988s] -- Found ament_cmake: 2.5.5 (/opt/ros/jazzy/share/ament_cmake/cmake)
[1.273s] -- Found Python3: /usr/bin/python3 (found version "3.12.3") found components: Interpreter 
[1.434s] -- Override CMake install command with custom implementation using symlinks instead of copying resources
[1.567s] -- Found rclcpp: 28.1.16 (/opt/ros/jazzy/share/rclcpp/cmake)
[1.700s] -- Found rosidl_generator_c: 4.6.7 (/opt/ros/jazzy/share/rosidl_generator_c/cmake)
[1.746s] -- Found rosidl_generator_cpp: 4.6.7 (/opt/ros/jazzy/share/rosidl_generator_cpp/cmake)
[1.796s] -- Using all available rosidl_typesupport_c: rosidl_typesupport_fastrtps_c;rosidl_typesupport_introspection_c
[1.862s] -- Using all available rosidl_typesupport_cpp: rosidl_typesupport_fastrtps_cpp;rosidl_typesupport_introspection_cpp
[2.128s] -- Found rmw_implementation_cmake: 7.3.3 (/opt/ros/jazzy/share/rmw_implementation_cmake/cmake)
[2.140s] -- Found rmw_fastrtps_cpp: 8.4.3 (/opt/ros/jazzy/share/rmw_fastrtps_cpp/cmake)
[2.248s] -- Found OpenSSL: /usr/lib/x86_64-linux-gnu/libcrypto.so (found version "3.0.13")  
[2.283s] -- Found FastRTPS: /opt/ros/humble/include (Required is at least version "2.13") 
[2.331s] -- Using RMW implementation 'rmw_fastrtps_cpp' as default
[2.534s] -- Found geometry_msgs: 5.3.6 (/opt/ros/jazzy/share/geometry_msgs/cmake)
[2.625s] -- Found sensor_msgs: 5.3.6 (/opt/ros/jazzy/share/sensor_msgs/cmake)
[2.688s] -- Found nav_msgs: 5.3.6 (/opt/ros/jazzy/share/nav_msgs/cmake)
[2.744s] -- Found cv_bridge: 4.1.0 (/opt/ros/jazzy/share/cv_bridge/cmake)
[2.780s] -- Found OpenCV: /usr (found version "4.6.0") 
[2.983s] -- Configuring done (2.9s)
[3.039s] -- Generating done (0.0s)
[3.057s] -- Build files have been written to: /home/user/PPO_drone_Gazebo_ROS2/build/drive_drone
[3.167s] [ 12%] [32mBuilding CXX object CMakeFiles/tb3_road_network_mover.dir/src/tb3_road_network_mover.cpp.o[0m
[3.167s] [ 25%] [32mBuilding CXX object CMakeFiles/tb3_follower_node.dir/src/tb3_follower_node.cpp.o[0m
[3.172s] [ 37%] [32mBuilding CXX object CMakeFiles/p1_a_drive_node.dir/src/p1_a_drive_node.cpp.o[0m
[3.174s] [ 50%] [32mBuilding CXX object CMakeFiles/p1_b_tb3_follower.dir/src/p1_b_tb3_follower.cpp.o[0m
[4.002s] [01m[K/home/user/PPO_drone_Gazebo_ROS2/src/drive_drone/src/p1_b_tb3_follower.cpp:4:10:[m[K [01;31m[Kfatal error: [m[Kcv_bridge/cv_bridge.h: No such file or directory
[4.002s]     4 | #include [01;31m[K"cv_bridge/cv_bridge.h"[m[K
[4.002s]       |          [01;31m[K^~~~~~~~~~~~~~~~~~~~~~~[m[K
[4.002s] compilation terminated.
[4.006s] gmake[2]: *** [CMakeFiles/p1_b_tb3_follower.dir/build.make:76: CMakeFiles/p1_b_tb3_follower.dir/src/p1_b_tb3_follower.cpp.o] Error 1
[4.006s] gmake[1]: *** [CMakeFiles/Makefile2:169: CMakeFiles/p1_b_tb3_follower.dir/all] Error 2
[4.006s] gmake[1]: *** Waiting for unfinished jobs....
[11.546s] [ 62%] [32m[1mLinking CXX executable p1_a_drive_node[0m
[11.999s] [ 62%] Built target p1_a_drive_node
[19.398s] [ 75%] [32m[1mLinking CXX executable tb3_road_network_mover[0m
[20.041s] [ 75%] Built target tb3_road_network_mover
[22.988s] [ 87%] [32m[1mLinking CXX executable tb3_follower_node[0m
[23.760s] [ 87%] Built target tb3_follower_node
[23.762s] gmake: *** [Makefile:146: all] Error 2
[23.766s] Invoked command in '/home/user/PPO_drone_Gazebo_ROS2/build/drive_drone' returned '2': CMAKE_PREFIX_PATH=${CMAKE_PREFIX_PATH}:/opt/ros/jazzy CONDA_PROMPT_MODIFIER=(base) DEBUGINFOD_URLS=https://debuginfod.ubuntu.com /usr/bin/cmake --build /home/user/PPO_drone_Gazebo_ROS2/build/drive_drone -- -j8 -l8
