[1.120s] Invoking command in '/home/user/PPO_drone_Gazebo_ROS2/src/sjtu_drone/sjtu_drone_control': PYTHONPATH=/home/user/PPO_drone_Gazebo_ROS2/build/sjtu_drone_control/prefix_override:/usr/lib/python3/dist-packages/colcon_core/task/python/colcon_distutils_commands:/home/user/PPO_drone_Gazebo_ROS2/install/sjtu_drone_control/lib/python3.10/site-packages:${PYTHONPATH} /usr/bin/python3 -W ignore:setup.py install is deprecated -W ignore:easy_install command is deprecated setup.py egg_info --egg-base ../../../build/sjtu_drone_control build --build-base /home/user/PPO_drone_Gazebo_ROS2/build/sjtu_drone_control/build install --record /home/user/PPO_drone_Gazebo_ROS2/build/sjtu_drone_control/install.log --single-version-externally-managed install_data
[1.450s] running egg_info
[1.451s] creating ../../../build/sjtu_drone_control/sjtu_drone_control.egg-info
[1.452s] writing ../../../build/sjtu_drone_control/sjtu_drone_control.egg-info/PKG-INFO
[1.452s] writing dependency_links to ../../../build/sjtu_drone_control/sjtu_drone_control.egg-info/dependency_links.txt
[1.452s] writing entry points to ../../../build/sjtu_drone_control/sjtu_drone_control.egg-info/entry_points.txt
[1.453s] writing requirements to ../../../build/sjtu_drone_control/sjtu_drone_control.egg-info/requires.txt
[1.453s] writing top-level names to ../../../build/sjtu_drone_control/sjtu_drone_control.egg-info/top_level.txt
[1.453s] writing manifest file '../../../build/sjtu_drone_control/sjtu_drone_control.egg-info/SOURCES.txt'
[1.455s] reading manifest file '../../../build/sjtu_drone_control/sjtu_drone_control.egg-info/SOURCES.txt'
[1.456s] writing manifest file '../../../build/sjtu_drone_control/sjtu_drone_control.egg-info/SOURCES.txt'
[1.457s] running build
[1.457s] running build_py
[1.457s] creating /home/user/PPO_drone_Gazebo_ROS2/build/sjtu_drone_control/build
[1.457s] creating /home/user/PPO_drone_Gazebo_ROS2/build/sjtu_drone_control/build/lib
[1.457s] creating /home/user/PPO_drone_Gazebo_ROS2/build/sjtu_drone_control/build/lib/sjtu_drone_control
[1.458s] copying sjtu_drone_control/open_loop_control.py -> /home/user/PPO_drone_Gazebo_ROS2/build/sjtu_drone_control/build/lib/sjtu_drone_control
[1.458s] copying sjtu_drone_control/teleop.py -> /home/user/PPO_drone_Gazebo_ROS2/build/sjtu_drone_control/build/lib/sjtu_drone_control
[1.458s] copying sjtu_drone_control/__init__.py -> /home/user/PPO_drone_Gazebo_ROS2/build/sjtu_drone_control/build/lib/sjtu_drone_control
[1.458s] copying sjtu_drone_control/teleop_joystick.py -> /home/user/PPO_drone_Gazebo_ROS2/build/sjtu_drone_control/build/lib/sjtu_drone_control
[1.458s] copying sjtu_drone_control/drone_position_control.py -> /home/user/PPO_drone_Gazebo_ROS2/build/sjtu_drone_control/build/lib/sjtu_drone_control
[1.458s] running install
[1.458s] running install_lib
[1.460s] creating /home/user/PPO_drone_Gazebo_ROS2/install/sjtu_drone_control/lib/python3.10/site-packages/sjtu_drone_control
[1.460s] copying /home/user/PPO_drone_Gazebo_ROS2/build/sjtu_drone_control/build/lib/sjtu_drone_control/open_loop_control.py -> /home/user/PPO_drone_Gazebo_ROS2/install/sjtu_drone_control/lib/python3.10/site-packages/sjtu_drone_control
[1.460s] copying /home/user/PPO_drone_Gazebo_ROS2/build/sjtu_drone_control/build/lib/sjtu_drone_control/teleop.py -> /home/user/PPO_drone_Gazebo_ROS2/install/sjtu_drone_control/lib/python3.10/site-packages/sjtu_drone_control
[1.461s] copying /home/user/PPO_drone_Gazebo_ROS2/build/sjtu_drone_control/build/lib/sjtu_drone_control/__init__.py -> /home/user/PPO_drone_Gazebo_ROS2/install/sjtu_drone_control/lib/python3.10/site-packages/sjtu_drone_control
[1.461s] copying /home/user/PPO_drone_Gazebo_ROS2/build/sjtu_drone_control/build/lib/sjtu_drone_control/teleop_joystick.py -> /home/user/PPO_drone_Gazebo_ROS2/install/sjtu_drone_control/lib/python3.10/site-packages/sjtu_drone_control
[1.461s] copying /home/user/PPO_drone_Gazebo_ROS2/build/sjtu_drone_control/build/lib/sjtu_drone_control/drone_position_control.py -> /home/user/PPO_drone_Gazebo_ROS2/install/sjtu_drone_control/lib/python3.10/site-packages/sjtu_drone_control
[1.462s] byte-compiling /home/user/PPO_drone_Gazebo_ROS2/install/sjtu_drone_control/lib/python3.10/site-packages/sjtu_drone_control/open_loop_control.py to open_loop_control.cpython-310.pyc
[1.466s] byte-compiling /home/user/PPO_drone_Gazebo_ROS2/install/sjtu_drone_control/lib/python3.10/site-packages/sjtu_drone_control/teleop.py to teleop.cpython-310.pyc
[1.468s] byte-compiling /home/user/PPO_drone_Gazebo_ROS2/install/sjtu_drone_control/lib/python3.10/site-packages/sjtu_drone_control/__init__.py to __init__.cpython-310.pyc
[1.468s] byte-compiling /home/user/PPO_drone_Gazebo_ROS2/install/sjtu_drone_control/lib/python3.10/site-packages/sjtu_drone_control/teleop_joystick.py to teleop_joystick.cpython-310.pyc
[1.469s] byte-compiling /home/user/PPO_drone_Gazebo_ROS2/install/sjtu_drone_control/lib/python3.10/site-packages/sjtu_drone_control/drone_position_control.py to drone_position_control.cpython-310.pyc
[1.470s] running install_data
[1.470s] creating /home/user/PPO_drone_Gazebo_ROS2/install/sjtu_drone_control/share/ament_index
[1.471s] creating /home/user/PPO_drone_Gazebo_ROS2/install/sjtu_drone_control/share/ament_index/resource_index
[1.471s] creating /home/user/PPO_drone_Gazebo_ROS2/install/sjtu_drone_control/share/ament_index/resource_index/packages
[1.471s] copying resource/sjtu_drone_control -> /home/user/PPO_drone_Gazebo_ROS2/install/sjtu_drone_control/share/ament_index/resource_index/packages
[1.471s] copying package.xml -> /home/user/PPO_drone_Gazebo_ROS2/install/sjtu_drone_control/share/sjtu_drone_control
[1.471s] running install_egg_info
[1.475s] Copying ../../../build/sjtu_drone_control/sjtu_drone_control.egg-info to /home/user/PPO_drone_Gazebo_ROS2/install/sjtu_drone_control/lib/python3.10/site-packages/sjtu_drone_control-0.0.0-py3.10.egg-info
[1.476s] running install_scripts
[1.524s] Installing drone_position_control script to /home/user/PPO_drone_Gazebo_ROS2/install/sjtu_drone_control/lib/sjtu_drone_control
[1.525s] Installing open_loop_control script to /home/user/PPO_drone_Gazebo_ROS2/install/sjtu_drone_control/lib/sjtu_drone_control
[1.525s] Installing teleop script to /home/user/PPO_drone_Gazebo_ROS2/install/sjtu_drone_control/lib/sjtu_drone_control
[1.525s] Installing teleop_joystick script to /home/user/PPO_drone_Gazebo_ROS2/install/sjtu_drone_control/lib/sjtu_drone_control
[1.526s] writing list of installed files to '/home/user/PPO_drone_Gazebo_ROS2/build/sjtu_drone_control/install.log'
[1.565s] Invoked command in '/home/user/PPO_drone_Gazebo_ROS2/src/sjtu_drone/sjtu_drone_control' returned '0': PYTHONPATH=/home/user/PPO_drone_Gazebo_ROS2/build/sjtu_drone_control/prefix_override:/usr/lib/python3/dist-packages/colcon_core/task/python/colcon_distutils_commands:/home/user/PPO_drone_Gazebo_ROS2/install/sjtu_drone_control/lib/python3.10/site-packages:${PYTHONPATH} /usr/bin/python3 -W ignore:setup.py install is deprecated -W ignore:easy_install command is deprecated setup.py egg_info --egg-base ../../../build/sjtu_drone_control build --build-base /home/user/PPO_drone_Gazebo_ROS2/build/sjtu_drone_control/build install --record /home/user/PPO_drone_Gazebo_ROS2/build/sjtu_drone_control/install.log --single-version-externally-managed install_data
