[0.077s] Invoking command in '/home/user/PPO_drone_Gazebo_ROS2/build/drive_drone': CMAKE_PREFIX_PATH=${CMAKE_PREFIX_PATH}:/opt/ros/humble:/opt/ros/jazzy /usr/bin/cmake --build /home/user/PPO_drone_Gazebo_ROS2/build/drive_drone -- -j8 -l8
[0.315s] -- Found ament_cmake: 1.3.12 (/opt/ros/humble/share/ament_cmake/cmake)
[0.637s] -- Found Python3: /usr/bin/python3 (found version "3.10.12") found components: Interpreter 
[0.969s] -- Override CMake install command with custom implementation using symlinks instead of copying resources
[1.253s] -- Found rclcpp: 16.0.15 (/opt/ros/humble/share/rclcpp/cmake)
[1.656s] -- Found rosidl_generator_c: 3.1.7 (/opt/ros/humble/share/rosidl_generator_c/cmake)
[1.673s] -- Found rosidl_adapter: 3.1.7 (/opt/ros/humble/share/rosidl_adapter/cmake)
[1.742s] -- Found rosidl_generator_cpp: 3.1.7 (/opt/ros/humble/share/rosidl_generator_cpp/cmake)
[1.839s] -- Using all available rosidl_typesupport_c: rosidl_typesupport_fastrtps_c;rosidl_typesupport_introspection_c
[1.961s] -- Using all available rosidl_typesupport_cpp: rosidl_typesupport_fastrtps_cpp;rosidl_typesupport_introspection_cpp
[2.296s] -- Found rmw_implementation_cmake: 6.1.2 (/opt/ros/humble/share/rmw_implementation_cmake/cmake)
[2.324s] -- Found rmw_fastrtps_cpp: 6.2.9 (/opt/ros/humble/share/rmw_fastrtps_cpp/cmake)
[2.717s] -- Found OpenSSL: /usr/lib/x86_64-linux-gnu/libcrypto.so (found version "3.0.2")  
[2.928s] -- Found FastRTPS: /opt/ros/humble/include  
[3.263s] -- Using RMW implementation 'rmw_fastrtps_cpp' as default
[3.619s] -- Found geometry_msgs: 4.9.0 (/opt/ros/humble/share/geometry_msgs/cmake)
[3.707s] -- Found sensor_msgs: 4.9.0 (/opt/ros/humble/share/sensor_msgs/cmake)
[3.817s] -- Found nav_msgs: 4.9.0 (/opt/ros/humble/share/nav_msgs/cmake)
[3.930s] -- Found cv_bridge: 3.2.1 (/opt/ros/humble/share/cv_bridge/cmake)
[3.995s] -- Found OpenCV: /usr (found version "4.5.4") 
[4.457s] -- Configuring done
[4.600s] -- Generating done
[4.647s] -- Build files have been written to: /home/user/PPO_drone_Gazebo_ROS2/build/drive_drone
[4.781s] [35m[1mConsolidate compiler generated dependencies of target p1_a_drive_node[0m
[4.781s] [35m[1mConsolidate compiler generated dependencies of target tb3_follower_node[0m
[4.782s] [35m[1mConsolidate compiler generated dependencies of target tb3_road_network_mover[0m
[4.783s] [35m[1mConsolidate compiler generated dependencies of target p1_b_tb3_follower[0m
[4.922s] [ 12%] [32mBuilding CXX object CMakeFiles/p1_a_drive_node.dir/src/p1_a_drive_node.cpp.o[0m
[4.925s] [ 25%] [32mBuilding CXX object CMakeFiles/tb3_follower_node.dir/src/tb3_follower_node.cpp.o[0m
[4.938s] [ 37%] [32mBuilding CXX object CMakeFiles/tb3_road_network_mover.dir/src/tb3_road_network_mover.cpp.o[0m
[4.988s] [ 50%] [32mBuilding CXX object CMakeFiles/p1_b_tb3_follower.dir/src/p1_b_tb3_follower.cpp.o[0m
[28.081s] [ 62%] [32m[1mLinking CXX executable p1_a_drive_node[0m
[29.274s] [ 62%] Built target p1_a_drive_node
[50.752s] [ 75%] [32m[1mLinking CXX executable tb3_road_network_mover[0m
[51.827s] [ 87%] [32m[1mLinking CXX executable p1_b_tb3_follower[0m
[52.934s] [ 87%] Built target tb3_road_network_mover
[55.391s] [ 87%] Built target p1_b_tb3_follower
[62.953s] [100%] [32m[1mLinking CXX executable tb3_follower_node[0m
[65.575s] [100%] Built target tb3_follower_node
[65.622s] Invoked command in '/home/user/PPO_drone_Gazebo_ROS2/build/drive_drone' returned '0': CMAKE_PREFIX_PATH=${CMAKE_PREFIX_PATH}:/opt/ros/humble:/opt/ros/jazzy /usr/bin/cmake --build /home/user/PPO_drone_Gazebo_ROS2/build/drive_drone -- -j8 -l8
[65.668s] Invoking command in '/home/user/PPO_drone_Gazebo_ROS2/build/drive_drone': CMAKE_PREFIX_PATH=${CMAKE_PREFIX_PATH}:/opt/ros/humble:/opt/ros/jazzy /usr/bin/cmake --install /home/user/PPO_drone_Gazebo_ROS2/build/drive_drone
[65.700s] -- Install configuration: ""
[65.702s] -- Execute custom install script
[65.703s] -- Up-to-date symlink: /home/user/PPO_drone_Gazebo_ROS2/install/drive_drone/lib/drive_drone/p1_a_drive_node
[65.704s] -- Up-to-date symlink: /home/user/PPO_drone_Gazebo_ROS2/install/drive_drone/lib/drive_drone/p1_b_tb3_follower
[65.705s] -- Up-to-date symlink: /home/user/PPO_drone_Gazebo_ROS2/install/drive_drone/lib/drive_drone/tb3_follower_node
[65.705s] -- Up-to-date symlink: /home/user/PPO_drone_Gazebo_ROS2/install/drive_drone/lib/drive_drone/tb3_road_network_mover
[65.707s] -- Up-to-date symlink: /home/user/PPO_drone_Gazebo_ROS2/install/drive_drone/share/drive_drone//launch/drone_dual_tb3_gazebo.launch.py
[65.707s] -- Up-to-date symlink: /home/user/PPO_drone_Gazebo_ROS2/install/drive_drone/share/drive_drone//launch/dual_tb3_road_network.launch.py
[65.708s] -- Up-to-date symlink: /home/user/PPO_drone_Gazebo_ROS2/install/drive_drone/share/drive_drone//launch/p1_a_drone_fly_gazebo_rviz.launch.py
[65.708s] -- Up-to-date symlink: /home/user/PPO_drone_Gazebo_ROS2/install/drive_drone/share/drive_drone//launch/p1_b_tb3_drone_gazebo.launch.py
[65.709s] -- Up-to-date symlink: /home/user/PPO_drone_Gazebo_ROS2/install/drive_drone/share/ament_index/resource_index/package_run_dependencies/drive_drone
[65.711s] -- Up-to-date symlink: /home/user/PPO_drone_Gazebo_ROS2/install/drive_drone/share/ament_index/resource_index/parent_prefix_path/drive_drone
[65.712s] -- Up-to-date symlink: /home/user/PPO_drone_Gazebo_ROS2/install/drive_drone/share/drive_drone/environment/ament_prefix_path.sh
[65.713s] -- Up-to-date symlink: /home/user/PPO_drone_Gazebo_ROS2/install/drive_drone/share/drive_drone/environment/ament_prefix_path.dsv
[65.714s] -- Up-to-date symlink: /home/user/PPO_drone_Gazebo_ROS2/install/drive_drone/share/drive_drone/environment/path.sh
[65.715s] -- Up-to-date symlink: /home/user/PPO_drone_Gazebo_ROS2/install/drive_drone/share/drive_drone/environment/path.dsv
[65.716s] -- Up-to-date symlink: /home/user/PPO_drone_Gazebo_ROS2/install/drive_drone/share/drive_drone/local_setup.bash
[65.717s] -- Up-to-date symlink: /home/user/PPO_drone_Gazebo_ROS2/install/drive_drone/share/drive_drone/local_setup.sh
[65.718s] -- Up-to-date symlink: /home/user/PPO_drone_Gazebo_ROS2/install/drive_drone/share/drive_drone/local_setup.zsh
[65.719s] -- Up-to-date symlink: /home/user/PPO_drone_Gazebo_ROS2/install/drive_drone/share/drive_drone/local_setup.dsv
[65.719s] -- Symlinking: /home/user/PPO_drone_Gazebo_ROS2/install/drive_drone/share/drive_drone/package.dsv
[65.762s] -- Up-to-date symlink: /home/user/PPO_drone_Gazebo_ROS2/install/drive_drone/share/ament_index/resource_index/packages/drive_drone
[65.763s] -- Up-to-date symlink: /home/user/PPO_drone_Gazebo_ROS2/install/drive_drone/share/drive_drone/cmake/drive_droneConfig.cmake
[65.764s] -- Up-to-date symlink: /home/user/PPO_drone_Gazebo_ROS2/install/drive_drone/share/drive_drone/cmake/drive_droneConfig-version.cmake
[65.765s] -- Up-to-date symlink: /home/user/PPO_drone_Gazebo_ROS2/install/drive_drone/share/drive_drone/package.xml
[65.773s] Invoked command in '/home/user/PPO_drone_Gazebo_ROS2/build/drive_drone' returned '0': CMAKE_PREFIX_PATH=${CMAKE_PREFIX_PATH}:/opt/ros/humble:/opt/ros/jazzy /usr/bin/cmake --install /home/user/PPO_drone_Gazebo_ROS2/build/drive_drone
