[0.137s] Invoking command in '/home/user/PPO_drone_Gazebo_ROS2/build/drive_drone': CMAKE_PREFIX_PATH=${CMAKE_PREFIX_PATH}:/home/user/PPO_drone_Gazebo_ROS2/install/sjtu_drone_control:/home/user/PPO_drone_Gazebo_ROS2/install/sjtu_drone_bringup:/home/user/PPO_drone_Gazebo_ROS2/install/mml_guidance:/opt/ros/humble:/opt/ros/jazzy CONDA_PROMPT_MODIFIER=(base) /usr/bin/cmake --build /home/user/PPO_drone_Gazebo_ROS2/build/drive_drone -- -j8 -l8
[0.400s] -- Found ament_cmake: 1.3.12 (/opt/ros/humble/share/ament_cmake/cmake)
[0.789s] -- Found Python3: /usr/bin/python3 (found version "3.10.12") found components: Interpreter 
[1.287s] -- Override CMake install command with custom implementation using symlinks instead of copying resources
[1.726s] -- Found rclcpp: 16.0.15 (/opt/ros/humble/share/rclcpp/cmake)
[2.292s] -- Found rosidl_generator_c: 3.1.7 (/opt/ros/humble/share/rosidl_generator_c/cmake)
[2.316s] -- Found rosidl_adapter: 3.1.7 (/opt/ros/humble/share/rosidl_adapter/cmake)
[2.424s] -- Found rosidl_generator_cpp: 3.1.7 (/opt/ros/humble/share/rosidl_generator_cpp/cmake)
[2.576s] -- Using all available rosidl_typesupport_c: rosidl_typesupport_fastrtps_c;rosidl_typesupport_introspection_c
[2.746s] -- Using all available rosidl_typesupport_cpp: rosidl_typesupport_fastrtps_cpp;rosidl_typesupport_introspection_cpp
[3.184s] -- Found rmw_implementation_cmake: 6.1.2 (/opt/ros/humble/share/rmw_implementation_cmake/cmake)
[3.212s] -- Found rmw_fastrtps_cpp: 6.2.9 (/opt/ros/humble/share/rmw_fastrtps_cpp/cmake)
[3.663s] -- Found OpenSSL: /usr/lib/x86_64-linux-gnu/libcrypto.so (found version "3.0.2")  
[3.886s] -- Found FastRTPS: /opt/ros/humble/include  
[4.329s] -- Using RMW implementation 'rmw_fastrtps_cpp' as default
[4.866s] -- Found geometry_msgs: 4.9.0 (/opt/ros/humble/share/geometry_msgs/cmake)
[4.989s] -- Found sensor_msgs: 4.9.0 (/opt/ros/humble/share/sensor_msgs/cmake)
[5.136s] -- Found nav_msgs: 4.9.0 (/opt/ros/humble/share/nav_msgs/cmake)
[5.274s] -- Found cv_bridge: 3.2.1 (/opt/ros/humble/share/cv_bridge/cmake)
[5.378s] -- Found OpenCV: /usr (found version "4.5.4") 
[6.125s] -- Configuring done
[6.356s] -- Generating done
[6.431s] -- Build files have been written to: /home/user/PPO_drone_Gazebo_ROS2/build/drive_drone
[6.723s] [35m[1mConsolidate compiler generated dependencies of target tb3_road_network_mover[0m
[6.737s] [35m[1mConsolidate compiler generated dependencies of target tb3_follower_node[0m
[6.784s] [35m[1mConsolidate compiler generated dependencies of target p1_a_drive_node[0m
[6.795s] [35m[1mConsolidate compiler generated dependencies of target p1_b_tb3_follower[0m
[7.122s] [ 12%] [32mBuilding CXX object CMakeFiles/tb3_follower_node.dir/src/tb3_follower_node.cpp.o[0m
[7.123s] [ 25%] [32mBuilding CXX object CMakeFiles/tb3_road_network_mover.dir/src/tb3_road_network_mover.cpp.o[0m
[7.123s] [ 37%] [32mBuilding CXX object CMakeFiles/p1_b_tb3_follower.dir/src/p1_b_tb3_follower.cpp.o[0m
[7.124s] [ 50%] [32mBuilding CXX object CMakeFiles/p1_a_drive_node.dir/src/p1_a_drive_node.cpp.o[0m
[39.816s] [ 62%] [32m[1mLinking CXX executable p1_a_drive_node[0m
[41.803s] [ 62%] Built target p1_a_drive_node
[67.490s] [ 75%] [32m[1mLinking CXX executable tb3_road_network_mover[0m
[68.384s] [ 87%] [32m[1mLinking CXX executable p1_b_tb3_follower[0m
[69.951s] [ 87%] Built target tb3_road_network_mover
[71.999s] [ 87%] Built target p1_b_tb3_follower
[79.311s] [100%] [32m[1mLinking CXX executable tb3_follower_node[0m
[81.646s] [100%] Built target tb3_follower_node
[81.692s] Invoked command in '/home/user/PPO_drone_Gazebo_ROS2/build/drive_drone' returned '0': CMAKE_PREFIX_PATH=${CMAKE_PREFIX_PATH}:/home/user/PPO_drone_Gazebo_ROS2/install/sjtu_drone_control:/home/user/PPO_drone_Gazebo_ROS2/install/sjtu_drone_bringup:/home/user/PPO_drone_Gazebo_ROS2/install/mml_guidance:/opt/ros/humble:/opt/ros/jazzy CONDA_PROMPT_MODIFIER=(base) /usr/bin/cmake --build /home/user/PPO_drone_Gazebo_ROS2/build/drive_drone -- -j8 -l8
[81.738s] Invoking command in '/home/user/PPO_drone_Gazebo_ROS2/build/drive_drone': CMAKE_PREFIX_PATH=${CMAKE_PREFIX_PATH}:/home/user/PPO_drone_Gazebo_ROS2/install/sjtu_drone_control:/home/user/PPO_drone_Gazebo_ROS2/install/sjtu_drone_bringup:/home/user/PPO_drone_Gazebo_ROS2/install/mml_guidance:/opt/ros/humble:/opt/ros/jazzy CONDA_PROMPT_MODIFIER=(base) /usr/bin/cmake --install /home/user/PPO_drone_Gazebo_ROS2/build/drive_drone
[81.770s] -- Install configuration: ""
[81.772s] -- Execute custom install script
[81.773s] -- Up-to-date symlink: /home/user/PPO_drone_Gazebo_ROS2/install/drive_drone/lib/drive_drone/p1_a_drive_node
[81.774s] -- Up-to-date symlink: /home/user/PPO_drone_Gazebo_ROS2/install/drive_drone/lib/drive_drone/p1_b_tb3_follower
[81.774s] -- Up-to-date symlink: /home/user/PPO_drone_Gazebo_ROS2/install/drive_drone/lib/drive_drone/tb3_follower_node
[81.775s] -- Up-to-date symlink: /home/user/PPO_drone_Gazebo_ROS2/install/drive_drone/lib/drive_drone/tb3_road_network_mover
[81.777s] -- Up-to-date symlink: /home/user/PPO_drone_Gazebo_ROS2/install/drive_drone/share/drive_drone//launch/drone_dual_tb3_gazebo.launch.py
[81.778s] -- Up-to-date symlink: /home/user/PPO_drone_Gazebo_ROS2/install/drive_drone/share/drive_drone//launch/dual_tb3_road_network.launch.py
[81.778s] -- Up-to-date symlink: /home/user/PPO_drone_Gazebo_ROS2/install/drive_drone/share/drive_drone//launch/p1_a_drone_fly_gazebo_rviz.launch.py
[81.779s] -- Up-to-date symlink: /home/user/PPO_drone_Gazebo_ROS2/install/drive_drone/share/drive_drone//launch/p1_b_tb3_drone_gazebo.launch.py
[81.781s] -- Up-to-date symlink: /home/user/PPO_drone_Gazebo_ROS2/install/drive_drone/share/ament_index/resource_index/package_run_dependencies/drive_drone
[81.782s] -- Up-to-date symlink: /home/user/PPO_drone_Gazebo_ROS2/install/drive_drone/share/ament_index/resource_index/parent_prefix_path/drive_drone
[81.783s] -- Up-to-date symlink: /home/user/PPO_drone_Gazebo_ROS2/install/drive_drone/share/drive_drone/environment/ament_prefix_path.sh
[81.784s] -- Up-to-date symlink: /home/user/PPO_drone_Gazebo_ROS2/install/drive_drone/share/drive_drone/environment/ament_prefix_path.dsv
[81.785s] -- Up-to-date symlink: /home/user/PPO_drone_Gazebo_ROS2/install/drive_drone/share/drive_drone/environment/path.sh
[81.786s] -- Up-to-date symlink: /home/user/PPO_drone_Gazebo_ROS2/install/drive_drone/share/drive_drone/environment/path.dsv
[81.787s] -- Up-to-date symlink: /home/user/PPO_drone_Gazebo_ROS2/install/drive_drone/share/drive_drone/local_setup.bash
[81.788s] -- Up-to-date symlink: /home/user/PPO_drone_Gazebo_ROS2/install/drive_drone/share/drive_drone/local_setup.sh
[81.789s] -- Up-to-date symlink: /home/user/PPO_drone_Gazebo_ROS2/install/drive_drone/share/drive_drone/local_setup.zsh
[81.789s] -- Up-to-date symlink: /home/user/PPO_drone_Gazebo_ROS2/install/drive_drone/share/drive_drone/local_setup.dsv
[81.790s] -- Symlinking: /home/user/PPO_drone_Gazebo_ROS2/install/drive_drone/share/drive_drone/package.dsv
[81.827s] -- Up-to-date symlink: /home/user/PPO_drone_Gazebo_ROS2/install/drive_drone/share/ament_index/resource_index/packages/drive_drone
[81.828s] -- Up-to-date symlink: /home/user/PPO_drone_Gazebo_ROS2/install/drive_drone/share/drive_drone/cmake/drive_droneConfig.cmake
[81.828s] -- Up-to-date symlink: /home/user/PPO_drone_Gazebo_ROS2/install/drive_drone/share/drive_drone/cmake/drive_droneConfig-version.cmake
[81.829s] -- Up-to-date symlink: /home/user/PPO_drone_Gazebo_ROS2/install/drive_drone/share/drive_drone/package.xml
[81.837s] Invoked command in '/home/user/PPO_drone_Gazebo_ROS2/build/drive_drone' returned '0': CMAKE_PREFIX_PATH=${CMAKE_PREFIX_PATH}:/home/user/PPO_drone_Gazebo_ROS2/install/sjtu_drone_control:/home/user/PPO_drone_Gazebo_ROS2/install/sjtu_drone_bringup:/home/user/PPO_drone_Gazebo_ROS2/install/mml_guidance:/opt/ros/humble:/opt/ros/jazzy CONDA_PROMPT_MODIFIER=(base) /usr/bin/cmake --install /home/user/PPO_drone_Gazebo_ROS2/build/drive_drone
