/home/user/PPO_drone_Gazebo_ROS2/install/sjtu_drone_control/lib/python3.10/site-packages/sjtu_drone_control/open_loop_control.py
/home/user/PPO_drone_Gazebo_ROS2/install/sjtu_drone_control/lib/python3.10/site-packages/sjtu_drone_control/teleop.py
/home/user/PPO_drone_Gazebo_ROS2/install/sjtu_drone_control/lib/python3.10/site-packages/sjtu_drone_control/__init__.py
/home/user/PPO_drone_Gazebo_ROS2/install/sjtu_drone_control/lib/python3.10/site-packages/sjtu_drone_control/teleop_joystick.py
/home/user/PPO_drone_Gazebo_ROS2/install/sjtu_drone_control/lib/python3.10/site-packages/sjtu_drone_control/drone_position_control.py
/home/user/PPO_drone_Gazebo_ROS2/install/sjtu_drone_control/lib/python3.10/site-packages/sjtu_drone_control/__pycache__/open_loop_control.cpython-310.pyc
/home/user/PPO_drone_Gazebo_ROS2/install/sjtu_drone_control/lib/python3.10/site-packages/sjtu_drone_control/__pycache__/teleop.cpython-310.pyc
/home/user/PPO_drone_Gazebo_ROS2/install/sjtu_drone_control/lib/python3.10/site-packages/sjtu_drone_control/__pycache__/__init__.cpython-310.pyc
/home/user/PPO_drone_Gazebo_ROS2/install/sjtu_drone_control/lib/python3.10/site-packages/sjtu_drone_control/__pycache__/teleop_joystick.cpython-310.pyc
/home/user/PPO_drone_Gazebo_ROS2/install/sjtu_drone_control/lib/python3.10/site-packages/sjtu_drone_control/__pycache__/drone_position_control.cpython-310.pyc
/home/user/PPO_drone_Gazebo_ROS2/install/sjtu_drone_control/share/ament_index/resource_index/packages/sjtu_drone_control
/home/user/PPO_drone_Gazebo_ROS2/install/sjtu_drone_control/share/sjtu_drone_control/package.xml
/home/user/PPO_drone_Gazebo_ROS2/install/sjtu_drone_control/lib/python3.10/site-packages/sjtu_drone_control-0.0.0-py3.10.egg-info/top_level.txt
/home/user/PPO_drone_Gazebo_ROS2/install/sjtu_drone_control/lib/python3.10/site-packages/sjtu_drone_control-0.0.0-py3.10.egg-info/zip-safe
/home/user/PPO_drone_Gazebo_ROS2/install/sjtu_drone_control/lib/python3.10/site-packages/sjtu_drone_control-0.0.0-py3.10.egg-info/SOURCES.txt
/home/user/PPO_drone_Gazebo_ROS2/install/sjtu_drone_control/lib/python3.10/site-packages/sjtu_drone_control-0.0.0-py3.10.egg-info/entry_points.txt
/home/user/PPO_drone_Gazebo_ROS2/install/sjtu_drone_control/lib/python3.10/site-packages/sjtu_drone_control-0.0.0-py3.10.egg-info/dependency_links.txt
/home/user/PPO_drone_Gazebo_ROS2/install/sjtu_drone_control/lib/python3.10/site-packages/sjtu_drone_control-0.0.0-py3.10.egg-info/requires.txt
/home/user/PPO_drone_Gazebo_ROS2/install/sjtu_drone_control/lib/python3.10/site-packages/sjtu_drone_control-0.0.0-py3.10.egg-info/PKG-INFO
/home/user/PPO_drone_Gazebo_ROS2/install/sjtu_drone_control/lib/sjtu_drone_control/drone_position_control
/home/user/PPO_drone_Gazebo_ROS2/install/sjtu_drone_control/lib/sjtu_drone_control/open_loop_control
/home/user/PPO_drone_Gazebo_ROS2/install/sjtu_drone_control/lib/sjtu_drone_control/teleop
/home/user/PPO_drone_Gazebo_ROS2/install/sjtu_drone_control/lib/sjtu_drone_control/teleop_joystick
