[3.177s] Invoking command in '/home/user/PPO_drone_Gazebo_ROS2/src/sjtu_drone/sjtu_drone_control': PYTHONPATH=/home/user/PPO_drone_Gazebo_ROS2/build/sjtu_drone_control/prefix_override:/usr/lib/python3/dist-packages/colcon_core/task/python/colcon_distutils_commands:/home/user/PPO_drone_Gazebo_ROS2/install/sjtu_drone_control/lib/python3.10/site-packages:${PYTHONPATH} /usr/bin/python3 -W ignore:setup.py install is deprecated -W ignore:easy_install command is deprecated setup.py egg_info --egg-base ../../../build/sjtu_drone_control build --build-base /home/user/PPO_drone_Gazebo_ROS2/build/sjtu_drone_control/build install --record /home/user/PPO_drone_Gazebo_ROS2/build/sjtu_drone_control/install.log --single-version-externally-managed install_data
[4.375s] running egg_info
[4.379s] writing ../../../build/sjtu_drone_control/sjtu_drone_control.egg-info/PKG-INFO
[4.379s] writing dependency_links to ../../../build/sjtu_drone_control/sjtu_drone_control.egg-info/dependency_links.txt
[4.380s] writing entry points to ../../../build/sjtu_drone_control/sjtu_drone_control.egg-info/entry_points.txt
[4.381s] writing requirements to ../../../build/sjtu_drone_control/sjtu_drone_control.egg-info/requires.txt
[4.381s] writing top-level names to ../../../build/sjtu_drone_control/sjtu_drone_control.egg-info/top_level.txt
[4.388s] reading manifest file '../../../build/sjtu_drone_control/sjtu_drone_control.egg-info/SOURCES.txt'
[4.392s] writing manifest file '../../../build/sjtu_drone_control/sjtu_drone_control.egg-info/SOURCES.txt'
[4.392s] running build
[4.392s] running build_py
[4.394s] running install
[4.395s] running install_lib
[4.400s] running install_data
[4.401s] running install_egg_info
[4.407s] removing '/home/user/PPO_drone_Gazebo_ROS2/install/sjtu_drone_control/lib/python3.10/site-packages/sjtu_drone_control-0.0.0-py3.10.egg-info' (and everything under it)
[4.409s] Copying ../../../build/sjtu_drone_control/sjtu_drone_control.egg-info to /home/user/PPO_drone_Gazebo_ROS2/install/sjtu_drone_control/lib/python3.10/site-packages/sjtu_drone_control-0.0.0-py3.10.egg-info
[4.413s] running install_scripts
[4.492s] Installing drone_position_control script to /home/user/PPO_drone_Gazebo_ROS2/install/sjtu_drone_control/lib/sjtu_drone_control
[4.492s] Installing open_loop_control script to /home/user/PPO_drone_Gazebo_ROS2/install/sjtu_drone_control/lib/sjtu_drone_control
[4.493s] Installing teleop script to /home/user/PPO_drone_Gazebo_ROS2/install/sjtu_drone_control/lib/sjtu_drone_control
[4.493s] Installing teleop_joystick script to /home/user/PPO_drone_Gazebo_ROS2/install/sjtu_drone_control/lib/sjtu_drone_control
[4.495s] writing list of installed files to '/home/user/PPO_drone_Gazebo_ROS2/build/sjtu_drone_control/install.log'
[4.562s] Invoked command in '/home/user/PPO_drone_Gazebo_ROS2/src/sjtu_drone/sjtu_drone_control' returned '0': PYTHONPATH=/home/user/PPO_drone_Gazebo_ROS2/build/sjtu_drone_control/prefix_override:/usr/lib/python3/dist-packages/colcon_core/task/python/colcon_distutils_commands:/home/user/PPO_drone_Gazebo_ROS2/install/sjtu_drone_control/lib/python3.10/site-packages:${PYTHONPATH} /usr/bin/python3 -W ignore:setup.py install is deprecated -W ignore:easy_install command is deprecated setup.py egg_info --egg-base ../../../build/sjtu_drone_control build --build-base /home/user/PPO_drone_Gazebo_ROS2/build/sjtu_drone_control/build install --record /home/user/PPO_drone_Gazebo_ROS2/build/sjtu_drone_control/install.log --single-version-externally-managed install_data
