[1.656s] Invoking command in '/home/user/PPO_drone_Gazebo_ROS2/src/sjtu_drone/sjtu_drone_bringup': CONDA_PROMPT_MODIFIER=(base) DEBUGINFOD_URLS=https://debuginfod.ubuntu.com PYTHONPATH=/home/user/PPO_drone_Gazebo_ROS2/build/sjtu_drone_bringup/prefix_override:/usr/lib/python3/dist-packages/colcon_core/task/python/colcon_distutils_commands:/home/user/PPO_drone_Gazebo_ROS2/install/sjtu_drone_bringup/lib/python3.12/site-packages:${PYTHONPATH} /usr/bin/python3 -W ignore:setup.py install is deprecated -W ignore:easy_install command is deprecated setup.py egg_info --egg-base ../../../build/sjtu_drone_bringup build --build-base /home/user/PPO_drone_Gazebo_ROS2/build/sjtu_drone_bringup/build install --record /home/user/PPO_drone_Gazebo_ROS2/build/sjtu_drone_bringup/install.log --single-version-externally-managed install_data
[2.254s] running egg_info
[2.293s] writing ../../../build/sjtu_drone_bringup/sjtu_drone_bringup.egg-info/PKG-INFO
[2.293s] writing dependency_links to ../../../build/sjtu_drone_bringup/sjtu_drone_bringup.egg-info/dependency_links.txt
[2.294s] writing entry points to ../../../build/sjtu_drone_bringup/sjtu_drone_bringup.egg-info/entry_points.txt
[2.294s] writing requirements to ../../../build/sjtu_drone_bringup/sjtu_drone_bringup.egg-info/requires.txt
[2.294s] writing top-level names to ../../../build/sjtu_drone_bringup/sjtu_drone_bringup.egg-info/top_level.txt
[2.374s] reading manifest file '../../../build/sjtu_drone_bringup/sjtu_drone_bringup.egg-info/SOURCES.txt'
[2.375s] writing manifest file '../../../build/sjtu_drone_bringup/sjtu_drone_bringup.egg-info/SOURCES.txt'
[2.376s] running build
[2.376s] running build_py
[2.376s] copying sjtu_drone_bringup/spawn_drone.py -> /home/user/PPO_drone_Gazebo_ROS2/build/sjtu_drone_bringup/build/lib/sjtu_drone_bringup
[2.377s] running install
[2.386s] running install_lib
[2.424s] creating /home/user/PPO_drone_Gazebo_ROS2/install/sjtu_drone_bringup/lib/python3.12/site-packages/sjtu_drone_bringup
[2.424s] copying /home/user/PPO_drone_Gazebo_ROS2/build/sjtu_drone_bringup/build/lib/sjtu_drone_bringup/spawn_drone.py -> /home/user/PPO_drone_Gazebo_ROS2/install/sjtu_drone_bringup/lib/python3.12/site-packages/sjtu_drone_bringup
[2.425s] copying /home/user/PPO_drone_Gazebo_ROS2/build/sjtu_drone_bringup/build/lib/sjtu_drone_bringup/__init__.py -> /home/user/PPO_drone_Gazebo_ROS2/install/sjtu_drone_bringup/lib/python3.12/site-packages/sjtu_drone_bringup
[2.425s] byte-compiling /home/user/PPO_drone_Gazebo_ROS2/install/sjtu_drone_bringup/lib/python3.12/site-packages/sjtu_drone_bringup/spawn_drone.py to spawn_drone.cpython-312.pyc
[2.427s] byte-compiling /home/user/PPO_drone_Gazebo_ROS2/install/sjtu_drone_bringup/lib/python3.12/site-packages/sjtu_drone_bringup/__init__.py to __init__.cpython-312.pyc
[2.427s] running install_data
[2.428s] running install_egg_info
[2.473s] Copying ../../../build/sjtu_drone_bringup/sjtu_drone_bringup.egg-info to /home/user/PPO_drone_Gazebo_ROS2/install/sjtu_drone_bringup/lib/python3.12/site-packages/sjtu_drone_bringup-0.0.0-py3.12.egg-info
[2.475s] running install_scripts
[2.726s] Installing spawn_drone script to /home/user/PPO_drone_Gazebo_ROS2/install/sjtu_drone_bringup/lib/sjtu_drone_bringup
[2.727s] writing list of installed files to '/home/user/PPO_drone_Gazebo_ROS2/build/sjtu_drone_bringup/install.log'
[2.776s] Invoked command in '/home/user/PPO_drone_Gazebo_ROS2/src/sjtu_drone/sjtu_drone_bringup' returned '0': CONDA_PROMPT_MODIFIER=(base) DEBUGINFOD_URLS=https://debuginfod.ubuntu.com PYTHONPATH=/home/user/PPO_drone_Gazebo_ROS2/build/sjtu_drone_bringup/prefix_override:/usr/lib/python3/dist-packages/colcon_core/task/python/colcon_distutils_commands:/home/user/PPO_drone_Gazebo_ROS2/install/sjtu_drone_bringup/lib/python3.12/site-packages:${PYTHONPATH} /usr/bin/python3 -W ignore:setup.py install is deprecated -W ignore:easy_install command is deprecated setup.py egg_info --egg-base ../../../build/sjtu_drone_bringup build --build-base /home/user/PPO_drone_Gazebo_ROS2/build/sjtu_drone_bringup/build install --record /home/user/PPO_drone_Gazebo_ROS2/build/sjtu_drone_bringup/install.log --single-version-externally-managed install_data
