[0.033s] Invoking command in '/home/user/PPO_drone_Gazebo_ROS2/build/drive_drone': CMAKE_PREFIX_PATH=${CMAKE_PREFIX_PATH}:/home/user/PPO_drone_Gazebo_ROS2/install/sjtu_drone_control:/home/user/PPO_drone_Gazebo_ROS2/install/sjtu_drone_bringup:/home/user/PPO_drone_Gazebo_ROS2/install/mml_guidance:/opt/ros/humble:/opt/ros/jazzy /usr/bin/cmake /home/user/PPO_drone_Gazebo_ROS2/src/drive_drone -DCMAKE_INSTALL_PREFIX=/home/user/PPO_drone_Gazebo_ROS2/install/drive_drone
[0.153s] -- Found ament_cmake: 1.3.12 (/opt/ros/humble/share/ament_cmake/cmake)
[0.293s] -- Found Python3: /usr/bin/python3 (found version "3.10.12") found components: Interpreter 
[0.419s] -- Override CMake install command with custom implementation using symlinks instead of copying resources
[0.537s] -- Found rclcpp: 16.0.15 (/opt/ros/humble/share/rclcpp/cmake)
[0.698s] -- Found rosidl_generator_c: 3.1.7 (/opt/ros/humble/share/rosidl_generator_c/cmake)
[0.704s] -- Found rosidl_adapter: 3.1.7 (/opt/ros/humble/share/rosidl_adapter/cmake)
[0.727s] -- Found rosidl_generator_cpp: 3.1.7 (/opt/ros/humble/share/rosidl_generator_cpp/cmake)
[0.762s] -- Using all available rosidl_typesupport_c: rosidl_typesupport_fastrtps_c;rosidl_typesupport_introspection_c
[0.807s] -- Using all available rosidl_typesupport_cpp: rosidl_typesupport_fastrtps_cpp;rosidl_typesupport_introspection_cpp
[0.934s] -- Found rmw_implementation_cmake: 6.1.2 (/opt/ros/humble/share/rmw_implementation_cmake/cmake)
[0.946s] -- Found rmw_fastrtps_cpp: 6.2.9 (/opt/ros/humble/share/rmw_fastrtps_cpp/cmake)
[1.099s] -- Found OpenSSL: /usr/lib/x86_64-linux-gnu/libcrypto.so (found version "3.0.2")  
[1.164s] -- Found FastRTPS: /opt/ros/humble/include  
[1.271s] -- Using RMW implementation 'rmw_fastrtps_cpp' as default
[1.417s] -- Found geometry_msgs: 4.9.0 (/opt/ros/humble/share/geometry_msgs/cmake)
[1.450s] -- Found sensor_msgs: 4.9.0 (/opt/ros/humble/share/sensor_msgs/cmake)
[1.490s] -- Found nav_msgs: 4.9.0 (/opt/ros/humble/share/nav_msgs/cmake)
[1.529s] -- Found cv_bridge: 3.2.1 (/opt/ros/humble/share/cv_bridge/cmake)
[1.552s] -- Found OpenCV: /usr (found version "4.5.4") 
[1.709s] -- Configuring done
[1.763s] -- Generating done
[1.778s] -- Build files have been written to: /home/user/PPO_drone_Gazebo_ROS2/build/drive_drone
[1.790s] Invoked command in '/home/user/PPO_drone_Gazebo_ROS2/build/drive_drone' returned '0': CMAKE_PREFIX_PATH=${CMAKE_PREFIX_PATH}:/home/user/PPO_drone_Gazebo_ROS2/install/sjtu_drone_control:/home/user/PPO_drone_Gazebo_ROS2/install/sjtu_drone_bringup:/home/user/PPO_drone_Gazebo_ROS2/install/mml_guidance:/opt/ros/humble:/opt/ros/jazzy /usr/bin/cmake /home/user/PPO_drone_Gazebo_ROS2/src/drive_drone -DCMAKE_INSTALL_PREFIX=/home/user/PPO_drone_Gazebo_ROS2/install/drive_drone
[1.793s] Invoking command in '/home/user/PPO_drone_Gazebo_ROS2/build/drive_drone': CMAKE_PREFIX_PATH=${CMAKE_PREFIX_PATH}:/home/user/PPO_drone_Gazebo_ROS2/install/sjtu_drone_control:/home/user/PPO_drone_Gazebo_ROS2/install/sjtu_drone_bringup:/home/user/PPO_drone_Gazebo_ROS2/install/mml_guidance:/opt/ros/humble:/opt/ros/jazzy /usr/bin/cmake --build /home/user/PPO_drone_Gazebo_ROS2/build/drive_drone -- -j8 -l8
[1.865s] [35m[1mConsolidate compiler generated dependencies of target p1_a_drive_node[0m
[1.867s] [35m[1mConsolidate compiler generated dependencies of target tb3_road_network_mover[0m
[1.869s] [35m[1mConsolidate compiler generated dependencies of target p1_b_tb3_follower[0m
[1.870s] [35m[1mConsolidate compiler generated dependencies of target tb3_follower_node[0m
[1.911s] [ 12%] [32mBuilding CXX object CMakeFiles/tb3_follower_node.dir/src/tb3_follower_node.cpp.o[0m
[1.913s] [ 37%] [32mBuilding CXX object CMakeFiles/tb3_road_network_mover.dir/src/tb3_road_network_mover.cpp.o[0m
[1.913s] [ 37%] [32mBuilding CXX object CMakeFiles/p1_a_drive_node.dir/src/p1_a_drive_node.cpp.o[0m
[1.945s] [ 50%] [32mBuilding CXX object CMakeFiles/p1_b_tb3_follower.dir/src/p1_b_tb3_follower.cpp.o[0m
[10.063s] [ 62%] [32m[1mLinking CXX executable p1_a_drive_node[0m
[10.471s] [ 62%] Built target p1_a_drive_node
[17.421s] [ 75%] [32m[1mLinking CXX executable tb3_road_network_mover[0m
[18.129s] [ 87%] [32m[1mLinking CXX executable p1_b_tb3_follower[0m
[18.362s] [ 87%] Built target tb3_road_network_mover
[19.464s] [ 87%] Built target p1_b_tb3_follower
[21.815s] [100%] [32m[1mLinking CXX executable tb3_follower_node[0m
[22.755s] [100%] Built target tb3_follower_node
[22.772s] Invoked command in '/home/user/PPO_drone_Gazebo_ROS2/build/drive_drone' returned '0': CMAKE_PREFIX_PATH=${CMAKE_PREFIX_PATH}:/home/user/PPO_drone_Gazebo_ROS2/install/sjtu_drone_control:/home/user/PPO_drone_Gazebo_ROS2/install/sjtu_drone_bringup:/home/user/PPO_drone_Gazebo_ROS2/install/mml_guidance:/opt/ros/humble:/opt/ros/jazzy /usr/bin/cmake --build /home/user/PPO_drone_Gazebo_ROS2/build/drive_drone -- -j8 -l8
[22.787s] Invoking command in '/home/user/PPO_drone_Gazebo_ROS2/build/drive_drone': CMAKE_PREFIX_PATH=${CMAKE_PREFIX_PATH}:/home/user/PPO_drone_Gazebo_ROS2/install/sjtu_drone_control:/home/user/PPO_drone_Gazebo_ROS2/install/sjtu_drone_bringup:/home/user/PPO_drone_Gazebo_ROS2/install/mml_guidance:/opt/ros/humble:/opt/ros/jazzy /usr/bin/cmake --install /home/user/PPO_drone_Gazebo_ROS2/build/drive_drone
[22.800s] -- Install configuration: ""
[22.801s] -- Execute custom install script
[22.802s] -- Up-to-date symlink: /home/user/PPO_drone_Gazebo_ROS2/install/drive_drone/lib/drive_drone/p1_a_drive_node
[22.802s] -- Up-to-date symlink: /home/user/PPO_drone_Gazebo_ROS2/install/drive_drone/lib/drive_drone/p1_b_tb3_follower
[22.803s] -- Up-to-date symlink: /home/user/PPO_drone_Gazebo_ROS2/install/drive_drone/lib/drive_drone/tb3_follower_node
[22.803s] -- Up-to-date symlink: /home/user/PPO_drone_Gazebo_ROS2/install/drive_drone/lib/drive_drone/tb3_road_network_mover
[22.804s] -- Up-to-date symlink: /home/user/PPO_drone_Gazebo_ROS2/install/drive_drone/share/drive_drone//launch/drone_dual_tb3_gazebo.launch.py
[22.804s] -- Up-to-date symlink: /home/user/PPO_drone_Gazebo_ROS2/install/drive_drone/share/drive_drone//launch/dual_tb3_road_network.launch.py
[22.805s] -- Up-to-date symlink: /home/user/PPO_drone_Gazebo_ROS2/install/drive_drone/share/drive_drone//launch/p1_a_drone_fly_gazebo_rviz.launch.py
[22.805s] -- Up-to-date symlink: /home/user/PPO_drone_Gazebo_ROS2/install/drive_drone/share/drive_drone//launch/p1_b_tb3_drone_gazebo.launch.py
[22.805s] -- Up-to-date symlink: /home/user/PPO_drone_Gazebo_ROS2/install/drive_drone/share/ament_index/resource_index/package_run_dependencies/drive_drone
[22.806s] -- Up-to-date symlink: /home/user/PPO_drone_Gazebo_ROS2/install/drive_drone/share/ament_index/resource_index/parent_prefix_path/drive_drone
[22.806s] -- Up-to-date symlink: /home/user/PPO_drone_Gazebo_ROS2/install/drive_drone/share/drive_drone/environment/ament_prefix_path.sh
[22.806s] -- Up-to-date symlink: /home/user/PPO_drone_Gazebo_ROS2/install/drive_drone/share/drive_drone/environment/ament_prefix_path.dsv
[22.807s] -- Up-to-date symlink: /home/user/PPO_drone_Gazebo_ROS2/install/drive_drone/share/drive_drone/environment/path.sh
[22.807s] -- Up-to-date symlink: /home/user/PPO_drone_Gazebo_ROS2/install/drive_drone/share/drive_drone/environment/path.dsv
[22.807s] -- Up-to-date symlink: /home/user/PPO_drone_Gazebo_ROS2/install/drive_drone/share/drive_drone/local_setup.bash
[22.808s] -- Up-to-date symlink: /home/user/PPO_drone_Gazebo_ROS2/install/drive_drone/share/drive_drone/local_setup.sh
[22.808s] -- Up-to-date symlink: /home/user/PPO_drone_Gazebo_ROS2/install/drive_drone/share/drive_drone/local_setup.zsh
[22.808s] -- Up-to-date symlink: /home/user/PPO_drone_Gazebo_ROS2/install/drive_drone/share/drive_drone/local_setup.dsv
[22.809s] -- Symlinking: /home/user/PPO_drone_Gazebo_ROS2/install/drive_drone/share/drive_drone/package.dsv
[22.824s] -- Up-to-date symlink: /home/user/PPO_drone_Gazebo_ROS2/install/drive_drone/share/ament_index/resource_index/packages/drive_drone
[22.825s] -- Up-to-date symlink: /home/user/PPO_drone_Gazebo_ROS2/install/drive_drone/share/drive_drone/cmake/drive_droneConfig.cmake
[22.825s] -- Up-to-date symlink: /home/user/PPO_drone_Gazebo_ROS2/install/drive_drone/share/drive_drone/cmake/drive_droneConfig-version.cmake
[22.825s] -- Up-to-date symlink: /home/user/PPO_drone_Gazebo_ROS2/install/drive_drone/share/drive_drone/package.xml
[22.828s] Invoked command in '/home/user/PPO_drone_Gazebo_ROS2/build/drive_drone' returned '0': CMAKE_PREFIX_PATH=${CMAKE_PREFIX_PATH}:/home/user/PPO_drone_Gazebo_ROS2/install/sjtu_drone_control:/home/user/PPO_drone_Gazebo_ROS2/install/sjtu_drone_bringup:/home/user/PPO_drone_Gazebo_ROS2/install/mml_guidance:/opt/ros/humble:/opt/ros/jazzy /usr/bin/cmake --install /home/user/PPO_drone_Gazebo_ROS2/build/drive_drone
