[3.016s] Invoking command in '/home/user/PPO_drone_Gazebo_ROS2/build/sjtu_drone_description': CMAKE_PREFIX_PATH=${CMAKE_PREFIX_PATH}:/opt/ros/jazzy CONDA_PROMPT_MODIFIER=(base) DEBUGINFOD_URLS=https://debuginfod.ubuntu.com /usr/bin/cmake --build /home/user/PPO_drone_Gazebo_ROS2/build/sjtu_drone_description -- -j8 -l8
[3.507s] -- Found PkgConfig: /usr/bin/pkg-config (found version "1.8.1") 
[3.549s] -- Found ament_cmake: 2.5.5 (/opt/ros/jazzy/share/ament_cmake/cmake)
[5.154s] -- Found Python3: /usr/bin/python3 (found version "3.12.3") found components: Interpreter 
[5.899s] -- Override CMake install command with custom implementation using symlinks instead of copying resources
[6.787s] -- Found ament_cmake_ros: 0.12.0 (/opt/ros/jazzy/share/ament_cmake_ros/cmake)
[7.376s] -- Found rclcpp: 28.1.16 (/opt/ros/jazzy/share/rclcpp/cmake)
[8.665s] -- Found rosidl_generator_c: 4.6.7 (/opt/ros/jazzy/share/rosidl_generator_c/cmake)
[9.166s] -- Found rosidl_generator_cpp: 4.6.7 (/opt/ros/jazzy/share/rosidl_generator_cpp/cmake)
[9.522s] -- Using all available rosidl_typesupport_c: rosidl_typesupport_fastrtps_c;rosidl_typesupport_introspection_c
[9.906s] -- Using all available rosidl_typesupport_cpp: rosidl_typesupport_fastrtps_cpp;rosidl_typesupport_introspection_cpp
[11.187s] -- Found rmw_implementation_cmake: 7.3.3 (/opt/ros/jazzy/share/rmw_implementation_cmake/cmake)
[11.229s] -- Found rmw_fastrtps_cpp: 8.4.3 (/opt/ros/jazzy/share/rmw_fastrtps_cpp/cmake)
[11.815s] -- Found OpenSSL: /usr/lib/x86_64-linux-gnu/libcrypto.so (found version "3.0.13")  
[12.073s] -- Found FastRTPS: /opt/ros/humble/include (Required is at least version "2.13") 
[12.315s] -- Using RMW implementation 'rmw_fastrtps_cpp' as default
[13.424s] [31mCMake Error at CMakeLists.txt:18 (find_package):
[13.424s]   By not providing "Findgazebo_ros.cmake" in CMAKE_MODULE_PATH this project
[13.425s]   has asked CMake to find a package configuration file provided by
[13.426s]   "gazebo_ros", but CMake did not find one.
[13.427s] 
[13.428s]   Could not find a package configuration file provided by "gazebo_ros" with
[13.429s]   any of the following names:
[13.433s] 
[13.434s]     gazebo_rosConfig.cmake
[13.436s]     gazebo_ros-config.cmake
[13.437s] 
[13.437s]   Add the installation prefix of "gazebo_ros" to CMAKE_PREFIX_PATH or set
[13.438s]   "gazebo_ros_DIR" to a directory containing one of the above files.  If
[13.439s]   "gazebo_ros" provides a separate development package or SDK, be sure it has
[13.440s]   been installed.
[13.441s] 
[13.442s] [0m
[13.443s] -- Configuring incomplete, errors occurred!
[13.494s] gmake: *** [Makefile:321: cmake_check_build_system] Error 1
[13.509s] Invoked command in '/home/user/PPO_drone_Gazebo_ROS2/build/sjtu_drone_description' returned '2': CMAKE_PREFIX_PATH=${CMAKE_PREFIX_PATH}:/opt/ros/jazzy CONDA_PROMPT_MODIFIER=(base) DEBUGINFOD_URLS=https://debuginfod.ubuntu.com /usr/bin/cmake --build /home/user/PPO_drone_Gazebo_ROS2/build/sjtu_drone_description -- -j8 -l8
