[0.420s] Invoking command in '/home/user/PPO_drone_Gazebo_ROS2/build/sjtu_drone_description': CMAKE_PREFIX_PATH=${CMAKE_PREFIX_PATH}:/home/user/PPO_drone_Gazebo_ROS2/install/sjtu_drone_control:/home/user/PPO_drone_Gazebo_ROS2/install/sjtu_drone_bringup:/home/user/PPO_drone_Gazebo_ROS2/install/mml_guidance:/opt/ros/humble:/opt/ros/jazzy /usr/bin/cmake /home/user/PPO_drone_Gazebo_ROS2/src/sjtu_drone/sjtu_drone_description -DCMAKE_INSTALL_PREFIX=/home/user/PPO_drone_Gazebo_ROS2/install/sjtu_drone_description
[0.519s] -- The C compiler identification is GNU 11.4.0
[0.602s] -- The CXX compiler identification is GNU 11.4.0
[0.615s] -- Detecting C compiler ABI info
[0.728s] -- Detecting C compiler ABI info - done
[0.747s] -- Check for working C compiler: /usr/bin/cc - skipped
[0.747s] -- Detecting C compile features
[0.748s] -- Detecting C compile features - done
[0.753s] -- Detecting CXX compiler ABI info
[0.889s] -- Detecting CXX compiler ABI info - done
[0.899s] -- Check for working CXX compiler: /usr/bin/c++ - skipped
[0.899s] -- Detecting CXX compile features
[0.900s] -- Detecting CXX compile features - done
[0.910s] -- Found PkgConfig: /usr/bin/pkg-config (found version "0.29.2") 
[0.911s] -- Checking for module 'OGRE'
[0.940s] --   Found OGRE, version 1.9.0
[1.021s] -- Checking for module 'OGRE-Terrain'
[1.052s] --   Found OGRE-Terrain, version 1.9.0
[1.125s] -- Found ament_cmake: 1.3.12 (/opt/ros/humble/share/ament_cmake/cmake)
[1.343s] -- Found Python3: /usr/bin/python3 (found version "3.10.12") found components: Interpreter 
[1.540s] -- Found ament_cmake_ros: 0.10.0 (/opt/ros/humble/share/ament_cmake_ros/cmake)
[1.573s] -- Found rclcpp: 16.0.15 (/opt/ros/humble/share/rclcpp/cmake)
[1.664s] -- Found rosidl_generator_c: 3.1.7 (/opt/ros/humble/share/rosidl_generator_c/cmake)
[1.676s] -- Found rosidl_adapter: 3.1.7 (/opt/ros/humble/share/rosidl_adapter/cmake)
[1.692s] -- Found rosidl_generator_cpp: 3.1.7 (/opt/ros/humble/share/rosidl_generator_cpp/cmake)
[1.715s] -- Using all available rosidl_typesupport_c: rosidl_typesupport_fastrtps_c;rosidl_typesupport_introspection_c
[1.751s] -- Using all available rosidl_typesupport_cpp: rosidl_typesupport_fastrtps_cpp;rosidl_typesupport_introspection_cpp
[1.840s] -- Found rmw_implementation_cmake: 6.1.2 (/opt/ros/humble/share/rmw_implementation_cmake/cmake)
[1.847s] -- Found rmw_fastrtps_cpp: 6.2.9 (/opt/ros/humble/share/rmw_fastrtps_cpp/cmake)
[2.041s] -- Found OpenSSL: /usr/lib/x86_64-linux-gnu/libcrypto.so (found version "3.0.2")  
[2.116s] -- Found FastRTPS: /opt/ros/humble/include  
[2.267s] -- Using RMW implementation 'rmw_fastrtps_cpp' as default
[2.294s] -- Looking for pthread.h
[2.430s] -- Looking for pthread.h - found
[2.431s] -- Performing Test CMAKE_HAVE_LIBC_PTHREAD
[2.588s] -- Performing Test CMAKE_HAVE_LIBC_PTHREAD - Success
[2.590s] -- Found Threads: TRUE  
[2.695s] -- Found gazebo_ros: 3.9.0 (/opt/ros/humble/share/gazebo_ros/cmake)
[2.731s] -- Checking for module 'bullet>=2.82'
[2.768s] --   Found bullet, version 3.05
[3.065s] -- Found fcl: /usr/include (found suitable version "0.7.0", minimum required is "0.5.0") 
[3.192s] -- Found assimp: /usr/include (found version "5.2.0") 
[3.333s] -- Found DART: /usr/include (Required is at least version "6.6") found components: dart 
[3.432s] -- Found Boost: /usr/lib/x86_64-linux-gnu/cmake/Boost-1.74.0/BoostConfig.cmake (found suitable version "1.74.0", minimum required is "1.40.0") found components: thread system filesystem program_options regex iostreams date_time 
[3.484s] -- Found Protobuf: /usr/lib/x86_64-linux-gnu/libprotobuf.so (found version "3.12.4") 
[3.510s] -- Looking for ignition-math6 -- found version 6.15.1
[3.534s] -- Searching for dependencies of ignition-math6
[3.540s] -- Looking for OGRE...
[3.540s] -- OGRE_PREFIX_WATCH changed.
[3.550s] -- Checking for module 'OGRE'
[3.588s] --   Found OGRE, version 1.9.0
[3.680s] -- Found Ogre Ghadamon (1.9.0)
[3.709s] -- Looking for OGRE_Paging...
[3.722s] -- Found OGRE_Paging: optimized;/usr/lib/x86_64-linux-gnu/libOgrePaging.so;debug;/usr/lib/x86_64-linux-gnu/libOgrePaging.so
[3.722s] -- Looking for OGRE_Terrain...
[3.740s] -- Found OGRE_Terrain: optimized;/usr/lib/x86_64-linux-gnu/libOgreTerrain.so;debug;/usr/lib/x86_64-linux-gnu/libOgreTerrain.so
[3.742s] -- Looking for OGRE_Property...
[3.757s] -- Found OGRE_Property: optimized;/usr/lib/x86_64-linux-gnu/libOgreProperty.so;debug;/usr/lib/x86_64-linux-gnu/libOgreProperty.so
[3.758s] -- Looking for OGRE_RTShaderSystem...
[3.773s] -- Found OGRE_RTShaderSystem: optimized;/usr/lib/x86_64-linux-gnu/libOgreRTShaderSystem.so;debug;/usr/lib/x86_64-linux-gnu/libOgreRTShaderSystem.so
[3.773s] -- Looking for OGRE_Volume...
[3.785s] -- Found OGRE_Volume: optimized;/usr/lib/x86_64-linux-gnu/libOgreVolume.so;debug;/usr/lib/x86_64-linux-gnu/libOgreVolume.so
[3.786s] -- Looking for OGRE_Overlay...
[3.800s] -- Found OGRE_Overlay: optimized;/usr/lib/x86_64-linux-gnu/libOgreOverlay.so;debug;/usr/lib/x86_64-linux-gnu/libOgreOverlay.so
[4.130s] -- Looking for ignition-math6 -- found version 6.15.1
[4.138s] -- Looking for ignition-transport8 -- found version 8.2.1
[4.139s] -- Searching for dependencies of ignition-transport8
[4.188s] -- Found Protobuf: /usr/lib/x86_64-linux-gnu/libprotobuf.so (found suitable version "3.12.4", minimum required is "3") 
[4.225s] -- Config-file not installed for ZeroMQ -- checking for pkg-config
[4.239s] -- Checking for module 'libzmq >= 4'
[4.272s] --   Found libzmq , version 4.3.4
[4.346s] -- Found ZeroMQ: TRUE (Required is at least version "4") 
[4.362s] -- Checking for module 'uuid'
[4.390s] --   Found uuid, version 2.37.2
[4.457s] -- Found UUID: TRUE  
[4.470s] -- Looking for ignition-msgs5 -- found version 5.8.1
[4.470s] -- Searching for dependencies of ignition-msgs5
[4.528s] -- Looking for ignition-math6 -- found version 6.15.1
[4.542s] -- Checking for module 'tinyxml2'
[4.572s] --   Found tinyxml2, version 9.0.0
[4.645s] -- Looking for ignition-msgs5 -- found version 5.8.1
[4.653s] -- Looking for ignition-common3 -- found version 3.14.0
[4.653s] -- Searching for dependencies of ignition-common3
[4.655s] -- Looking for dlfcn.h - found
[4.656s] -- Looking for libdl - found
[4.658s] -- Found DL: TRUE  
[4.683s] -- Found tinyobjloader: /usr/lib/x86_64-linux-gnu/cmake/tinyobjloader/tinyobjloader-config.cmake (found version "2.0.0") 
[4.685s] -- Searching for <ignition-common3> component [graphics]
[4.692s] -- Looking for ignition-common3-graphics -- found version 3.14.0
[4.692s] -- Searching for dependencies of ignition-common3-graphics
[4.693s] -- Looking for ignition-math6 -- found version 6.15.1
[4.702s] -- Looking for ignition-fuel_tools4 -- found version 4.4.0
[4.703s] -- Searching for dependencies of ignition-fuel_tools4
[4.904s] -- Found CURL: /usr/lib/x86_64-linux-gnu/libcurl.so (found version "7.81.0")  
[4.929s] -- Checking for module 'jsoncpp'
[4.969s] --   Found jsoncpp, version 1.9.5
[5.074s] -- Found JSONCPP: TRUE  
[5.087s] -- Checking for module 'libzip'
[5.124s] --   Found libzip, version 1.7.3
[5.214s] -- Found ZIP: TRUE  
[5.215s] -- Looking for ignition-common3 -- found version 3.14.0
[5.216s] -- Looking for ignition-math6 -- found version 6.15.1
[5.217s] -- Looking for ignition-msgs5 -- found version 5.8.1
[5.230s] -- Gazebo version: 11.10
[5.231s] -- Checking for module 'tbb'
[5.272s] --   Found tbb, version 2021.5.0
[5.375s] -- Found gazebo_plugins: 3.9.0 (/opt/ros/humble/share/gazebo_plugins/cmake)
[5.553s] -- Found sensor_msgs: 4.9.0 (/opt/ros/humble/share/sensor_msgs/cmake)
[5.598s] -- Found nav_msgs: 4.9.0 (/opt/ros/humble/share/nav_msgs/cmake)
[5.649s] -- Found tf2: 0.25.16 (/opt/ros/humble/share/tf2/cmake)
[5.696s] -- Found tf2_ros: 0.25.16 (/opt/ros/humble/share/tf2_ros/cmake)
[5.977s] -- Found tf2_geometry_msgs: 0.25.16 (/opt/ros/humble/share/tf2_geometry_msgs/cmake)
[6.014s] -- Found eigen3_cmake_module: 0.1.1 (/opt/ros/humble/share/eigen3_cmake_module/cmake)
[6.018s] -- Found Eigen3: TRUE (found version "3.4.0") 
[6.018s] -- Ensuring Eigen3 include directory is part of orocos-kdl CMake target
[6.055s] -- Found ament_lint_auto: 0.12.14 (/opt/ros/humble/share/ament_lint_auto/cmake)
[6.335s] -- Added test 'cppcheck' to perform static code analysis on C / C++ code
[6.337s] -- Configured cppcheck include dirs: /home/user/PPO_drone_Gazebo_ROS2/src/sjtu_drone/sjtu_drone_description/include;$<BUILD_INTERFACE:/home/user/PPO_drone_Gazebo_ROS2/src/sjtu_drone/sjtu_drone_description/include>
[6.338s] -- Configured cppcheck exclude dirs and/or files: 
[6.341s] -- Added test 'lint_cmake' to check CMake code style
[6.347s] -- Added test 'uncrustify' to check C / C++ code style
[6.347s] -- Configured uncrustify additional arguments: 
[6.350s] -- Added test 'xmllint' to check XML markup files
[6.359s] -- Configuring done
[6.506s] -- Generating done
[6.519s] -- Build files have been written to: /home/user/PPO_drone_Gazebo_ROS2/build/sjtu_drone_description
[6.548s] Invoked command in '/home/user/PPO_drone_Gazebo_ROS2/build/sjtu_drone_description' returned '0': CMAKE_PREFIX_PATH=${CMAKE_PREFIX_PATH}:/home/user/PPO_drone_Gazebo_ROS2/install/sjtu_drone_control:/home/user/PPO_drone_Gazebo_ROS2/install/sjtu_drone_bringup:/home/user/PPO_drone_Gazebo_ROS2/install/mml_guidance:/opt/ros/humble:/opt/ros/jazzy /usr/bin/cmake /home/user/PPO_drone_Gazebo_ROS2/src/sjtu_drone/sjtu_drone_description -DCMAKE_INSTALL_PREFIX=/home/user/PPO_drone_Gazebo_ROS2/install/sjtu_drone_description
[6.552s] Invoking command in '/home/user/PPO_drone_Gazebo_ROS2/build/sjtu_drone_description': CMAKE_PREFIX_PATH=${CMAKE_PREFIX_PATH}:/home/user/PPO_drone_Gazebo_ROS2/install/sjtu_drone_control:/home/user/PPO_drone_Gazebo_ROS2/install/sjtu_drone_bringup:/home/user/PPO_drone_Gazebo_ROS2/install/mml_guidance:/opt/ros/humble:/opt/ros/jazzy /usr/bin/cmake --build /home/user/PPO_drone_Gazebo_ROS2/build/sjtu_drone_description -- -j8 -l8
[6.681s] [ 25%] [32mBuilding CXX object CMakeFiles/plugin_drone.dir/src/plugin_drone.cpp.o[0m
[6.682s] [ 50%] [32mBuilding CXX object CMakeFiles/plugin_drone.dir/src/plugin_drone_private.cpp.o[0m
[6.684s] [ 75%] [32mBuilding CXX object CMakeFiles/plugin_drone.dir/src/pid_controller.cpp.o[0m
[48.716s] [100%] [32m[1mLinking CXX shared library /home/user/PPO_drone_Gazebo_ROS2/src/sjtu_drone/sjtu_drone_description/plugins/libplugin_drone.so[0m
[51.564s] [100%] Built target plugin_drone
[51.582s] Invoked command in '/home/user/PPO_drone_Gazebo_ROS2/build/sjtu_drone_description' returned '0': CMAKE_PREFIX_PATH=${CMAKE_PREFIX_PATH}:/home/user/PPO_drone_Gazebo_ROS2/install/sjtu_drone_control:/home/user/PPO_drone_Gazebo_ROS2/install/sjtu_drone_bringup:/home/user/PPO_drone_Gazebo_ROS2/install/mml_guidance:/opt/ros/humble:/opt/ros/jazzy /usr/bin/cmake --build /home/user/PPO_drone_Gazebo_ROS2/build/sjtu_drone_description -- -j8 -l8
[51.584s] Invoking command in '/home/user/PPO_drone_Gazebo_ROS2/build/sjtu_drone_description': CMAKE_PREFIX_PATH=${CMAKE_PREFIX_PATH}:/home/user/PPO_drone_Gazebo_ROS2/install/sjtu_drone_control:/home/user/PPO_drone_Gazebo_ROS2/install/sjtu_drone_bringup:/home/user/PPO_drone_Gazebo_ROS2/install/mml_guidance:/opt/ros/humble:/opt/ros/jazzy /usr/bin/cmake --install /home/user/PPO_drone_Gazebo_ROS2/build/sjtu_drone_description
[51.595s] -- Install configuration: ""
[51.595s] -- Installing: /home/user/PPO_drone_Gazebo_ROS2/install/sjtu_drone_description/include
[51.596s] -- Installing: /home/user/PPO_drone_Gazebo_ROS2/install/sjtu_drone_description/include/sjtu_drone_description
[51.596s] -- Installing: /home/user/PPO_drone_Gazebo_ROS2/install/sjtu_drone_description/include/sjtu_drone_description/pid_controller.h
[51.596s] -- Installing: /home/user/PPO_drone_Gazebo_ROS2/install/sjtu_drone_description/include/sjtu_drone_description/plugin_drone.h
[51.596s] -- Installing: /home/user/PPO_drone_Gazebo_ROS2/install/sjtu_drone_description/include/sjtu_drone_description/plugin_drone_private.h
[51.597s] -- Installing: /home/user/PPO_drone_Gazebo_ROS2/install/sjtu_drone_description/lib/libplugin_drone.so
[51.624s] -- Set runtime path of "/home/user/PPO_drone_Gazebo_ROS2/install/sjtu_drone_description/lib/libplugin_drone.so" to ""
[51.624s] -- Installing: /home/user/PPO_drone_Gazebo_ROS2/install/sjtu_drone_description/share/sjtu_drone_description/environment/library_path.sh
[51.625s] -- Installing: /home/user/PPO_drone_Gazebo_ROS2/install/sjtu_drone_description/share/sjtu_drone_description/environment/library_path.dsv
[51.625s] -- Installing: /home/user/PPO_drone_Gazebo_ROS2/install/sjtu_drone_description/share/sjtu_drone_description/models
[51.625s] -- Installing: /home/user/PPO_drone_Gazebo_ROS2/install/sjtu_drone_description/share/sjtu_drone_description/models/sjtu_drone
[51.625s] -- Installing: /home/user/PPO_drone_Gazebo_ROS2/install/sjtu_drone_description/share/sjtu_drone_description/models/sjtu_drone/model.config
[51.625s] -- Installing: /home/user/PPO_drone_Gazebo_ROS2/install/sjtu_drone_description/share/sjtu_drone_description/models/sjtu_drone/quadrotor_4.dae
[51.626s] -- Installing: /home/user/PPO_drone_Gazebo_ROS2/install/sjtu_drone_description/share/sjtu_drone_description/models/sjtu_drone/sjtu_drone.sdf
[51.626s] -- Installing: /home/user/PPO_drone_Gazebo_ROS2/install/sjtu_drone_description/share/sjtu_drone_description/models/sjtu_drone/quadrotor_4.stl
[51.626s] -- Installing: /home/user/PPO_drone_Gazebo_ROS2/install/sjtu_drone_description/share/sjtu_drone_description/models/database.config
[51.627s] -- Installing: /home/user/PPO_drone_Gazebo_ROS2/install/sjtu_drone_description/share/sjtu_drone_description/urdf
[51.627s] -- Installing: /home/user/PPO_drone_Gazebo_ROS2/install/sjtu_drone_description/share/sjtu_drone_description/urdf/sjtu_drone.urdf.xacro
[51.627s] -- Installing: /home/user/PPO_drone_Gazebo_ROS2/install/sjtu_drone_description/share/sjtu_drone_description/urdf/sjtu_drone.urdf
[51.628s] -- Installing: /home/user/PPO_drone_Gazebo_ROS2/install/sjtu_drone_description/share/sjtu_drone_description/worlds
[51.628s] -- Installing: /home/user/PPO_drone_Gazebo_ROS2/install/sjtu_drone_description/share/sjtu_drone_description/worlds/playground.world
[51.628s] -- Installing: /home/user/PPO_drone_Gazebo_ROS2/install/sjtu_drone_description/share/ament_index/resource_index/package_run_dependencies/sjtu_drone_description
[51.629s] -- Installing: /home/user/PPO_drone_Gazebo_ROS2/install/sjtu_drone_description/share/ament_index/resource_index/parent_prefix_path/sjtu_drone_description
[51.629s] -- Installing: /home/user/PPO_drone_Gazebo_ROS2/install/sjtu_drone_description/share/sjtu_drone_description/environment/ament_prefix_path.sh
[51.629s] -- Installing: /home/user/PPO_drone_Gazebo_ROS2/install/sjtu_drone_description/share/sjtu_drone_description/environment/ament_prefix_path.dsv
[51.629s] -- Installing: /home/user/PPO_drone_Gazebo_ROS2/install/sjtu_drone_description/share/sjtu_drone_description/environment/path.sh
[51.630s] -- Installing: /home/user/PPO_drone_Gazebo_ROS2/install/sjtu_drone_description/share/sjtu_drone_description/environment/path.dsv
[51.630s] -- Installing: /home/user/PPO_drone_Gazebo_ROS2/install/sjtu_drone_description/share/sjtu_drone_description/local_setup.bash
[51.630s] -- Installing: /home/user/PPO_drone_Gazebo_ROS2/install/sjtu_drone_description/share/sjtu_drone_description/local_setup.sh
[51.630s] -- Installing: /home/user/PPO_drone_Gazebo_ROS2/install/sjtu_drone_description/share/sjtu_drone_description/local_setup.zsh
[51.630s] -- Installing: /home/user/PPO_drone_Gazebo_ROS2/install/sjtu_drone_description/share/sjtu_drone_description/local_setup.dsv
[51.631s] -- Installing: /home/user/PPO_drone_Gazebo_ROS2/install/sjtu_drone_description/share/sjtu_drone_description/package.dsv
[51.631s] -- Installing: /home/user/PPO_drone_Gazebo_ROS2/install/sjtu_drone_description/share/ament_index/resource_index/packages/sjtu_drone_description
[51.631s] -- Installing: /home/user/PPO_drone_Gazebo_ROS2/install/sjtu_drone_description/share/sjtu_drone_description/cmake/export_sjtu_drone_descriptionExport.cmake
[51.631s] -- Installing: /home/user/PPO_drone_Gazebo_ROS2/install/sjtu_drone_description/share/sjtu_drone_description/cmake/export_sjtu_drone_descriptionExport-noconfig.cmake
[51.632s] -- Installing: /home/user/PPO_drone_Gazebo_ROS2/install/sjtu_drone_description/share/sjtu_drone_description/cmake/ament_cmake_export_include_directories-extras.cmake
[51.632s] -- Installing: /home/user/PPO_drone_Gazebo_ROS2/install/sjtu_drone_description/share/sjtu_drone_description/cmake/ament_cmake_export_libraries-extras.cmake
[51.632s] -- Installing: /home/user/PPO_drone_Gazebo_ROS2/install/sjtu_drone_description/share/sjtu_drone_description/cmake/ament_cmake_export_targets-extras.cmake
[51.632s] -- Installing: /home/user/PPO_drone_Gazebo_ROS2/install/sjtu_drone_description/share/sjtu_drone_description/cmake/sjtu_drone_descriptionConfig.cmake
[51.633s] -- Installing: /home/user/PPO_drone_Gazebo_ROS2/install/sjtu_drone_description/share/sjtu_drone_description/cmake/sjtu_drone_descriptionConfig-version.cmake
[51.633s] -- Installing: /home/user/PPO_drone_Gazebo_ROS2/install/sjtu_drone_description/share/sjtu_drone_description/package.xml
[51.635s] Invoked command in '/home/user/PPO_drone_Gazebo_ROS2/build/sjtu_drone_description' returned '0': CMAKE_PREFIX_PATH=${CMAKE_PREFIX_PATH}:/home/user/PPO_drone_Gazebo_ROS2/install/sjtu_drone_control:/home/user/PPO_drone_Gazebo_ROS2/install/sjtu_drone_bringup:/home/user/PPO_drone_Gazebo_ROS2/install/mml_guidance:/opt/ros/humble:/opt/ros/jazzy /usr/bin/cmake --install /home/user/PPO_drone_Gazebo_ROS2/build/sjtu_drone_description
