[14.364s] Invoking command in '/home/user/PPO_drone_Gazebo_ROS2/build/sjtu_drone_bringup': CONDA_PROMPT_MODIFIER=(base) DEBUGINFOD_URLS=https://debuginfod.ubuntu.com PYTHONPATH=/home/user/PPO_drone_Gazebo_ROS2/build/sjtu_drone_bringup/prefix_override:/usr/lib/python3/dist-packages/colcon_core/task/python/colcon_distutils_commands:/home/user/PPO_drone_Gazebo_ROS2/install/sjtu_drone_bringup/lib/python3.12/site-packages:${PYTHONPATH} /usr/bin/python3 -W ignore:setup.py install is deprecated -W ignore:easy_install command is deprecated setup.py develop --editable --build-directory /home/user/PPO_drone_Gazebo_ROS2/build/sjtu_drone_bringup/build --no-deps symlink_data --force
[19.507s] running develop
[25.515s] running egg_info
[26.269s] writing sjtu_drone_bringup.egg-info/PKG-INFO
[26.281s] writing dependency_links to sjtu_drone_bringup.egg-info/dependency_links.txt
[26.289s] writing entry points to sjtu_drone_bringup.egg-info/entry_points.txt
[26.301s] writing requirements to sjtu_drone_bringup.egg-info/requires.txt
[26.306s] writing top-level names to sjtu_drone_bringup.egg-info/top_level.txt
[27.373s] reading manifest file 'sjtu_drone_bringup.egg-info/SOURCES.txt'
[27.423s] writing manifest file 'sjtu_drone_bringup.egg-info/SOURCES.txt'
[28.174s] running build_ext
[28.175s] Creating /home/user/PPO_drone_Gazebo_ROS2/install/sjtu_drone_bringup/lib/python3.12/site-packages/sjtu-drone-bringup.egg-link (link to .)
[28.215s] Installing spawn_drone script to /home/user/PPO_drone_Gazebo_ROS2/install/sjtu_drone_bringup/lib/sjtu_drone_bringup
[28.221s] 
[28.225s] Installed /home/user/PPO_drone_Gazebo_ROS2/build/sjtu_drone_bringup
[28.234s] running symlink_data
[28.239s] symbolically linking /home/user/PPO_drone_Gazebo_ROS2/build/sjtu_drone_bringup/resource/sjtu_drone_bringup -> /home/user/PPO_drone_Gazebo_ROS2/install/sjtu_drone_bringup/share/ament_index/resource_index/packages
[28.242s] symbolically linking /home/user/PPO_drone_Gazebo_ROS2/build/sjtu_drone_bringup/package.xml -> /home/user/PPO_drone_Gazebo_ROS2/install/sjtu_drone_bringup/share/sjtu_drone_bringup
[28.257s] symbolically linking /home/user/PPO_drone_Gazebo_ROS2/build/sjtu_drone_bringup/launch/sjtu_drone_bringup.launch.py -> /home/user/PPO_drone_Gazebo_ROS2/install/sjtu_drone_bringup/share/sjtu_drone_bringup/launch
[28.264s] error: can't copy '/home/user/PPO_drone_Gazebo_ROS2/build/sjtu_drone_bringup/launch/sjtu_drone_gazebo.launch.py': doesn't exist or not a regular file
[28.552s] Invoked command in '/home/user/PPO_drone_Gazebo_ROS2/build/sjtu_drone_bringup' returned '1': CONDA_PROMPT_MODIFIER=(base) DEBUGINFOD_URLS=https://debuginfod.ubuntu.com PYTHONPATH=/home/user/PPO_drone_Gazebo_ROS2/build/sjtu_drone_bringup/prefix_override:/usr/lib/python3/dist-packages/colcon_core/task/python/colcon_distutils_commands:/home/user/PPO_drone_Gazebo_ROS2/install/sjtu_drone_bringup/lib/python3.12/site-packages:${PYTHONPATH} /usr/bin/python3 -W ignore:setup.py install is deprecated -W ignore:easy_install command is deprecated setup.py develop --editable --build-directory /home/user/PPO_drone_Gazebo_ROS2/build/sjtu_drone_bringup/build --no-deps symlink_data --force
