[12.842s] Invoking command in '/home/user/PPO_drone_Gazebo_ROS2/src/sjtu_drone/sjtu_drone_control': CONDA_PROMPT_MODIFIER=(base) DEBUGINFOD_URLS=https://debuginfod.ubuntu.com PYTHONPATH=/home/user/PPO_drone_Gazebo_ROS2/build/sjtu_drone_control/prefix_override:/usr/lib/python3/dist-packages/colcon_core/task/python/colcon_distutils_commands:/home/user/PPO_drone_Gazebo_ROS2/install/sjtu_drone_control/lib/python3.12/site-packages:${PYTHONPATH} /usr/bin/python3 -W ignore:setup.py install is deprecated -W ignore:easy_install command is deprecated setup.py egg_info --egg-base ../../../build/sjtu_drone_control build --build-base /home/user/PPO_drone_Gazebo_ROS2/build/sjtu_drone_control/build install --record /home/user/PPO_drone_Gazebo_ROS2/build/sjtu_drone_control/install.log --single-version-externally-managed install_data
[16.702s] running egg_info
[16.974s] writing ../../../build/sjtu_drone_control/sjtu_drone_control.egg-info/PKG-INFO
[16.978s] writing dependency_links to ../../../build/sjtu_drone_control/sjtu_drone_control.egg-info/dependency_links.txt
[16.987s] writing entry points to ../../../build/sjtu_drone_control/sjtu_drone_control.egg-info/entry_points.txt
[16.988s] writing requirements to ../../../build/sjtu_drone_control/sjtu_drone_control.egg-info/requires.txt
[16.989s] writing top-level names to ../../../build/sjtu_drone_control/sjtu_drone_control.egg-info/top_level.txt
[17.745s] reading manifest file '../../../build/sjtu_drone_control/sjtu_drone_control.egg-info/SOURCES.txt'
[17.755s] writing manifest file '../../../build/sjtu_drone_control/sjtu_drone_control.egg-info/SOURCES.txt'
[17.762s] running build
[17.763s] running build_py
[17.771s] running install
[17.858s] running install_lib
[18.197s] creating /home/user/PPO_drone_Gazebo_ROS2/install/sjtu_drone_control/lib/python3.12/site-packages/sjtu_drone_control
[18.200s] copying /home/user/PPO_drone_Gazebo_ROS2/build/sjtu_drone_control/build/lib/sjtu_drone_control/open_loop_control.py -> /home/user/PPO_drone_Gazebo_ROS2/install/sjtu_drone_control/lib/python3.12/site-packages/sjtu_drone_control
[18.204s] copying /home/user/PPO_drone_Gazebo_ROS2/build/sjtu_drone_control/build/lib/sjtu_drone_control/teleop.py -> /home/user/PPO_drone_Gazebo_ROS2/install/sjtu_drone_control/lib/python3.12/site-packages/sjtu_drone_control
[18.204s] copying /home/user/PPO_drone_Gazebo_ROS2/build/sjtu_drone_control/build/lib/sjtu_drone_control/__init__.py -> /home/user/PPO_drone_Gazebo_ROS2/install/sjtu_drone_control/lib/python3.12/site-packages/sjtu_drone_control
[18.212s] copying /home/user/PPO_drone_Gazebo_ROS2/build/sjtu_drone_control/build/lib/sjtu_drone_control/teleop_joystick.py -> /home/user/PPO_drone_Gazebo_ROS2/install/sjtu_drone_control/lib/python3.12/site-packages/sjtu_drone_control
[18.215s] copying /home/user/PPO_drone_Gazebo_ROS2/build/sjtu_drone_control/build/lib/sjtu_drone_control/drone_position_control.py -> /home/user/PPO_drone_Gazebo_ROS2/install/sjtu_drone_control/lib/python3.12/site-packages/sjtu_drone_control
[18.216s] byte-compiling /home/user/PPO_drone_Gazebo_ROS2/install/sjtu_drone_control/lib/python3.12/site-packages/sjtu_drone_control/open_loop_control.py to open_loop_control.cpython-312.pyc
[18.228s] byte-compiling /home/user/PPO_drone_Gazebo_ROS2/install/sjtu_drone_control/lib/python3.12/site-packages/sjtu_drone_control/teleop.py to teleop.cpython-312.pyc
[18.240s] byte-compiling /home/user/PPO_drone_Gazebo_ROS2/install/sjtu_drone_control/lib/python3.12/site-packages/sjtu_drone_control/__init__.py to __init__.cpython-312.pyc
[18.241s] byte-compiling /home/user/PPO_drone_Gazebo_ROS2/install/sjtu_drone_control/lib/python3.12/site-packages/sjtu_drone_control/teleop_joystick.py to teleop_joystick.cpython-312.pyc
[18.246s] byte-compiling /home/user/PPO_drone_Gazebo_ROS2/install/sjtu_drone_control/lib/python3.12/site-packages/sjtu_drone_control/drone_position_control.py to drone_position_control.cpython-312.pyc
[18.254s] running install_data
[18.255s] running install_egg_info
[18.585s] Copying ../../../build/sjtu_drone_control/sjtu_drone_control.egg-info to /home/user/PPO_drone_Gazebo_ROS2/install/sjtu_drone_control/lib/python3.12/site-packages/sjtu_drone_control-0.0.0-py3.12.egg-info
[18.598s] running install_scripts
[21.136s] Installing drone_position_control script to /home/user/PPO_drone_Gazebo_ROS2/install/sjtu_drone_control/lib/sjtu_drone_control
[21.141s] Installing open_loop_control script to /home/user/PPO_drone_Gazebo_ROS2/install/sjtu_drone_control/lib/sjtu_drone_control
[21.143s] Installing teleop script to /home/user/PPO_drone_Gazebo_ROS2/install/sjtu_drone_control/lib/sjtu_drone_control
[21.144s] Installing teleop_joystick script to /home/user/PPO_drone_Gazebo_ROS2/install/sjtu_drone_control/lib/sjtu_drone_control
[21.145s] writing list of installed files to '/home/user/PPO_drone_Gazebo_ROS2/build/sjtu_drone_control/install.log'
