[0.911s] Invoking command in '/home/user/PPO_drone_Gazebo_ROS2/build/sjtu_drone_description': CMAKE_PREFIX_PATH=${CMAKE_PREFIX_PATH}:/home/user/PPO_drone_Gazebo_ROS2/install/sjtu_drone_control:/home/user/PPO_drone_Gazebo_ROS2/install/sjtu_drone_bringup:/home/user/PPO_drone_Gazebo_ROS2/install/mml_guidance:/opt/ros/humble:/opt/ros/jazzy /usr/bin/cmake --build /home/user/PPO_drone_Gazebo_ROS2/build/sjtu_drone_description -- -j8 -l8
[0.997s] [35m[1mConsolidate compiler generated dependencies of target plugin_drone[0m
[1.121s] [100%] Built target plugin_drone
[1.141s] Invoked command in '/home/user/PPO_drone_Gazebo_ROS2/build/sjtu_drone_description' returned '0': CMAKE_PREFIX_PATH=${CMAKE_PREFIX_PATH}:/home/user/PPO_drone_Gazebo_ROS2/install/sjtu_drone_control:/home/user/PPO_drone_Gazebo_ROS2/install/sjtu_drone_bringup:/home/user/PPO_drone_Gazebo_ROS2/install/mml_guidance:/opt/ros/humble:/opt/ros/jazzy /usr/bin/cmake --build /home/user/PPO_drone_Gazebo_ROS2/build/sjtu_drone_description -- -j8 -l8
[1.145s] Invoking command in '/home/user/PPO_drone_Gazebo_ROS2/build/sjtu_drone_description': CMAKE_PREFIX_PATH=${CMAKE_PREFIX_PATH}:/home/user/PPO_drone_Gazebo_ROS2/install/sjtu_drone_control:/home/user/PPO_drone_Gazebo_ROS2/install/sjtu_drone_bringup:/home/user/PPO_drone_Gazebo_ROS2/install/mml_guidance:/opt/ros/humble:/opt/ros/jazzy /usr/bin/cmake --install /home/user/PPO_drone_Gazebo_ROS2/build/sjtu_drone_description
[1.158s] -- Install configuration: ""
[1.158s] -- Up-to-date: /home/user/PPO_drone_Gazebo_ROS2/install/sjtu_drone_description/include
[1.159s] -- Up-to-date: /home/user/PPO_drone_Gazebo_ROS2/install/sjtu_drone_description/include/sjtu_drone_description
[1.159s] -- Up-to-date: /home/user/PPO_drone_Gazebo_ROS2/install/sjtu_drone_description/include/sjtu_drone_description/pid_controller.h
[1.159s] -- Up-to-date: /home/user/PPO_drone_Gazebo_ROS2/install/sjtu_drone_description/include/sjtu_drone_description/plugin_drone.h
[1.159s] -- Up-to-date: /home/user/PPO_drone_Gazebo_ROS2/install/sjtu_drone_description/include/sjtu_drone_description/plugin_drone_private.h
[1.160s] -- Up-to-date: /home/user/PPO_drone_Gazebo_ROS2/install/sjtu_drone_description/lib/libplugin_drone.so
[1.160s] -- Up-to-date: /home/user/PPO_drone_Gazebo_ROS2/install/sjtu_drone_description/share/sjtu_drone_description/environment/library_path.sh
[1.160s] -- Up-to-date: /home/user/PPO_drone_Gazebo_ROS2/install/sjtu_drone_description/share/sjtu_drone_description/environment/library_path.dsv
[1.160s] -- Up-to-date: /home/user/PPO_drone_Gazebo_ROS2/install/sjtu_drone_description/share/sjtu_drone_description/models
[1.161s] -- Up-to-date: /home/user/PPO_drone_Gazebo_ROS2/install/sjtu_drone_description/share/sjtu_drone_description/models/sjtu_drone
[1.161s] -- Up-to-date: /home/user/PPO_drone_Gazebo_ROS2/install/sjtu_drone_description/share/sjtu_drone_description/models/sjtu_drone/model.config
[1.161s] -- Up-to-date: /home/user/PPO_drone_Gazebo_ROS2/install/sjtu_drone_description/share/sjtu_drone_description/models/sjtu_drone/quadrotor_4.dae
[1.161s] -- Up-to-date: /home/user/PPO_drone_Gazebo_ROS2/install/sjtu_drone_description/share/sjtu_drone_description/models/sjtu_drone/sjtu_drone.sdf
[1.161s] -- Up-to-date: /home/user/PPO_drone_Gazebo_ROS2/install/sjtu_drone_description/share/sjtu_drone_description/models/sjtu_drone/quadrotor_4.stl
[1.161s] -- Up-to-date: /home/user/PPO_drone_Gazebo_ROS2/install/sjtu_drone_description/share/sjtu_drone_description/models/database.config
[1.162s] -- Up-to-date: /home/user/PPO_drone_Gazebo_ROS2/install/sjtu_drone_description/share/sjtu_drone_description/urdf
[1.162s] -- Up-to-date: /home/user/PPO_drone_Gazebo_ROS2/install/sjtu_drone_description/share/sjtu_drone_description/urdf/sjtu_drone.urdf.xacro
[1.162s] -- Up-to-date: /home/user/PPO_drone_Gazebo_ROS2/install/sjtu_drone_description/share/sjtu_drone_description/urdf/sjtu_drone.urdf
[1.162s] -- Up-to-date: /home/user/PPO_drone_Gazebo_ROS2/install/sjtu_drone_description/share/sjtu_drone_description/worlds
[1.162s] -- Up-to-date: /home/user/PPO_drone_Gazebo_ROS2/install/sjtu_drone_description/share/sjtu_drone_description/worlds/playground.world
[1.163s] -- Up-to-date: /home/user/PPO_drone_Gazebo_ROS2/install/sjtu_drone_description/share/ament_index/resource_index/package_run_dependencies/sjtu_drone_description
[1.163s] -- Up-to-date: /home/user/PPO_drone_Gazebo_ROS2/install/sjtu_drone_description/share/ament_index/resource_index/parent_prefix_path/sjtu_drone_description
[1.163s] -- Up-to-date: /home/user/PPO_drone_Gazebo_ROS2/install/sjtu_drone_description/share/sjtu_drone_description/environment/ament_prefix_path.sh
[1.164s] -- Up-to-date: /home/user/PPO_drone_Gazebo_ROS2/install/sjtu_drone_description/share/sjtu_drone_description/environment/ament_prefix_path.dsv
[1.164s] -- Up-to-date: /home/user/PPO_drone_Gazebo_ROS2/install/sjtu_drone_description/share/sjtu_drone_description/environment/path.sh
[1.164s] -- Up-to-date: /home/user/PPO_drone_Gazebo_ROS2/install/sjtu_drone_description/share/sjtu_drone_description/environment/path.dsv
[1.165s] -- Up-to-date: /home/user/PPO_drone_Gazebo_ROS2/install/sjtu_drone_description/share/sjtu_drone_description/local_setup.bash
[1.167s] -- Up-to-date: /home/user/PPO_drone_Gazebo_ROS2/install/sjtu_drone_description/share/sjtu_drone_description/local_setup.sh
[1.167s] -- Up-to-date: /home/user/PPO_drone_Gazebo_ROS2/install/sjtu_drone_description/share/sjtu_drone_description/local_setup.zsh
[1.168s] -- Up-to-date: /home/user/PPO_drone_Gazebo_ROS2/install/sjtu_drone_description/share/sjtu_drone_description/local_setup.dsv
[1.168s] -- Installing: /home/user/PPO_drone_Gazebo_ROS2/install/sjtu_drone_description/share/sjtu_drone_description/package.dsv
[1.168s] -- Up-to-date: /home/user/PPO_drone_Gazebo_ROS2/install/sjtu_drone_description/share/ament_index/resource_index/packages/sjtu_drone_description
[1.168s] -- Up-to-date: /home/user/PPO_drone_Gazebo_ROS2/install/sjtu_drone_description/share/sjtu_drone_description/cmake/export_sjtu_drone_descriptionExport.cmake
[1.170s] -- Up-to-date: /home/user/PPO_drone_Gazebo_ROS2/install/sjtu_drone_description/share/sjtu_drone_description/cmake/export_sjtu_drone_descriptionExport-noconfig.cmake
[1.171s] -- Up-to-date: /home/user/PPO_drone_Gazebo_ROS2/install/sjtu_drone_description/share/sjtu_drone_description/cmake/ament_cmake_export_include_directories-extras.cmake
[1.171s] -- Up-to-date: /home/user/PPO_drone_Gazebo_ROS2/install/sjtu_drone_description/share/sjtu_drone_description/cmake/ament_cmake_export_libraries-extras.cmake
[1.172s] -- Up-to-date: /home/user/PPO_drone_Gazebo_ROS2/install/sjtu_drone_description/share/sjtu_drone_description/cmake/ament_cmake_export_targets-extras.cmake
[1.172s] -- Up-to-date: /home/user/PPO_drone_Gazebo_ROS2/install/sjtu_drone_description/share/sjtu_drone_description/cmake/sjtu_drone_descriptionConfig.cmake
[1.173s] -- Up-to-date: /home/user/PPO_drone_Gazebo_ROS2/install/sjtu_drone_description/share/sjtu_drone_description/cmake/sjtu_drone_descriptionConfig-version.cmake
[1.173s] -- Up-to-date: /home/user/PPO_drone_Gazebo_ROS2/install/sjtu_drone_description/share/sjtu_drone_description/package.xml
[1.173s] Invoked command in '/home/user/PPO_drone_Gazebo_ROS2/build/sjtu_drone_description' returned '0': CMAKE_PREFIX_PATH=${CMAKE_PREFIX_PATH}:/home/user/PPO_drone_Gazebo_ROS2/install/sjtu_drone_control:/home/user/PPO_drone_Gazebo_ROS2/install/sjtu_drone_bringup:/home/user/PPO_drone_Gazebo_ROS2/install/mml_guidance:/opt/ros/humble:/opt/ros/jazzy /usr/bin/cmake --install /home/user/PPO_drone_Gazebo_ROS2/build/sjtu_drone_description
