[0.154s] DEBUG:colcon:Command line arguments: ['/usr/bin/colcon', 'build', '--packages-select', 'sjtu_drone_description', 'sjtu_drone_bringup', 'sjtu_drone_control']
[0.154s] DEBUG:colcon:Parsed command line arguments: Namespace(log_base=None, log_level=None, verb_name='build', build_base='build', install_base='install', merge_install=False, symlink_install=False, test_result_base=None, continue_on_error=False, executor='parallel', parallel_workers=8, event_handlers=None, ignore_user_meta=False, metas=['./colcon.meta'], base_paths=['.'], packages_ignore=None, packages_ignore_regex=None, paths=None, packages_up_to=None, packages_up_to_regex=None, packages_above=None, packages_above_and_dependencies=None, packages_above_depth=None, packages_select_by_dep=None, packages_skip_by_dep=None, packages_skip_up_to=None, packages_select_build_failed=False, packages_skip_build_finished=False, packages_select_test_failures=False, packages_skip_test_passed=False, packages_select=['sjtu_drone_description', 'sjtu_drone_bringup', 'sjtu_drone_control'], packages_skip=None, packages_select_regex=None, packages_skip_regex=None, packages_start=None, packages_end=None, cmake_args=None, cmake_target=None, cmake_target_skip_unavailable=False, cmake_clean_cache=False, cmake_clean_first=False, cmake_force_configure=False, ament_cmake_args=None, catkin_cmake_args=None, catkin_skip_building_tests=False, mixin_files=None, mixin=None, verb_parser=<colcon_mixin.mixin.mixin_argument.MixinArgumentDecorator object at 0x763e23c5afe0>, verb_extension=<colcon_core.verb.build.BuildVerb object at 0x763e23e57c70>, main=<bound method BuildVerb.main of <colcon_core.verb.build.BuildVerb object at 0x763e23e57c70>>, mixin_verb=('build',))
[0.390s] Level 1:colcon.colcon_core.package_discovery:discover_packages(colcon_meta) check parameters
[0.390s] Level 1:colcon.colcon_core.package_discovery:discover_packages(recursive) check parameters
[0.390s] Level 1:colcon.colcon_core.package_discovery:discover_packages(ignore) check parameters
[0.390s] Level 1:colcon.colcon_core.package_discovery:discover_packages(path) check parameters
[0.390s] Level 1:colcon.colcon_core.package_discovery:discover_packages(colcon_meta) discover
[0.390s] Level 1:colcon.colcon_core.package_discovery:discover_packages(recursive) discover
[0.390s] INFO:colcon.colcon_core.package_discovery:Crawling recursively for packages in '/home/user/PPO_drone_Gazebo_ROS2'
[0.391s] Level 1:colcon.colcon_core.package_identification:_identify(.) by extensions ['ignore', 'ignore_ament_install']
[0.391s] Level 1:colcon.colcon_core.package_identification:_identify(.) by extension 'ignore'
[0.391s] Level 1:colcon.colcon_core.package_identification:_identify(.) by extension 'ignore_ament_install'
[0.391s] Level 1:colcon.colcon_core.package_identification:_identify(.) by extensions ['colcon_pkg']
[0.391s] Level 1:colcon.colcon_core.package_identification:_identify(.) by extension 'colcon_pkg'
[0.391s] Level 1:colcon.colcon_core.package_identification:_identify(.) by extensions ['colcon_meta']
[0.391s] Level 1:colcon.colcon_core.package_identification:_identify(.) by extension 'colcon_meta'
[0.391s] Level 1:colcon.colcon_core.package_identification:_identify(.) by extensions ['ros']
[0.391s] Level 1:colcon.colcon_core.package_identification:_identify(.) by extension 'ros'
[0.444s] Level 1:colcon.colcon_core.package_identification:_identify(.) by extensions ['cmake', 'python']
[0.445s] Level 1:colcon.colcon_core.package_identification:_identify(.) by extension 'cmake'
[0.445s] Level 1:colcon.colcon_core.package_identification:_identify(.) by extension 'python'
[0.445s] Level 1:colcon.colcon_core.package_identification:_identify(.) by extensions ['python_setup_py']
[0.445s] Level 1:colcon.colcon_core.package_identification:_identify(.) by extension 'python_setup_py'
[0.445s] Level 1:colcon.colcon_core.package_identification:_identify(build) by extensions ['ignore', 'ignore_ament_install']
[0.445s] Level 1:colcon.colcon_core.package_identification:_identify(build) by extension 'ignore'
[0.446s] Level 1:colcon.colcon_core.package_identification:_identify(build) ignored
[0.446s] Level 1:colcon.colcon_core.package_identification:_identify(install) by extensions ['ignore', 'ignore_ament_install']
[0.446s] Level 1:colcon.colcon_core.package_identification:_identify(install) by extension 'ignore'
[0.446s] Level 1:colcon.colcon_core.package_identification:_identify(install) ignored
[0.446s] Level 1:colcon.colcon_core.package_identification:_identify(log) by extensions ['ignore', 'ignore_ament_install']
[0.446s] Level 1:colcon.colcon_core.package_identification:_identify(log) by extension 'ignore'
[0.447s] Level 1:colcon.colcon_core.package_identification:_identify(log) ignored
[0.447s] Level 1:colcon.colcon_core.package_identification:_identify(src) by extensions ['ignore', 'ignore_ament_install']
[0.447s] Level 1:colcon.colcon_core.package_identification:_identify(src) by extension 'ignore'
[0.447s] Level 1:colcon.colcon_core.package_identification:_identify(src) by extension 'ignore_ament_install'
[0.447s] Level 1:colcon.colcon_core.package_identification:_identify(src) by extensions ['colcon_pkg']
[0.447s] Level 1:colcon.colcon_core.package_identification:_identify(src) by extension 'colcon_pkg'
[0.447s] Level 1:colcon.colcon_core.package_identification:_identify(src) by extensions ['colcon_meta']
[0.447s] Level 1:colcon.colcon_core.package_identification:_identify(src) by extension 'colcon_meta'
[0.447s] Level 1:colcon.colcon_core.package_identification:_identify(src) by extensions ['ros']
[0.448s] Level 1:colcon.colcon_core.package_identification:_identify(src) by extension 'ros'
[0.448s] Level 1:colcon.colcon_core.package_identification:_identify(src) by extensions ['cmake', 'python']
[0.448s] Level 1:colcon.colcon_core.package_identification:_identify(src) by extension 'cmake'
[0.448s] Level 1:colcon.colcon_core.package_identification:_identify(src) by extension 'python'
[0.448s] Level 1:colcon.colcon_core.package_identification:_identify(src) by extensions ['python_setup_py']
[0.448s] Level 1:colcon.colcon_core.package_identification:_identify(src) by extension 'python_setup_py'
[0.448s] Level 1:colcon.colcon_core.package_identification:_identify(src/drive_drone) by extensions ['ignore', 'ignore_ament_install']
[0.449s] Level 1:colcon.colcon_core.package_identification:_identify(src/drive_drone) by extension 'ignore'
[0.449s] Level 1:colcon.colcon_core.package_identification:_identify(src/drive_drone) by extension 'ignore_ament_install'
[0.449s] Level 1:colcon.colcon_core.package_identification:_identify(src/drive_drone) by extensions ['colcon_pkg']
[0.449s] Level 1:colcon.colcon_core.package_identification:_identify(src/drive_drone) by extension 'colcon_pkg'
[0.449s] Level 1:colcon.colcon_core.package_identification:_identify(src/drive_drone) by extensions ['colcon_meta']
[0.449s] Level 1:colcon.colcon_core.package_identification:_identify(src/drive_drone) by extension 'colcon_meta'
[0.449s] Level 1:colcon.colcon_core.package_identification:_identify(src/drive_drone) by extensions ['ros']
[0.449s] Level 1:colcon.colcon_core.package_identification:_identify(src/drive_drone) by extension 'ros'
[0.453s] DEBUG:colcon.colcon_core.package_identification:Package 'src/drive_drone' with type 'ros.ament_cmake' and name 'drive_drone'
[0.453s] Level 1:colcon.colcon_core.package_identification:_identify(src/mml_python_sim) by extensions ['ignore', 'ignore_ament_install']
[0.454s] Level 1:colcon.colcon_core.package_identification:_identify(src/mml_python_sim) by extension 'ignore'
[0.454s] Level 1:colcon.colcon_core.package_identification:_identify(src/mml_python_sim) by extension 'ignore_ament_install'
[0.454s] Level 1:colcon.colcon_core.package_identification:_identify(src/mml_python_sim) by extensions ['colcon_pkg']
[0.454s] Level 1:colcon.colcon_core.package_identification:_identify(src/mml_python_sim) by extension 'colcon_pkg'
[0.454s] Level 1:colcon.colcon_core.package_identification:_identify(src/mml_python_sim) by extensions ['colcon_meta']
[0.454s] Level 1:colcon.colcon_core.package_identification:_identify(src/mml_python_sim) by extension 'colcon_meta'
[0.454s] Level 1:colcon.colcon_core.package_identification:_identify(src/mml_python_sim) by extensions ['ros']
[0.454s] Level 1:colcon.colcon_core.package_identification:_identify(src/mml_python_sim) by extension 'ros'
[0.454s] Level 1:colcon.colcon_core.package_identification:_identify(src/mml_python_sim) by extensions ['cmake', 'python']
[0.455s] Level 1:colcon.colcon_core.package_identification:_identify(src/mml_python_sim) by extension 'cmake'
[0.455s] Level 1:colcon.colcon_core.package_identification:_identify(src/mml_python_sim) by extension 'python'
[0.455s] Level 1:colcon.colcon_core.package_identification:_identify(src/mml_python_sim) by extensions ['python_setup_py']
[0.455s] Level 1:colcon.colcon_core.package_identification:_identify(src/mml_python_sim) by extension 'python_setup_py'
[0.455s] Level 1:colcon.colcon_core.package_identification:_identify(src/mml_python_sim/README) by extensions ['ignore', 'ignore_ament_install']
[0.455s] Level 1:colcon.colcon_core.package_identification:_identify(src/mml_python_sim/README) by extension 'ignore'
[0.455s] Level 1:colcon.colcon_core.package_identification:_identify(src/mml_python_sim/README) ignored
[0.456s] Level 1:colcon.colcon_core.package_identification:_identify(src/mml_python_sim/__pycache__) by extensions ['ignore', 'ignore_ament_install']
[0.456s] Level 1:colcon.colcon_core.package_identification:_identify(src/mml_python_sim/__pycache__) by extension 'ignore'
[0.456s] Level 1:colcon.colcon_core.package_identification:_identify(src/mml_python_sim/__pycache__) by extension 'ignore_ament_install'
[0.456s] Level 1:colcon.colcon_core.package_identification:_identify(src/mml_python_sim/__pycache__) by extensions ['colcon_pkg']
[0.456s] Level 1:colcon.colcon_core.package_identification:_identify(src/mml_python_sim/__pycache__) by extension 'colcon_pkg'
[0.457s] Level 1:colcon.colcon_core.package_identification:_identify(src/mml_python_sim/__pycache__) by extensions ['colcon_meta']
[0.457s] Level 1:colcon.colcon_core.package_identification:_identify(src/mml_python_sim/__pycache__) by extension 'colcon_meta'
[0.457s] Level 1:colcon.colcon_core.package_identification:_identify(src/mml_python_sim/__pycache__) by extensions ['ros']
[0.457s] Level 1:colcon.colcon_core.package_identification:_identify(src/mml_python_sim/__pycache__) by extension 'ros'
[0.457s] Level 1:colcon.colcon_core.package_identification:_identify(src/mml_python_sim/__pycache__) by extensions ['cmake', 'python']
[0.457s] Level 1:colcon.colcon_core.package_identification:_identify(src/mml_python_sim/__pycache__) by extension 'cmake'
[0.457s] Level 1:colcon.colcon_core.package_identification:_identify(src/mml_python_sim/__pycache__) by extension 'python'
[0.457s] Level 1:colcon.colcon_core.package_identification:_identify(src/mml_python_sim/__pycache__) by extensions ['python_setup_py']
[0.457s] Level 1:colcon.colcon_core.package_identification:_identify(src/mml_python_sim/__pycache__) by extension 'python_setup_py'
[0.457s] Level 1:colcon.colcon_core.package_identification:_identify(src/mml_python_sim/adp) by extensions ['ignore', 'ignore_ament_install']
[0.457s] Level 1:colcon.colcon_core.package_identification:_identify(src/mml_python_sim/adp) by extension 'ignore'
[0.457s] Level 1:colcon.colcon_core.package_identification:_identify(src/mml_python_sim/adp) ignored
[0.458s] Level 1:colcon.colcon_core.package_identification:_identify(src/mml_python_sim/build) by extensions ['ignore', 'ignore_ament_install']
[0.458s] Level 1:colcon.colcon_core.package_identification:_identify(src/mml_python_sim/build) by extension 'ignore'
[0.458s] Level 1:colcon.colcon_core.package_identification:_identify(src/mml_python_sim/build) ignored
[0.458s] Level 1:colcon.colcon_core.package_identification:_identify(src/mml_python_sim/env_images) by extensions ['ignore', 'ignore_ament_install']
[0.458s] Level 1:colcon.colcon_core.package_identification:_identify(src/mml_python_sim/env_images) by extension 'ignore'
[0.458s] Level 1:colcon.colcon_core.package_identification:_identify(src/mml_python_sim/env_images) ignored
[0.458s] Level 1:colcon.colcon_core.package_identification:_identify(src/mml_python_sim/environments) by extensions ['ignore', 'ignore_ament_install']
[0.458s] Level 1:colcon.colcon_core.package_identification:_identify(src/mml_python_sim/environments) by extension 'ignore'
[0.458s] Level 1:colcon.colcon_core.package_identification:_identify(src/mml_python_sim/environments) ignored
[0.459s] Level 1:colcon.colcon_core.package_identification:_identify(src/mml_python_sim/install) by extensions ['ignore', 'ignore_ament_install']
[0.459s] Level 1:colcon.colcon_core.package_identification:_identify(src/mml_python_sim/install) by extension 'ignore'
[0.459s] Level 1:colcon.colcon_core.package_identification:_identify(src/mml_python_sim/install) ignored
[0.459s] Level 1:colcon.colcon_core.package_identification:_identify(src/mml_python_sim/log) by extensions ['ignore', 'ignore_ament_install']
[0.459s] Level 1:colcon.colcon_core.package_identification:_identify(src/mml_python_sim/log) by extension 'ignore'
[0.459s] Level 1:colcon.colcon_core.package_identification:_identify(src/mml_python_sim/log) ignored
[0.459s] Level 1:colcon.colcon_core.package_identification:_identify(src/mml_python_sim/logs) by extensions ['ignore', 'ignore_ament_install']
[0.459s] Level 1:colcon.colcon_core.package_identification:_identify(src/mml_python_sim/logs) by extension 'ignore'
[0.460s] Level 1:colcon.colcon_core.package_identification:_identify(src/mml_python_sim/logs) by extension 'ignore_ament_install'
[0.460s] Level 1:colcon.colcon_core.package_identification:_identify(src/mml_python_sim/logs) by extensions ['colcon_pkg']
[0.460s] Level 1:colcon.colcon_core.package_identification:_identify(src/mml_python_sim/logs) by extension 'colcon_pkg'
[0.460s] Level 1:colcon.colcon_core.package_identification:_identify(src/mml_python_sim/logs) by extensions ['colcon_meta']
[0.460s] Level 1:colcon.colcon_core.package_identification:_identify(src/mml_python_sim/logs) by extension 'colcon_meta'
[0.460s] Level 1:colcon.colcon_core.package_identification:_identify(src/mml_python_sim/logs) by extensions ['ros']
[0.460s] Level 1:colcon.colcon_core.package_identification:_identify(src/mml_python_sim/logs) by extension 'ros'
[0.460s] Level 1:colcon.colcon_core.package_identification:_identify(src/mml_python_sim/logs) by extensions ['cmake', 'python']
[0.460s] Level 1:colcon.colcon_core.package_identification:_identify(src/mml_python_sim/logs) by extension 'cmake'
[0.460s] Level 1:colcon.colcon_core.package_identification:_identify(src/mml_python_sim/logs) by extension 'python'
[0.460s] Level 1:colcon.colcon_core.package_identification:_identify(src/mml_python_sim/logs) by extensions ['python_setup_py']
[0.461s] Level 1:colcon.colcon_core.package_identification:_identify(src/mml_python_sim/logs) by extension 'python_setup_py'
[0.461s] Level 1:colcon.colcon_core.package_identification:_identify(src/mml_python_sim/logs_recurrent) by extensions ['ignore', 'ignore_ament_install']
[0.461s] Level 1:colcon.colcon_core.package_identification:_identify(src/mml_python_sim/logs_recurrent) by extension 'ignore'
[0.461s] Level 1:colcon.colcon_core.package_identification:_identify(src/mml_python_sim/logs_recurrent) by extension 'ignore_ament_install'
[0.461s] Level 1:colcon.colcon_core.package_identification:_identify(src/mml_python_sim/logs_recurrent) by extensions ['colcon_pkg']
[0.461s] Level 1:colcon.colcon_core.package_identification:_identify(src/mml_python_sim/logs_recurrent) by extension 'colcon_pkg'
[0.461s] Level 1:colcon.colcon_core.package_identification:_identify(src/mml_python_sim/logs_recurrent) by extensions ['colcon_meta']
[0.461s] Level 1:colcon.colcon_core.package_identification:_identify(src/mml_python_sim/logs_recurrent) by extension 'colcon_meta'
[0.461s] Level 1:colcon.colcon_core.package_identification:_identify(src/mml_python_sim/logs_recurrent) by extensions ['ros']
[0.462s] Level 1:colcon.colcon_core.package_identification:_identify(src/mml_python_sim/logs_recurrent) by extension 'ros'
[0.462s] Level 1:colcon.colcon_core.package_identification:_identify(src/mml_python_sim/logs_recurrent) by extensions ['cmake', 'python']
[0.462s] Level 1:colcon.colcon_core.package_identification:_identify(src/mml_python_sim/logs_recurrent) by extension 'cmake'
[0.462s] Level 1:colcon.colcon_core.package_identification:_identify(src/mml_python_sim/logs_recurrent) by extension 'python'
[0.462s] Level 1:colcon.colcon_core.package_identification:_identify(src/mml_python_sim/logs_recurrent) by extensions ['python_setup_py']
[0.462s] Level 1:colcon.colcon_core.package_identification:_identify(src/mml_python_sim/logs_recurrent) by extension 'python_setup_py'
[0.462s] Level 1:colcon.colcon_core.package_identification:_identify(src/mml_python_sim/models) by extensions ['ignore', 'ignore_ament_install']
[0.462s] Level 1:colcon.colcon_core.package_identification:_identify(src/mml_python_sim/models) by extension 'ignore'
[0.462s] Level 1:colcon.colcon_core.package_identification:_identify(src/mml_python_sim/models) ignored
[0.463s] Level 1:colcon.colcon_core.package_identification:_identify(src/mml_python_sim/models_offline) by extensions ['ignore', 'ignore_ament_install']
[0.463s] Level 1:colcon.colcon_core.package_identification:_identify(src/mml_python_sim/models_offline) by extension 'ignore'
[0.463s] Level 1:colcon.colcon_core.package_identification:_identify(src/mml_python_sim/models_offline) ignored
[0.463s] Level 1:colcon.colcon_core.package_identification:_identify(src/mml_python_sim/models_recurrent) by extensions ['ignore', 'ignore_ament_install']
[0.463s] Level 1:colcon.colcon_core.package_identification:_identify(src/mml_python_sim/models_recurrent) by extension 'ignore'
[0.463s] Level 1:colcon.colcon_core.package_identification:_identify(src/mml_python_sim/models_recurrent) ignored
[0.464s] Level 1:colcon.colcon_core.package_identification:_identify(src/mml_python_sim/pdf_resource) by extensions ['ignore', 'ignore_ament_install']
[0.464s] Level 1:colcon.colcon_core.package_identification:_identify(src/mml_python_sim/pdf_resource) by extension 'ignore'
[0.464s] Level 1:colcon.colcon_core.package_identification:_identify(src/mml_python_sim/pdf_resource) ignored
[0.464s] Level 1:colcon.colcon_core.package_identification:_identify(src/mml_python_sim/scripts) by extensions ['ignore', 'ignore_ament_install']
[0.464s] Level 1:colcon.colcon_core.package_identification:_identify(src/mml_python_sim/scripts) by extension 'ignore'
[0.464s] Level 1:colcon.colcon_core.package_identification:_identify(src/mml_python_sim/scripts) ignored
[0.464s] Level 1:colcon.colcon_core.package_identification:_identify(src/mml_python_sim/simulation_utils) by extensions ['ignore', 'ignore_ament_install']
[0.465s] Level 1:colcon.colcon_core.package_identification:_identify(src/mml_python_sim/simulation_utils) by extension 'ignore'
[0.465s] Level 1:colcon.colcon_core.package_identification:_identify(src/mml_python_sim/simulation_utils) ignored
[0.465s] Level 1:colcon.colcon_core.package_identification:_identify(src/mml_python_sim/src) by extensions ['ignore', 'ignore_ament_install']
[0.465s] Level 1:colcon.colcon_core.package_identification:_identify(src/mml_python_sim/src) by extension 'ignore'
[0.465s] Level 1:colcon.colcon_core.package_identification:_identify(src/mml_python_sim/src) by extension 'ignore_ament_install'
[0.465s] Level 1:colcon.colcon_core.package_identification:_identify(src/mml_python_sim/src) by extensions ['colcon_pkg']
[0.465s] Level 1:colcon.colcon_core.package_identification:_identify(src/mml_python_sim/src) by extension 'colcon_pkg'
[0.465s] Level 1:colcon.colcon_core.package_identification:_identify(src/mml_python_sim/src) by extensions ['colcon_meta']
[0.465s] Level 1:colcon.colcon_core.package_identification:_identify(src/mml_python_sim/src) by extension 'colcon_meta'
[0.466s] Level 1:colcon.colcon_core.package_identification:_identify(src/mml_python_sim/src) by extensions ['ros']
[0.466s] Level 1:colcon.colcon_core.package_identification:_identify(src/mml_python_sim/src) by extension 'ros'
[0.466s] Level 1:colcon.colcon_core.package_identification:_identify(src/mml_python_sim/src) by extensions ['cmake', 'python']
[0.466s] Level 1:colcon.colcon_core.package_identification:_identify(src/mml_python_sim/src) by extension 'cmake'
[0.466s] Level 1:colcon.colcon_core.package_identification:_identify(src/mml_python_sim/src) by extension 'python'
[0.466s] Level 1:colcon.colcon_core.package_identification:_identify(src/mml_python_sim/src) by extensions ['python_setup_py']
[0.466s] Level 1:colcon.colcon_core.package_identification:_identify(src/mml_python_sim/src) by extension 'python_setup_py'
[0.466s] Level 1:colcon.colcon_core.package_identification:_identify(src/mml_python_sim/src/mml_guidance) by extensions ['ignore', 'ignore_ament_install']
[0.467s] Level 1:colcon.colcon_core.package_identification:_identify(src/mml_python_sim/src/mml_guidance) by extension 'ignore'
[0.467s] Level 1:colcon.colcon_core.package_identification:_identify(src/mml_python_sim/src/mml_guidance) by extension 'ignore_ament_install'
[0.467s] Level 1:colcon.colcon_core.package_identification:_identify(src/mml_python_sim/src/mml_guidance) by extensions ['colcon_pkg']
[0.467s] Level 1:colcon.colcon_core.package_identification:_identify(src/mml_python_sim/src/mml_guidance) by extension 'colcon_pkg'
[0.467s] Level 1:colcon.colcon_core.package_identification:_identify(src/mml_python_sim/src/mml_guidance) by extensions ['colcon_meta']
[0.467s] Level 1:colcon.colcon_core.package_identification:_identify(src/mml_python_sim/src/mml_guidance) by extension 'colcon_meta'
[0.467s] Level 1:colcon.colcon_core.package_identification:_identify(src/mml_python_sim/src/mml_guidance) by extensions ['ros']
[0.467s] Level 1:colcon.colcon_core.package_identification:_identify(src/mml_python_sim/src/mml_guidance) by extension 'ros'
[0.468s] DEBUG:colcon.colcon_core.package_identification:Package 'src/mml_python_sim/src/mml_guidance' with type 'ros.ament_python' and name 'mml_guidance'
[0.468s] Level 1:colcon.colcon_core.package_identification:_identify(src/mml_python_sim/training) by extensions ['ignore', 'ignore_ament_install']
[0.468s] Level 1:colcon.colcon_core.package_identification:_identify(src/mml_python_sim/training) by extension 'ignore'
[0.468s] Level 1:colcon.colcon_core.package_identification:_identify(src/mml_python_sim/training) ignored
[0.469s] Level 1:colcon.colcon_core.package_identification:_identify(src/sjtu_drone) by extensions ['ignore', 'ignore_ament_install']
[0.469s] Level 1:colcon.colcon_core.package_identification:_identify(src/sjtu_drone) by extension 'ignore'
[0.469s] Level 1:colcon.colcon_core.package_identification:_identify(src/sjtu_drone) by extension 'ignore_ament_install'
[0.469s] Level 1:colcon.colcon_core.package_identification:_identify(src/sjtu_drone) by extensions ['colcon_pkg']
[0.469s] Level 1:colcon.colcon_core.package_identification:_identify(src/sjtu_drone) by extension 'colcon_pkg'
[0.469s] Level 1:colcon.colcon_core.package_identification:_identify(src/sjtu_drone) by extensions ['colcon_meta']
[0.469s] Level 1:colcon.colcon_core.package_identification:_identify(src/sjtu_drone) by extension 'colcon_meta'
[0.469s] Level 1:colcon.colcon_core.package_identification:_identify(src/sjtu_drone) by extensions ['ros']
[0.469s] Level 1:colcon.colcon_core.package_identification:_identify(src/sjtu_drone) by extension 'ros'
[0.470s] Level 1:colcon.colcon_core.package_identification:_identify(src/sjtu_drone) by extensions ['cmake', 'python']
[0.470s] Level 1:colcon.colcon_core.package_identification:_identify(src/sjtu_drone) by extension 'cmake'
[0.470s] Level 1:colcon.colcon_core.package_identification:_identify(src/sjtu_drone) by extension 'python'
[0.470s] Level 1:colcon.colcon_core.package_identification:_identify(src/sjtu_drone) by extensions ['python_setup_py']
[0.470s] Level 1:colcon.colcon_core.package_identification:_identify(src/sjtu_drone) by extension 'python_setup_py'
[0.470s] Level 1:colcon.colcon_core.package_identification:_identify(src/sjtu_drone/imgs) by extensions ['ignore', 'ignore_ament_install']
[0.470s] Level 1:colcon.colcon_core.package_identification:_identify(src/sjtu_drone/imgs) by extension 'ignore'
[0.470s] Level 1:colcon.colcon_core.package_identification:_identify(src/sjtu_drone/imgs) by extension 'ignore_ament_install'
[0.470s] Level 1:colcon.colcon_core.package_identification:_identify(src/sjtu_drone/imgs) by extensions ['colcon_pkg']
[0.470s] Level 1:colcon.colcon_core.package_identification:_identify(src/sjtu_drone/imgs) by extension 'colcon_pkg'
[0.471s] Level 1:colcon.colcon_core.package_identification:_identify(src/sjtu_drone/imgs) by extensions ['colcon_meta']
[0.471s] Level 1:colcon.colcon_core.package_identification:_identify(src/sjtu_drone/imgs) by extension 'colcon_meta'
[0.471s] Level 1:colcon.colcon_core.package_identification:_identify(src/sjtu_drone/imgs) by extensions ['ros']
[0.471s] Level 1:colcon.colcon_core.package_identification:_identify(src/sjtu_drone/imgs) by extension 'ros'
[0.471s] Level 1:colcon.colcon_core.package_identification:_identify(src/sjtu_drone/imgs) by extensions ['cmake', 'python']
[0.471s] Level 1:colcon.colcon_core.package_identification:_identify(src/sjtu_drone/imgs) by extension 'cmake'
[0.471s] Level 1:colcon.colcon_core.package_identification:_identify(src/sjtu_drone/imgs) by extension 'python'
[0.471s] Level 1:colcon.colcon_core.package_identification:_identify(src/sjtu_drone/imgs) by extensions ['python_setup_py']
[0.471s] Level 1:colcon.colcon_core.package_identification:_identify(src/sjtu_drone/imgs) by extension 'python_setup_py'
[0.471s] Level 1:colcon.colcon_core.package_identification:_identify(src/sjtu_drone/sjtu_drone_bringup) by extensions ['ignore', 'ignore_ament_install']
[0.472s] Level 1:colcon.colcon_core.package_identification:_identify(src/sjtu_drone/sjtu_drone_bringup) by extension 'ignore'
[0.472s] Level 1:colcon.colcon_core.package_identification:_identify(src/sjtu_drone/sjtu_drone_bringup) by extension 'ignore_ament_install'
[0.472s] Level 1:colcon.colcon_core.package_identification:_identify(src/sjtu_drone/sjtu_drone_bringup) by extensions ['colcon_pkg']
[0.472s] Level 1:colcon.colcon_core.package_identification:_identify(src/sjtu_drone/sjtu_drone_bringup) by extension 'colcon_pkg'
[0.472s] Level 1:colcon.colcon_core.package_identification:_identify(src/sjtu_drone/sjtu_drone_bringup) by extensions ['colcon_meta']
[0.472s] Level 1:colcon.colcon_core.package_identification:_identify(src/sjtu_drone/sjtu_drone_bringup) by extension 'colcon_meta'
[0.472s] Level 1:colcon.colcon_core.package_identification:_identify(src/sjtu_drone/sjtu_drone_bringup) by extensions ['ros']
[0.472s] Level 1:colcon.colcon_core.package_identification:_identify(src/sjtu_drone/sjtu_drone_bringup) by extension 'ros'
[0.474s] DEBUG:colcon.colcon_core.package_identification:Package 'src/sjtu_drone/sjtu_drone_bringup' with type 'ros.ament_python' and name 'sjtu_drone_bringup'
[0.475s] Level 1:colcon.colcon_core.package_identification:_identify(src/sjtu_drone/sjtu_drone_control) by extensions ['ignore', 'ignore_ament_install']
[0.475s] Level 1:colcon.colcon_core.package_identification:_identify(src/sjtu_drone/sjtu_drone_control) by extension 'ignore'
[0.475s] Level 1:colcon.colcon_core.package_identification:_identify(src/sjtu_drone/sjtu_drone_control) by extension 'ignore_ament_install'
[0.475s] Level 1:colcon.colcon_core.package_identification:_identify(src/sjtu_drone/sjtu_drone_control) by extensions ['colcon_pkg']
[0.475s] Level 1:colcon.colcon_core.package_identification:_identify(src/sjtu_drone/sjtu_drone_control) by extension 'colcon_pkg'
[0.475s] Level 1:colcon.colcon_core.package_identification:_identify(src/sjtu_drone/sjtu_drone_control) by extensions ['colcon_meta']
[0.475s] Level 1:colcon.colcon_core.package_identification:_identify(src/sjtu_drone/sjtu_drone_control) by extension 'colcon_meta'
[0.475s] Level 1:colcon.colcon_core.package_identification:_identify(src/sjtu_drone/sjtu_drone_control) by extensions ['ros']
[0.475s] Level 1:colcon.colcon_core.package_identification:_identify(src/sjtu_drone/sjtu_drone_control) by extension 'ros'
[0.477s] DEBUG:colcon.colcon_core.package_identification:Package 'src/sjtu_drone/sjtu_drone_control' with type 'ros.ament_python' and name 'sjtu_drone_control'
[0.477s] Level 1:colcon.colcon_core.package_identification:_identify(src/sjtu_drone/sjtu_drone_description) by extensions ['ignore', 'ignore_ament_install']
[0.478s] Level 1:colcon.colcon_core.package_identification:_identify(src/sjtu_drone/sjtu_drone_description) by extension 'ignore'
[0.478s] Level 1:colcon.colcon_core.package_identification:_identify(src/sjtu_drone/sjtu_drone_description) by extension 'ignore_ament_install'
[0.478s] Level 1:colcon.colcon_core.package_identification:_identify(src/sjtu_drone/sjtu_drone_description) by extensions ['colcon_pkg']
[0.478s] Level 1:colcon.colcon_core.package_identification:_identify(src/sjtu_drone/sjtu_drone_description) by extension 'colcon_pkg'
[0.478s] Level 1:colcon.colcon_core.package_identification:_identify(src/sjtu_drone/sjtu_drone_description) by extensions ['colcon_meta']
[0.478s] Level 1:colcon.colcon_core.package_identification:_identify(src/sjtu_drone/sjtu_drone_description) by extension 'colcon_meta'
[0.478s] Level 1:colcon.colcon_core.package_identification:_identify(src/sjtu_drone/sjtu_drone_description) by extensions ['ros']
[0.478s] Level 1:colcon.colcon_core.package_identification:_identify(src/sjtu_drone/sjtu_drone_description) by extension 'ros'
[0.479s] DEBUG:colcon.colcon_core.package_identification:Package 'src/sjtu_drone/sjtu_drone_description' with type 'ros.ament_cmake' and name 'sjtu_drone_description'
[0.479s] Level 1:colcon.colcon_core.package_discovery:discover_packages(recursive) using defaults
[0.480s] Level 1:colcon.colcon_core.package_discovery:discover_packages(ignore) discover
[0.480s] Level 1:colcon.colcon_core.package_discovery:discover_packages(ignore) using defaults
[0.480s] Level 1:colcon.colcon_core.package_discovery:discover_packages(path) discover
[0.480s] Level 1:colcon.colcon_core.package_discovery:discover_packages(path) using defaults
[0.508s] INFO:colcon.colcon_core.package_selection:Skipping not selected package 'drive_drone' in 'src/drive_drone'
[0.508s] INFO:colcon.colcon_core.package_selection:Skipping not selected package 'mml_guidance' in 'src/mml_python_sim/src/mml_guidance'
[0.509s] Level 5:colcon.colcon_core.verb:set package 'sjtu_drone_bringup' build argument 'cmake_args' from command line to 'None'
[0.509s] Level 5:colcon.colcon_core.verb:set package 'sjtu_drone_bringup' build argument 'cmake_target' from command line to 'None'
[0.509s] Level 5:colcon.colcon_core.verb:set package 'sjtu_drone_bringup' build argument 'cmake_target_skip_unavailable' from command line to 'False'
[0.509s] Level 5:colcon.colcon_core.verb:set package 'sjtu_drone_bringup' build argument 'cmake_clean_cache' from command line to 'False'
[0.509s] Level 5:colcon.colcon_core.verb:set package 'sjtu_drone_bringup' build argument 'cmake_clean_first' from command line to 'False'
[0.509s] Level 5:colcon.colcon_core.verb:set package 'sjtu_drone_bringup' build argument 'cmake_force_configure' from command line to 'False'
[0.509s] Level 5:colcon.colcon_core.verb:set package 'sjtu_drone_bringup' build argument 'ament_cmake_args' from command line to 'None'
[0.509s] Level 5:colcon.colcon_core.verb:set package 'sjtu_drone_bringup' build argument 'catkin_cmake_args' from command line to 'None'
[0.509s] Level 5:colcon.colcon_core.verb:set package 'sjtu_drone_bringup' build argument 'catkin_skip_building_tests' from command line to 'False'
[0.509s] DEBUG:colcon.colcon_core.verb:Building package 'sjtu_drone_bringup' with the following arguments: {'ament_cmake_args': None, 'build_base': '/home/user/PPO_drone_Gazebo_ROS2/build/sjtu_drone_bringup', 'catkin_cmake_args': None, 'catkin_skip_building_tests': False, 'cmake_args': None, 'cmake_clean_cache': False, 'cmake_clean_first': False, 'cmake_force_configure': False, 'cmake_target': None, 'cmake_target_skip_unavailable': False, 'install_base': '/home/user/PPO_drone_Gazebo_ROS2/install/sjtu_drone_bringup', 'merge_install': False, 'path': '/home/user/PPO_drone_Gazebo_ROS2/src/sjtu_drone/sjtu_drone_bringup', 'symlink_install': False, 'test_result_base': None}
[0.510s] Level 5:colcon.colcon_core.verb:set package 'sjtu_drone_control' build argument 'cmake_args' from command line to 'None'
[0.510s] Level 5:colcon.colcon_core.verb:set package 'sjtu_drone_control' build argument 'cmake_target' from command line to 'None'
[0.510s] Level 5:colcon.colcon_core.verb:set package 'sjtu_drone_control' build argument 'cmake_target_skip_unavailable' from command line to 'False'
[0.510s] Level 5:colcon.colcon_core.verb:set package 'sjtu_drone_control' build argument 'cmake_clean_cache' from command line to 'False'
[0.510s] Level 5:colcon.colcon_core.verb:set package 'sjtu_drone_control' build argument 'cmake_clean_first' from command line to 'False'
[0.510s] Level 5:colcon.colcon_core.verb:set package 'sjtu_drone_control' build argument 'cmake_force_configure' from command line to 'False'
[0.510s] Level 5:colcon.colcon_core.verb:set package 'sjtu_drone_control' build argument 'ament_cmake_args' from command line to 'None'
[0.510s] Level 5:colcon.colcon_core.verb:set package 'sjtu_drone_control' build argument 'catkin_cmake_args' from command line to 'None'
[0.510s] Level 5:colcon.colcon_core.verb:set package 'sjtu_drone_control' build argument 'catkin_skip_building_tests' from command line to 'False'
[0.510s] DEBUG:colcon.colcon_core.verb:Building package 'sjtu_drone_control' with the following arguments: {'ament_cmake_args': None, 'build_base': '/home/user/PPO_drone_Gazebo_ROS2/build/sjtu_drone_control', 'catkin_cmake_args': None, 'catkin_skip_building_tests': False, 'cmake_args': None, 'cmake_clean_cache': False, 'cmake_clean_first': False, 'cmake_force_configure': False, 'cmake_target': None, 'cmake_target_skip_unavailable': False, 'install_base': '/home/user/PPO_drone_Gazebo_ROS2/install/sjtu_drone_control', 'merge_install': False, 'path': '/home/user/PPO_drone_Gazebo_ROS2/src/sjtu_drone/sjtu_drone_control', 'symlink_install': False, 'test_result_base': None}
[0.511s] Level 5:colcon.colcon_core.verb:set package 'sjtu_drone_description' build argument 'cmake_args' from command line to 'None'
[0.511s] Level 5:colcon.colcon_core.verb:set package 'sjtu_drone_description' build argument 'cmake_target' from command line to 'None'
[0.511s] Level 5:colcon.colcon_core.verb:set package 'sjtu_drone_description' build argument 'cmake_target_skip_unavailable' from command line to 'False'
[0.511s] Level 5:colcon.colcon_core.verb:set package 'sjtu_drone_description' build argument 'cmake_clean_cache' from command line to 'False'
[0.511s] Level 5:colcon.colcon_core.verb:set package 'sjtu_drone_description' build argument 'cmake_clean_first' from command line to 'False'
[0.511s] Level 5:colcon.colcon_core.verb:set package 'sjtu_drone_description' build argument 'cmake_force_configure' from command line to 'False'
[0.511s] Level 5:colcon.colcon_core.verb:set package 'sjtu_drone_description' build argument 'ament_cmake_args' from command line to 'None'
[0.511s] Level 5:colcon.colcon_core.verb:set package 'sjtu_drone_description' build argument 'catkin_cmake_args' from command line to 'None'
[0.511s] Level 5:colcon.colcon_core.verb:set package 'sjtu_drone_description' build argument 'catkin_skip_building_tests' from command line to 'False'
[0.511s] DEBUG:colcon.colcon_core.verb:Building package 'sjtu_drone_description' with the following arguments: {'ament_cmake_args': None, 'build_base': '/home/user/PPO_drone_Gazebo_ROS2/build/sjtu_drone_description', 'catkin_cmake_args': None, 'catkin_skip_building_tests': False, 'cmake_args': None, 'cmake_clean_cache': False, 'cmake_clean_first': False, 'cmake_force_configure': False, 'cmake_target': None, 'cmake_target_skip_unavailable': False, 'install_base': '/home/user/PPO_drone_Gazebo_ROS2/install/sjtu_drone_description', 'merge_install': False, 'path': '/home/user/PPO_drone_Gazebo_ROS2/src/sjtu_drone/sjtu_drone_description', 'symlink_install': False, 'test_result_base': None}
[0.512s] INFO:colcon.colcon_core.executor:Executing jobs using 'parallel' executor
[0.513s] DEBUG:colcon.colcon_parallel_executor.executor.parallel:run_until_complete
[0.513s] INFO:colcon.colcon_ros.task.ament_python.build:Building ROS package in '/home/user/PPO_drone_Gazebo_ROS2/src/sjtu_drone/sjtu_drone_bringup' with build type 'ament_python'
[0.513s] Level 1:colcon.colcon_core.shell:create_environment_hook('sjtu_drone_bringup', 'ament_prefix_path')
[0.517s] INFO:colcon.colcon_core.plugin_system:Skipping extension 'colcon_core.shell.bat': Not used on non-Windows systems
[0.518s] INFO:colcon.colcon_core.shell:Creating environment hook '/home/user/PPO_drone_Gazebo_ROS2/install/sjtu_drone_bringup/share/sjtu_drone_bringup/hook/ament_prefix_path.ps1'
[0.519s] INFO:colcon.colcon_core.shell:Creating environment descriptor '/home/user/PPO_drone_Gazebo_ROS2/install/sjtu_drone_bringup/share/sjtu_drone_bringup/hook/ament_prefix_path.dsv'
[0.520s] INFO:colcon.colcon_core.shell:Creating environment hook '/home/user/PPO_drone_Gazebo_ROS2/install/sjtu_drone_bringup/share/sjtu_drone_bringup/hook/ament_prefix_path.sh'
[0.521s] INFO:colcon.colcon_core.shell:Skip shell extension 'powershell' for command environment: Not usable outside of PowerShell
[0.522s] DEBUG:colcon.colcon_core.shell:Skip shell extension 'dsv' for command environment
[0.525s] WARNING:colcon.colcon_ros.prefix_path.ament:The path '/opt/ros/jazzy' in the environment variable AMENT_PREFIX_PATH doesn't exist
[0.526s] WARNING:colcon.colcon_ros.prefix_path.catkin:The path '/opt/ros/jazzy/opt/gz_sim_vendor' in the environment variable CMAKE_PREFIX_PATH doesn't exist
[0.526s] WARNING:colcon.colcon_ros.prefix_path.catkin:The path '/opt/ros/jazzy/opt/gz_sensors_vendor' in the environment variable CMAKE_PREFIX_PATH doesn't exist
[0.526s] WARNING:colcon.colcon_ros.prefix_path.catkin:The path '/opt/ros/jazzy/opt/gz_physics_vendor' in the environment variable CMAKE_PREFIX_PATH doesn't exist
[0.526s] WARNING:colcon.colcon_ros.prefix_path.catkin:The path '/opt/ros/jazzy/opt/sdformat_vendor' in the environment variable CMAKE_PREFIX_PATH doesn't exist
[0.526s] WARNING:colcon.colcon_ros.prefix_path.catkin:The path '/opt/ros/jazzy/opt/gz_gui_vendor' in the environment variable CMAKE_PREFIX_PATH doesn't exist
[0.526s] WARNING:colcon.colcon_ros.prefix_path.catkin:The path '/opt/ros/jazzy/opt/gz_transport_vendor' in the environment variable CMAKE_PREFIX_PATH doesn't exist
[0.526s] WARNING:colcon.colcon_ros.prefix_path.catkin:The path '/opt/ros/jazzy/opt/gz_rendering_vendor' in the environment variable CMAKE_PREFIX_PATH doesn't exist
[0.526s] WARNING:colcon.colcon_ros.prefix_path.catkin:The path '/opt/ros/jazzy/opt/gz_plugin_vendor' in the environment variable CMAKE_PREFIX_PATH doesn't exist
[0.526s] WARNING:colcon.colcon_ros.prefix_path.catkin:The path '/opt/ros/jazzy/opt/gz_fuel_tools_vendor' in the environment variable CMAKE_PREFIX_PATH doesn't exist
[0.527s] WARNING:colcon.colcon_ros.prefix_path.catkin:The path '/opt/ros/jazzy/opt/gz_msgs_vendor' in the environment variable CMAKE_PREFIX_PATH doesn't exist
[0.527s] WARNING:colcon.colcon_ros.prefix_path.catkin:The path '/opt/ros/jazzy/opt/gz_common_vendor' in the environment variable CMAKE_PREFIX_PATH doesn't exist
[0.527s] WARNING:colcon.colcon_ros.prefix_path.catkin:The path '/opt/ros/jazzy/opt/gz_math_vendor' in the environment variable CMAKE_PREFIX_PATH doesn't exist
[0.527s] WARNING:colcon.colcon_ros.prefix_path.catkin:The path '/opt/ros/jazzy/opt/gz_utils_vendor' in the environment variable CMAKE_PREFIX_PATH doesn't exist
[0.527s] WARNING:colcon.colcon_ros.prefix_path.catkin:The path '/opt/ros/jazzy/opt/gz_tools_vendor' in the environment variable CMAKE_PREFIX_PATH doesn't exist
[0.527s] WARNING:colcon.colcon_ros.prefix_path.catkin:The path '/opt/ros/jazzy/opt/gz_ogre_next_vendor' in the environment variable CMAKE_PREFIX_PATH doesn't exist
[0.527s] WARNING:colcon.colcon_ros.prefix_path.catkin:The path '/opt/ros/jazzy/opt/gz_dartsim_vendor' in the environment variable CMAKE_PREFIX_PATH doesn't exist
[0.527s] WARNING:colcon.colcon_ros.prefix_path.catkin:The path '/opt/ros/jazzy/opt/gz_cmake_vendor' in the environment variable CMAKE_PREFIX_PATH doesn't exist
[0.536s] INFO:colcon.colcon_ros.task.ament_python.build:Building ROS package in '/home/user/PPO_drone_Gazebo_ROS2/src/sjtu_drone/sjtu_drone_control' with build type 'ament_python'
[0.536s] Level 1:colcon.colcon_core.shell:create_environment_hook('sjtu_drone_control', 'ament_prefix_path')
[0.536s] INFO:colcon.colcon_core.shell:Creating environment hook '/home/user/PPO_drone_Gazebo_ROS2/install/sjtu_drone_control/share/sjtu_drone_control/hook/ament_prefix_path.ps1'
[0.537s] INFO:colcon.colcon_core.shell:Creating environment descriptor '/home/user/PPO_drone_Gazebo_ROS2/install/sjtu_drone_control/share/sjtu_drone_control/hook/ament_prefix_path.dsv'
[0.538s] INFO:colcon.colcon_core.shell:Creating environment hook '/home/user/PPO_drone_Gazebo_ROS2/install/sjtu_drone_control/share/sjtu_drone_control/hook/ament_prefix_path.sh'
[0.539s] INFO:colcon.colcon_core.shell:Skip shell extension 'powershell' for command environment: Not usable outside of PowerShell
[0.539s] DEBUG:colcon.colcon_core.shell:Skip shell extension 'dsv' for command environment
[0.546s] INFO:colcon.colcon_ros.task.ament_cmake.build:Building ROS package in '/home/user/PPO_drone_Gazebo_ROS2/src/sjtu_drone/sjtu_drone_description' with build type 'ament_cmake'
[0.547s] INFO:colcon.colcon_cmake.task.cmake.build:Building CMake package in '/home/user/PPO_drone_Gazebo_ROS2/src/sjtu_drone/sjtu_drone_description'
[0.547s] INFO:colcon.colcon_core.shell:Skip shell extension 'powershell' for command environment: Not usable outside of PowerShell
[0.547s] DEBUG:colcon.colcon_core.shell:Skip shell extension 'dsv' for command environment
[0.941s] INFO:colcon.colcon_core.task.python.build:Building Python package in '/home/user/PPO_drone_Gazebo_ROS2/src/sjtu_drone/sjtu_drone_bringup'
[0.941s] INFO:colcon.colcon_core.shell:Skip shell extension 'powershell' for command environment: Not usable outside of PowerShell
[0.941s] DEBUG:colcon.colcon_core.shell:Skip shell extension 'dsv' for command environment
[1.346s] INFO:colcon.colcon_core.task.python.build:Building Python package in '/home/user/PPO_drone_Gazebo_ROS2/src/sjtu_drone/sjtu_drone_control'
[1.347s] INFO:colcon.colcon_core.shell:Skip shell extension 'powershell' for command environment: Not usable outside of PowerShell
[1.347s] DEBUG:colcon.colcon_core.shell:Skip shell extension 'dsv' for command environment
[1.359s] DEBUG:colcon.colcon_core.event_handler.log_command:Invoking command in '/home/user/PPO_drone_Gazebo_ROS2/build/sjtu_drone_description': CMAKE_PREFIX_PATH=${CMAKE_PREFIX_PATH}:/home/user/PPO_drone_Gazebo_ROS2/install/sjtu_drone_control:/home/user/PPO_drone_Gazebo_ROS2/install/sjtu_drone_bringup:/home/user/PPO_drone_Gazebo_ROS2/install/mml_guidance:/opt/ros/humble:/opt/ros/jazzy /usr/bin/cmake /home/user/PPO_drone_Gazebo_ROS2/src/sjtu_drone/sjtu_drone_description -DCMAKE_INSTALL_PREFIX=/home/user/PPO_drone_Gazebo_ROS2/install/sjtu_drone_description
[2.080s] DEBUG:colcon.colcon_core.event_handler.log_command:Invoking command in '/home/user/PPO_drone_Gazebo_ROS2/build/sjtu_drone_bringup': PYTHONPATH=/home/user/PPO_drone_Gazebo_ROS2/build/sjtu_drone_bringup/prefix_override:/usr/lib/python3/dist-packages/colcon_core/task/python/colcon_distutils_commands:/home/user/PPO_drone_Gazebo_ROS2/install/sjtu_drone_bringup/lib/python3.10/site-packages:${PYTHONPATH} /usr/bin/python3 -W ignore:setup.py install is deprecated -W ignore:easy_install command is deprecated setup.py develop --uninstall --editable --build-directory /home/user/PPO_drone_Gazebo_ROS2/build/sjtu_drone_bringup/build
[2.103s] DEBUG:colcon.colcon_core.event_handler.log_command:Invoking command in '/home/user/PPO_drone_Gazebo_ROS2/build/sjtu_drone_control': PYTHONPATH=/home/user/PPO_drone_Gazebo_ROS2/build/sjtu_drone_control/prefix_override:/usr/lib/python3/dist-packages/colcon_core/task/python/colcon_distutils_commands:/home/user/PPO_drone_Gazebo_ROS2/install/sjtu_drone_control/lib/python3.10/site-packages:${PYTHONPATH} /usr/bin/python3 -W ignore:setup.py install is deprecated -W ignore:easy_install command is deprecated setup.py develop --uninstall --editable --build-directory /home/user/PPO_drone_Gazebo_ROS2/build/sjtu_drone_control/build
[2.878s] DEBUG:colcon.colcon_core.event_handler.log_command:Invoked command in '/home/user/PPO_drone_Gazebo_ROS2/build/sjtu_drone_bringup' returned '0': PYTHONPATH=/home/user/PPO_drone_Gazebo_ROS2/build/sjtu_drone_bringup/prefix_override:/usr/lib/python3/dist-packages/colcon_core/task/python/colcon_distutils_commands:/home/user/PPO_drone_Gazebo_ROS2/install/sjtu_drone_bringup/lib/python3.10/site-packages:${PYTHONPATH} /usr/bin/python3 -W ignore:setup.py install is deprecated -W ignore:easy_install command is deprecated setup.py develop --uninstall --editable --build-directory /home/user/PPO_drone_Gazebo_ROS2/build/sjtu_drone_bringup/build
[2.882s] DEBUG:colcon.colcon_core.event_handler.log_command:Invoking command in '/home/user/PPO_drone_Gazebo_ROS2/src/sjtu_drone/sjtu_drone_bringup': PYTHONPATH=/home/user/PPO_drone_Gazebo_ROS2/build/sjtu_drone_bringup/prefix_override:/usr/lib/python3/dist-packages/colcon_core/task/python/colcon_distutils_commands:/home/user/PPO_drone_Gazebo_ROS2/install/sjtu_drone_bringup/lib/python3.10/site-packages:${PYTHONPATH} /usr/bin/python3 -W ignore:setup.py install is deprecated -W ignore:easy_install command is deprecated setup.py egg_info --egg-base ../../../build/sjtu_drone_bringup build --build-base /home/user/PPO_drone_Gazebo_ROS2/build/sjtu_drone_bringup/build install --record /home/user/PPO_drone_Gazebo_ROS2/build/sjtu_drone_bringup/install.log --single-version-externally-managed install_data --force
[2.908s] DEBUG:colcon.colcon_core.event_handler.log_command:Invoked command in '/home/user/PPO_drone_Gazebo_ROS2/build/sjtu_drone_control' returned '0': PYTHONPATH=/home/user/PPO_drone_Gazebo_ROS2/build/sjtu_drone_control/prefix_override:/usr/lib/python3/dist-packages/colcon_core/task/python/colcon_distutils_commands:/home/user/PPO_drone_Gazebo_ROS2/install/sjtu_drone_control/lib/python3.10/site-packages:${PYTHONPATH} /usr/bin/python3 -W ignore:setup.py install is deprecated -W ignore:easy_install command is deprecated setup.py develop --uninstall --editable --build-directory /home/user/PPO_drone_Gazebo_ROS2/build/sjtu_drone_control/build
[2.910s] DEBUG:colcon.colcon_core.event_handler.log_command:Invoking command in '/home/user/PPO_drone_Gazebo_ROS2/src/sjtu_drone/sjtu_drone_control': PYTHONPATH=/home/user/PPO_drone_Gazebo_ROS2/build/sjtu_drone_control/prefix_override:/usr/lib/python3/dist-packages/colcon_core/task/python/colcon_distutils_commands:/home/user/PPO_drone_Gazebo_ROS2/install/sjtu_drone_control/lib/python3.10/site-packages:${PYTHONPATH} /usr/bin/python3 -W ignore:setup.py install is deprecated -W ignore:easy_install command is deprecated setup.py egg_info --egg-base ../../../build/sjtu_drone_control build --build-base /home/user/PPO_drone_Gazebo_ROS2/build/sjtu_drone_control/build install --record /home/user/PPO_drone_Gazebo_ROS2/build/sjtu_drone_control/install.log --single-version-externally-managed install_data --force
[3.412s] DEBUG:colcon.colcon_core.event_handler.log_command:Invoked command in '/home/user/PPO_drone_Gazebo_ROS2/src/sjtu_drone/sjtu_drone_bringup' returned '0': PYTHONPATH=/home/user/PPO_drone_Gazebo_ROS2/build/sjtu_drone_bringup/prefix_override:/usr/lib/python3/dist-packages/colcon_core/task/python/colcon_distutils_commands:/home/user/PPO_drone_Gazebo_ROS2/install/sjtu_drone_bringup/lib/python3.10/site-packages:${PYTHONPATH} /usr/bin/python3 -W ignore:setup.py install is deprecated -W ignore:easy_install command is deprecated setup.py egg_info --egg-base ../../../build/sjtu_drone_bringup build --build-base /home/user/PPO_drone_Gazebo_ROS2/build/sjtu_drone_bringup/build install --record /home/user/PPO_drone_Gazebo_ROS2/build/sjtu_drone_bringup/install.log --single-version-externally-managed install_data --force
[3.416s] Level 1:colcon.colcon_core.environment:checking '/home/user/PPO_drone_Gazebo_ROS2/install/sjtu_drone_bringup' for CMake module files
[3.417s] Level 1:colcon.colcon_core.environment:checking '/home/user/PPO_drone_Gazebo_ROS2/install/sjtu_drone_bringup' for CMake config files
[3.419s] Level 1:colcon.colcon_core.environment:checking '/home/user/PPO_drone_Gazebo_ROS2/install/sjtu_drone_bringup/lib'
[3.419s] Level 1:colcon.colcon_core.environment:checking '/home/user/PPO_drone_Gazebo_ROS2/install/sjtu_drone_bringup/bin'
[3.419s] Level 1:colcon.colcon_core.environment:checking '/home/user/PPO_drone_Gazebo_ROS2/install/sjtu_drone_bringup/lib/pkgconfig/sjtu_drone_bringup.pc'
[3.420s] Level 1:colcon.colcon_core.environment:checking '/home/user/PPO_drone_Gazebo_ROS2/install/sjtu_drone_bringup/lib/python3.10/site-packages'
[3.420s] Level 1:colcon.colcon_core.shell:create_environment_hook('sjtu_drone_bringup', 'pythonpath')
[3.420s] INFO:colcon.colcon_core.shell:Creating environment hook '/home/user/PPO_drone_Gazebo_ROS2/install/sjtu_drone_bringup/share/sjtu_drone_bringup/hook/pythonpath.ps1'
[3.423s] INFO:colcon.colcon_core.shell:Creating environment descriptor '/home/user/PPO_drone_Gazebo_ROS2/install/sjtu_drone_bringup/share/sjtu_drone_bringup/hook/pythonpath.dsv'
[3.427s] INFO:colcon.colcon_core.shell:Creating environment hook '/home/user/PPO_drone_Gazebo_ROS2/install/sjtu_drone_bringup/share/sjtu_drone_bringup/hook/pythonpath.sh'
[3.429s] Level 1:colcon.colcon_core.environment:checking '/home/user/PPO_drone_Gazebo_ROS2/install/sjtu_drone_bringup/bin'
[3.429s] Level 1:colcon.colcon_core.environment:create_environment_scripts_only(sjtu_drone_bringup)
[3.430s] INFO:colcon.colcon_core.shell:Creating package script '/home/user/PPO_drone_Gazebo_ROS2/install/sjtu_drone_bringup/share/sjtu_drone_bringup/package.ps1'
[3.432s] INFO:colcon.colcon_core.shell:Creating package descriptor '/home/user/PPO_drone_Gazebo_ROS2/install/sjtu_drone_bringup/share/sjtu_drone_bringup/package.dsv'
[3.433s] INFO:colcon.colcon_core.shell:Creating package script '/home/user/PPO_drone_Gazebo_ROS2/install/sjtu_drone_bringup/share/sjtu_drone_bringup/package.sh'
[3.436s] INFO:colcon.colcon_core.shell:Creating package script '/home/user/PPO_drone_Gazebo_ROS2/install/sjtu_drone_bringup/share/sjtu_drone_bringup/package.bash'
[3.437s] INFO:colcon.colcon_core.shell:Creating package script '/home/user/PPO_drone_Gazebo_ROS2/install/sjtu_drone_bringup/share/sjtu_drone_bringup/package.zsh'
[3.439s] Level 1:colcon.colcon_core.environment:create_file_with_runtime_dependencies(/home/user/PPO_drone_Gazebo_ROS2/install/sjtu_drone_bringup/share/colcon-core/packages/sjtu_drone_bringup)
[3.473s] Level 1:colcon.colcon_core.environment:checking '/home/user/PPO_drone_Gazebo_ROS2/install/sjtu_drone_control' for CMake module files
[3.474s] DEBUG:colcon.colcon_core.event_handler.log_command:Invoked command in '/home/user/PPO_drone_Gazebo_ROS2/src/sjtu_drone/sjtu_drone_control' returned '0': PYTHONPATH=/home/user/PPO_drone_Gazebo_ROS2/build/sjtu_drone_control/prefix_override:/usr/lib/python3/dist-packages/colcon_core/task/python/colcon_distutils_commands:/home/user/PPO_drone_Gazebo_ROS2/install/sjtu_drone_control/lib/python3.10/site-packages:${PYTHONPATH} /usr/bin/python3 -W ignore:setup.py install is deprecated -W ignore:easy_install command is deprecated setup.py egg_info --egg-base ../../../build/sjtu_drone_control build --build-base /home/user/PPO_drone_Gazebo_ROS2/build/sjtu_drone_control/build install --record /home/user/PPO_drone_Gazebo_ROS2/build/sjtu_drone_control/install.log --single-version-externally-managed install_data --force
[3.475s] Level 1:colcon.colcon_core.environment:checking '/home/user/PPO_drone_Gazebo_ROS2/install/sjtu_drone_control' for CMake config files
[3.476s] Level 1:colcon.colcon_core.environment:checking '/home/user/PPO_drone_Gazebo_ROS2/install/sjtu_drone_control/lib'
[3.476s] Level 1:colcon.colcon_core.environment:checking '/home/user/PPO_drone_Gazebo_ROS2/install/sjtu_drone_control/bin'
[3.476s] Level 1:colcon.colcon_core.environment:checking '/home/user/PPO_drone_Gazebo_ROS2/install/sjtu_drone_control/lib/pkgconfig/sjtu_drone_control.pc'
[3.477s] Level 1:colcon.colcon_core.environment:checking '/home/user/PPO_drone_Gazebo_ROS2/install/sjtu_drone_control/lib/python3.10/site-packages'
[3.477s] Level 1:colcon.colcon_core.shell:create_environment_hook('sjtu_drone_control', 'pythonpath')
[3.477s] INFO:colcon.colcon_core.shell:Creating environment hook '/home/user/PPO_drone_Gazebo_ROS2/install/sjtu_drone_control/share/sjtu_drone_control/hook/pythonpath.ps1'
[3.478s] INFO:colcon.colcon_core.shell:Creating environment descriptor '/home/user/PPO_drone_Gazebo_ROS2/install/sjtu_drone_control/share/sjtu_drone_control/hook/pythonpath.dsv'
[3.479s] INFO:colcon.colcon_core.shell:Creating environment hook '/home/user/PPO_drone_Gazebo_ROS2/install/sjtu_drone_control/share/sjtu_drone_control/hook/pythonpath.sh'
[3.481s] Level 1:colcon.colcon_core.environment:checking '/home/user/PPO_drone_Gazebo_ROS2/install/sjtu_drone_control/bin'
[3.481s] Level 1:colcon.colcon_core.environment:create_environment_scripts_only(sjtu_drone_control)
[3.481s] INFO:colcon.colcon_core.shell:Creating package script '/home/user/PPO_drone_Gazebo_ROS2/install/sjtu_drone_control/share/sjtu_drone_control/package.ps1'
[3.482s] INFO:colcon.colcon_core.shell:Creating package descriptor '/home/user/PPO_drone_Gazebo_ROS2/install/sjtu_drone_control/share/sjtu_drone_control/package.dsv'
[3.483s] INFO:colcon.colcon_core.shell:Creating package script '/home/user/PPO_drone_Gazebo_ROS2/install/sjtu_drone_control/share/sjtu_drone_control/package.sh'
[3.483s] INFO:colcon.colcon_core.shell:Creating package script '/home/user/PPO_drone_Gazebo_ROS2/install/sjtu_drone_control/share/sjtu_drone_control/package.bash'
[3.484s] INFO:colcon.colcon_core.shell:Creating package script '/home/user/PPO_drone_Gazebo_ROS2/install/sjtu_drone_control/share/sjtu_drone_control/package.zsh'
[3.484s] Level 1:colcon.colcon_core.environment:create_file_with_runtime_dependencies(/home/user/PPO_drone_Gazebo_ROS2/install/sjtu_drone_control/share/colcon-core/packages/sjtu_drone_control)
[5.135s] DEBUG:colcon.colcon_core.event_handler.log_command:Invoked command in '/home/user/PPO_drone_Gazebo_ROS2/build/sjtu_drone_description' returned '0': CMAKE_PREFIX_PATH=${CMAKE_PREFIX_PATH}:/home/user/PPO_drone_Gazebo_ROS2/install/sjtu_drone_control:/home/user/PPO_drone_Gazebo_ROS2/install/sjtu_drone_bringup:/home/user/PPO_drone_Gazebo_ROS2/install/mml_guidance:/opt/ros/humble:/opt/ros/jazzy /usr/bin/cmake /home/user/PPO_drone_Gazebo_ROS2/src/sjtu_drone/sjtu_drone_description -DCMAKE_INSTALL_PREFIX=/home/user/PPO_drone_Gazebo_ROS2/install/sjtu_drone_description
[5.141s] DEBUG:colcon.colcon_core.event_handler.log_command:Invoking command in '/home/user/PPO_drone_Gazebo_ROS2/build/sjtu_drone_description': CMAKE_PREFIX_PATH=${CMAKE_PREFIX_PATH}:/home/user/PPO_drone_Gazebo_ROS2/install/sjtu_drone_control:/home/user/PPO_drone_Gazebo_ROS2/install/sjtu_drone_bringup:/home/user/PPO_drone_Gazebo_ROS2/install/mml_guidance:/opt/ros/humble:/opt/ros/jazzy /usr/bin/cmake --build /home/user/PPO_drone_Gazebo_ROS2/build/sjtu_drone_description -- -j8 -l8
[5.503s] DEBUG:colcon.colcon_core.event_handler.log_command:Invoked command in '/home/user/PPO_drone_Gazebo_ROS2/build/sjtu_drone_description' returned '0': CMAKE_PREFIX_PATH=${CMAKE_PREFIX_PATH}:/home/user/PPO_drone_Gazebo_ROS2/install/sjtu_drone_control:/home/user/PPO_drone_Gazebo_ROS2/install/sjtu_drone_bringup:/home/user/PPO_drone_Gazebo_ROS2/install/mml_guidance:/opt/ros/humble:/opt/ros/jazzy /usr/bin/cmake --build /home/user/PPO_drone_Gazebo_ROS2/build/sjtu_drone_description -- -j8 -l8
[5.521s] DEBUG:colcon.colcon_core.event_handler.log_command:Invoking command in '/home/user/PPO_drone_Gazebo_ROS2/build/sjtu_drone_description': CMAKE_PREFIX_PATH=${CMAKE_PREFIX_PATH}:/home/user/PPO_drone_Gazebo_ROS2/install/sjtu_drone_control:/home/user/PPO_drone_Gazebo_ROS2/install/sjtu_drone_bringup:/home/user/PPO_drone_Gazebo_ROS2/install/mml_guidance:/opt/ros/humble:/opt/ros/jazzy /usr/bin/cmake --install /home/user/PPO_drone_Gazebo_ROS2/build/sjtu_drone_description
[5.572s] Level 1:colcon.colcon_core.environment:create_environment_scripts_only(sjtu_drone_description)
[5.573s] Level 1:colcon.colcon_core.environment:checking '/home/user/PPO_drone_Gazebo_ROS2/install/sjtu_drone_description' for CMake module files
[5.574s] DEBUG:colcon.colcon_core.event_handler.log_command:Invoked command in '/home/user/PPO_drone_Gazebo_ROS2/build/sjtu_drone_description' returned '0': CMAKE_PREFIX_PATH=${CMAKE_PREFIX_PATH}:/home/user/PPO_drone_Gazebo_ROS2/install/sjtu_drone_control:/home/user/PPO_drone_Gazebo_ROS2/install/sjtu_drone_bringup:/home/user/PPO_drone_Gazebo_ROS2/install/mml_guidance:/opt/ros/humble:/opt/ros/jazzy /usr/bin/cmake --install /home/user/PPO_drone_Gazebo_ROS2/build/sjtu_drone_description
[5.574s] Level 1:colcon.colcon_core.environment:checking '/home/user/PPO_drone_Gazebo_ROS2/install/sjtu_drone_description' for CMake config files
[5.576s] Level 1:colcon.colcon_core.shell:create_environment_hook('sjtu_drone_description', 'cmake_prefix_path')
[5.576s] INFO:colcon.colcon_core.shell:Creating environment hook '/home/user/PPO_drone_Gazebo_ROS2/install/sjtu_drone_description/share/sjtu_drone_description/hook/cmake_prefix_path.ps1'
[5.577s] INFO:colcon.colcon_core.shell:Creating environment descriptor '/home/user/PPO_drone_Gazebo_ROS2/install/sjtu_drone_description/share/sjtu_drone_description/hook/cmake_prefix_path.dsv'
[5.577s] INFO:colcon.colcon_core.shell:Creating environment hook '/home/user/PPO_drone_Gazebo_ROS2/install/sjtu_drone_description/share/sjtu_drone_description/hook/cmake_prefix_path.sh'
[5.578s] Level 1:colcon.colcon_core.environment:checking '/home/user/PPO_drone_Gazebo_ROS2/install/sjtu_drone_description/lib'
[5.578s] Level 1:colcon.colcon_core.shell:create_environment_hook('sjtu_drone_description', 'ld_library_path_lib')
[5.578s] INFO:colcon.colcon_core.shell:Creating environment hook '/home/user/PPO_drone_Gazebo_ROS2/install/sjtu_drone_description/share/sjtu_drone_description/hook/ld_library_path_lib.ps1'
[5.579s] INFO:colcon.colcon_core.shell:Creating environment descriptor '/home/user/PPO_drone_Gazebo_ROS2/install/sjtu_drone_description/share/sjtu_drone_description/hook/ld_library_path_lib.dsv'
[5.579s] INFO:colcon.colcon_core.shell:Creating environment hook '/home/user/PPO_drone_Gazebo_ROS2/install/sjtu_drone_description/share/sjtu_drone_description/hook/ld_library_path_lib.sh'
[5.580s] Level 1:colcon.colcon_core.environment:checking '/home/user/PPO_drone_Gazebo_ROS2/install/sjtu_drone_description/bin'
[5.580s] Level 1:colcon.colcon_core.environment:checking '/home/user/PPO_drone_Gazebo_ROS2/install/sjtu_drone_description/lib/pkgconfig/sjtu_drone_description.pc'
[5.580s] Level 1:colcon.colcon_core.environment:checking '/home/user/PPO_drone_Gazebo_ROS2/install/sjtu_drone_description/lib/python3.10/site-packages'
[5.581s] Level 1:colcon.colcon_core.environment:checking '/home/user/PPO_drone_Gazebo_ROS2/install/sjtu_drone_description/bin'
[5.581s] INFO:colcon.colcon_core.shell:Creating package script '/home/user/PPO_drone_Gazebo_ROS2/install/sjtu_drone_description/share/sjtu_drone_description/package.ps1'
[5.582s] INFO:colcon.colcon_core.shell:Creating package descriptor '/home/user/PPO_drone_Gazebo_ROS2/install/sjtu_drone_description/share/sjtu_drone_description/package.dsv'
[5.582s] INFO:colcon.colcon_core.shell:Creating package script '/home/user/PPO_drone_Gazebo_ROS2/install/sjtu_drone_description/share/sjtu_drone_description/package.sh'
[5.583s] INFO:colcon.colcon_core.shell:Creating package script '/home/user/PPO_drone_Gazebo_ROS2/install/sjtu_drone_description/share/sjtu_drone_description/package.bash'
[5.583s] INFO:colcon.colcon_core.shell:Creating package script '/home/user/PPO_drone_Gazebo_ROS2/install/sjtu_drone_description/share/sjtu_drone_description/package.zsh'
[5.584s] Level 1:colcon.colcon_core.environment:create_file_with_runtime_dependencies(/home/user/PPO_drone_Gazebo_ROS2/install/sjtu_drone_description/share/colcon-core/packages/sjtu_drone_description)
[5.586s] Level 1:colcon.colcon_core.environment:create_environment_scripts_only(sjtu_drone_description)
[5.587s] Level 1:colcon.colcon_core.environment:checking '/home/user/PPO_drone_Gazebo_ROS2/install/sjtu_drone_description' for CMake module files
[5.588s] Level 1:colcon.colcon_core.environment:checking '/home/user/PPO_drone_Gazebo_ROS2/install/sjtu_drone_description' for CMake config files
[5.589s] Level 1:colcon.colcon_core.shell:create_environment_hook('sjtu_drone_description', 'cmake_prefix_path')
[5.589s] INFO:colcon.colcon_core.shell:Creating environment hook '/home/user/PPO_drone_Gazebo_ROS2/install/sjtu_drone_description/share/sjtu_drone_description/hook/cmake_prefix_path.ps1'
[5.590s] INFO:colcon.colcon_core.shell:Creating environment descriptor '/home/user/PPO_drone_Gazebo_ROS2/install/sjtu_drone_description/share/sjtu_drone_description/hook/cmake_prefix_path.dsv'
[5.591s] INFO:colcon.colcon_core.shell:Creating environment hook '/home/user/PPO_drone_Gazebo_ROS2/install/sjtu_drone_description/share/sjtu_drone_description/hook/cmake_prefix_path.sh'
[5.591s] Level 1:colcon.colcon_core.environment:checking '/home/user/PPO_drone_Gazebo_ROS2/install/sjtu_drone_description/lib'
[5.591s] Level 1:colcon.colcon_core.shell:create_environment_hook('sjtu_drone_description', 'ld_library_path_lib')
[5.592s] INFO:colcon.colcon_core.shell:Creating environment hook '/home/user/PPO_drone_Gazebo_ROS2/install/sjtu_drone_description/share/sjtu_drone_description/hook/ld_library_path_lib.ps1'
[5.592s] INFO:colcon.colcon_core.shell:Creating environment descriptor '/home/user/PPO_drone_Gazebo_ROS2/install/sjtu_drone_description/share/sjtu_drone_description/hook/ld_library_path_lib.dsv'
[5.593s] INFO:colcon.colcon_core.shell:Creating environment hook '/home/user/PPO_drone_Gazebo_ROS2/install/sjtu_drone_description/share/sjtu_drone_description/hook/ld_library_path_lib.sh'
[5.593s] Level 1:colcon.colcon_core.environment:checking '/home/user/PPO_drone_Gazebo_ROS2/install/sjtu_drone_description/bin'
[5.593s] Level 1:colcon.colcon_core.environment:checking '/home/user/PPO_drone_Gazebo_ROS2/install/sjtu_drone_description/lib/pkgconfig/sjtu_drone_description.pc'
[5.594s] Level 1:colcon.colcon_core.environment:checking '/home/user/PPO_drone_Gazebo_ROS2/install/sjtu_drone_description/lib/python3.10/site-packages'
[5.594s] Level 1:colcon.colcon_core.environment:checking '/home/user/PPO_drone_Gazebo_ROS2/install/sjtu_drone_description/bin'
[5.594s] INFO:colcon.colcon_core.shell:Creating package script '/home/user/PPO_drone_Gazebo_ROS2/install/sjtu_drone_description/share/sjtu_drone_description/package.ps1'
[5.595s] INFO:colcon.colcon_core.shell:Creating package descriptor '/home/user/PPO_drone_Gazebo_ROS2/install/sjtu_drone_description/share/sjtu_drone_description/package.dsv'
[5.596s] INFO:colcon.colcon_core.shell:Creating package script '/home/user/PPO_drone_Gazebo_ROS2/install/sjtu_drone_description/share/sjtu_drone_description/package.sh'
[5.596s] INFO:colcon.colcon_core.shell:Creating package script '/home/user/PPO_drone_Gazebo_ROS2/install/sjtu_drone_description/share/sjtu_drone_description/package.bash'
[5.597s] INFO:colcon.colcon_core.shell:Creating package script '/home/user/PPO_drone_Gazebo_ROS2/install/sjtu_drone_description/share/sjtu_drone_description/package.zsh'
[5.598s] Level 1:colcon.colcon_core.environment:create_file_with_runtime_dependencies(/home/user/PPO_drone_Gazebo_ROS2/install/sjtu_drone_description/share/colcon-core/packages/sjtu_drone_description)
[5.598s] DEBUG:colcon.colcon_parallel_executor.executor.parallel:closing loop
[5.599s] DEBUG:colcon.colcon_parallel_executor.executor.parallel:loop closed
[5.599s] DEBUG:colcon.colcon_parallel_executor.executor.parallel:run_until_complete finished with '0'
[5.599s] DEBUG:colcon.colcon_core.event_reactor:joining thread
[5.610s] INFO:colcon.colcon_core.plugin_system:Skipping extension 'colcon_notification.desktop_notification.notify_send': Could not find 'notify-send'
[5.611s] INFO:colcon.colcon_core.plugin_system:Skipping extension 'colcon_notification.desktop_notification.terminal_notifier': Not used on non-Darwin systems
[5.611s] INFO:colcon.colcon_core.plugin_system:Skipping extension 'colcon_notification.desktop_notification.win32': Not used on non-Windows systems
[5.611s] INFO:colcon.colcon_notification.desktop_notification:Sending desktop notification using 'notify2'
[5.646s] DEBUG:colcon.colcon_core.event_reactor:joined thread
[5.647s] INFO:colcon.colcon_core.shell:Creating prefix script '/home/user/PPO_drone_Gazebo_ROS2/install/local_setup.ps1'
[5.648s] INFO:colcon.colcon_core.shell:Creating prefix util module '/home/user/PPO_drone_Gazebo_ROS2/install/_local_setup_util_ps1.py'
[5.651s] INFO:colcon.colcon_core.shell:Creating prefix chain script '/home/user/PPO_drone_Gazebo_ROS2/install/setup.ps1'
[5.654s] INFO:colcon.colcon_core.shell:Creating prefix script '/home/user/PPO_drone_Gazebo_ROS2/install/local_setup.sh'
[5.655s] INFO:colcon.colcon_core.shell:Creating prefix util module '/home/user/PPO_drone_Gazebo_ROS2/install/_local_setup_util_sh.py'
[5.656s] INFO:colcon.colcon_core.shell:Creating prefix chain script '/home/user/PPO_drone_Gazebo_ROS2/install/setup.sh'
[5.659s] INFO:colcon.colcon_core.shell:Creating prefix script '/home/user/PPO_drone_Gazebo_ROS2/install/local_setup.bash'
[5.661s] INFO:colcon.colcon_core.shell:Creating prefix chain script '/home/user/PPO_drone_Gazebo_ROS2/install/setup.bash'
[5.662s] INFO:colcon.colcon_core.shell:Creating prefix script '/home/user/PPO_drone_Gazebo_ROS2/install/local_setup.zsh'
[5.663s] INFO:colcon.colcon_core.shell:Creating prefix chain script '/home/user/PPO_drone_Gazebo_ROS2/install/setup.zsh'
